Archive member included to satisfy reference by file (symbol)

C:/ST/STM32CubeIDE_1.16.1/STM32CubeIDE/plugins/com.st.stm32cube.ide.mcu.externaltools.gnu-tools-for-stm32.12.3.rel1.win32_1.0.200.202406191623/tools/bin/../lib/gcc/arm-none-eabi/12.3.1/../../../../arm-none-eabi/lib/thumb/v7e-m+fp/hard\libm.a(libm_a-w_pow.o)
                              ./Core/Src/Filters.o (pow)
C:/ST/STM32CubeIDE_1.16.1/STM32CubeIDE/plugins/com.st.stm32cube.ide.mcu.externaltools.gnu-tools-for-stm32.12.3.rel1.win32_1.0.200.202406191623/tools/bin/../lib/gcc/arm-none-eabi/12.3.1/../../../../arm-none-eabi/lib/thumb/v7e-m+fp/hard\libm.a(libm_a-w_sqrt.o)
                              ./Core/Src/Filters.o (sqrt)
C:/ST/STM32CubeIDE_1.16.1/STM32CubeIDE/plugins/com.st.stm32cube.ide.mcu.externaltools.gnu-tools-for-stm32.12.3.rel1.win32_1.0.200.202406191623/tools/bin/../lib/gcc/arm-none-eabi/12.3.1/../../../../arm-none-eabi/lib/thumb/v7e-m+fp/hard\libm.a(libm_a-s_tan.o)
                              ./Core/Src/Filters.o (tan)
C:/ST/STM32CubeIDE_1.16.1/STM32CubeIDE/plugins/com.st.stm32cube.ide.mcu.externaltools.gnu-tools-for-stm32.12.3.rel1.win32_1.0.200.202406191623/tools/bin/../lib/gcc/arm-none-eabi/12.3.1/../../../../arm-none-eabi/lib/thumb/v7e-m+fp/hard\libm.a(libm_a-wf_sqrt.o)
                              ./Core/Src/Filters.o (sqrtf)
C:/ST/STM32CubeIDE_1.16.1/STM32CubeIDE/plugins/com.st.stm32cube.ide.mcu.externaltools.gnu-tools-for-stm32.12.3.rel1.win32_1.0.200.202406191623/tools/bin/../lib/gcc/arm-none-eabi/12.3.1/../../../../arm-none-eabi/lib/thumb/v7e-m+fp/hard\libm.a(libm_a-s_finite.o)
                              C:/ST/STM32CubeIDE_1.16.1/STM32CubeIDE/plugins/com.st.stm32cube.ide.mcu.externaltools.gnu-tools-for-stm32.12.3.rel1.win32_1.0.200.202406191623/tools/bin/../lib/gcc/arm-none-eabi/12.3.1/../../../../arm-none-eabi/lib/thumb/v7e-m+fp/hard\libm.a(libm_a-w_pow.o) (finite)
C:/ST/STM32CubeIDE_1.16.1/STM32CubeIDE/plugins/com.st.stm32cube.ide.mcu.externaltools.gnu-tools-for-stm32.12.3.rel1.win32_1.0.200.202406191623/tools/bin/../lib/gcc/arm-none-eabi/12.3.1/../../../../arm-none-eabi/lib/thumb/v7e-m+fp/hard\libm.a(libm_a-e_sqrt.o)
                              C:/ST/STM32CubeIDE_1.16.1/STM32CubeIDE/plugins/com.st.stm32cube.ide.mcu.externaltools.gnu-tools-for-stm32.12.3.rel1.win32_1.0.200.202406191623/tools/bin/../lib/gcc/arm-none-eabi/12.3.1/../../../../arm-none-eabi/lib/thumb/v7e-m+fp/hard\libm.a(libm_a-w_sqrt.o) (__ieee754_sqrt)
C:/ST/STM32CubeIDE_1.16.1/STM32CubeIDE/plugins/com.st.stm32cube.ide.mcu.externaltools.gnu-tools-for-stm32.12.3.rel1.win32_1.0.200.202406191623/tools/bin/../lib/gcc/arm-none-eabi/12.3.1/../../../../arm-none-eabi/lib/thumb/v7e-m+fp/hard\libm.a(libm_a-ef_sqrt.o)
                              C:/ST/STM32CubeIDE_1.16.1/STM32CubeIDE/plugins/com.st.stm32cube.ide.mcu.externaltools.gnu-tools-for-stm32.12.3.rel1.win32_1.0.200.202406191623/tools/bin/../lib/gcc/arm-none-eabi/12.3.1/../../../../arm-none-eabi/lib/thumb/v7e-m+fp/hard\libm.a(libm_a-wf_sqrt.o) (__ieee754_sqrtf)
C:/ST/STM32CubeIDE_1.16.1/STM32CubeIDE/plugins/com.st.stm32cube.ide.mcu.externaltools.gnu-tools-for-stm32.12.3.rel1.win32_1.0.200.202406191623/tools/bin/../lib/gcc/arm-none-eabi/12.3.1/../../../../arm-none-eabi/lib/thumb/v7e-m+fp/hard\libm.a(libm_a-k_tan.o)
                              C:/ST/STM32CubeIDE_1.16.1/STM32CubeIDE/plugins/com.st.stm32cube.ide.mcu.externaltools.gnu-tools-for-stm32.12.3.rel1.win32_1.0.200.202406191623/tools/bin/../lib/gcc/arm-none-eabi/12.3.1/../../../../arm-none-eabi/lib/thumb/v7e-m+fp/hard\libm.a(libm_a-s_tan.o) (__kernel_tan)
C:/ST/STM32CubeIDE_1.16.1/STM32CubeIDE/plugins/com.st.stm32cube.ide.mcu.externaltools.gnu-tools-for-stm32.12.3.rel1.win32_1.0.200.202406191623/tools/bin/../lib/gcc/arm-none-eabi/12.3.1/../../../../arm-none-eabi/lib/thumb/v7e-m+fp/hard\libm.a(libm_a-e_pow.o)
                              C:/ST/STM32CubeIDE_1.16.1/STM32CubeIDE/plugins/com.st.stm32cube.ide.mcu.externaltools.gnu-tools-for-stm32.12.3.rel1.win32_1.0.200.202406191623/tools/bin/../lib/gcc/arm-none-eabi/12.3.1/../../../../arm-none-eabi/lib/thumb/v7e-m+fp/hard\libm.a(libm_a-w_pow.o) (__ieee754_pow)
C:/ST/STM32CubeIDE_1.16.1/STM32CubeIDE/plugins/com.st.stm32cube.ide.mcu.externaltools.gnu-tools-for-stm32.12.3.rel1.win32_1.0.200.202406191623/tools/bin/../lib/gcc/arm-none-eabi/12.3.1/../../../../arm-none-eabi/lib/thumb/v7e-m+fp/hard\libm.a(libm_a-e_rem_pio2.o)
                              C:/ST/STM32CubeIDE_1.16.1/STM32CubeIDE/plugins/com.st.stm32cube.ide.mcu.externaltools.gnu-tools-for-stm32.12.3.rel1.win32_1.0.200.202406191623/tools/bin/../lib/gcc/arm-none-eabi/12.3.1/../../../../arm-none-eabi/lib/thumb/v7e-m+fp/hard\libm.a(libm_a-s_tan.o) (__ieee754_rem_pio2)
C:/ST/STM32CubeIDE_1.16.1/STM32CubeIDE/plugins/com.st.stm32cube.ide.mcu.externaltools.gnu-tools-for-stm32.12.3.rel1.win32_1.0.200.202406191623/tools/bin/../lib/gcc/arm-none-eabi/12.3.1/../../../../arm-none-eabi/lib/thumb/v7e-m+fp/hard\libm.a(libm_a-s_fabs.o)
[...]
Memory Configuration

Name             Origin             Length             Attributes
CCMRAM           0x10000000         0x00010000         xrw
RAM              0x20000000         0x00020000         xrw
FLASH            0x08000000         0x00100000         xr
*default*        0x00000000         0xffffffff

Linker script and memory map

LOAD C:/ST/STM32CubeIDE_1.16.1/STM32CubeIDE/plugins/com.st.stm32cube.ide.mcu.externaltools.gnu-tools-for-stm32.12.3.rel1.win32_1.0.200.202406191623/tools/bin/../lib/gcc/arm-none-eabi/12.3.1/thumb/v7e-m+fp/hard/crti.o
LOAD C:/ST/STM32CubeIDE_1.16.1/STM32CubeIDE/plugins/com.st.stm32cube.ide.mcu.externaltools.gnu-tools-for-stm32.12.3.rel1.win32_1.0.200.202406191623/tools/bin/../lib/gcc/arm-none-eabi/12.3.1/thumb/v7e-m+fp/hard/crtbegin.o
LOAD C:/ST/STM32CubeIDE_1.16.1/STM32CubeIDE/plugins/com.st.stm32cube.ide.mcu.externaltools.gnu-tools-for-stm32.12.3.rel1.win32_1.0.200.202406191623/tools/bin/../lib/gcc/arm-none-eabi/12.3.1/../../../../arm-none-eabi/lib/thumb/v7e-m+fp/hard/crt0.o
LOAD ./Core/Src/Filters.o
LOAD ./Core/Src/LinearRamp.o
LOAD ./Core/Src/TMC4671_API.o
LOAD ./Core/Src/TMC4671_controller.o
LOAD ./Core/Src/global_callbacks.o
LOAD ./Core/Src/gpio.o
LOAD ./Core/Src/main.o
LOAD ./Core/Src/spi.o
LOAD ./Core/Src/stm32f4xx_hal_msp.o
LOAD ./Core/Src/stm32f4xx_it.o
LOAD ./Core/Src/syscalls.o
LOAD ./Core/Src/sysmem.o
LOAD ./Core/Src/system_stm32f4xx.o
LOAD ./Core/Startup/startup_stm32f407vgtx.o
LOAD ./Drivers/STM32F4xx_HAL_Driver/Src/stm32f4xx_hal.o
LOAD ./Drivers/STM32F4xx_HAL_Driver/Src/stm32f4xx_hal_cortex.o
LOAD ./Drivers/STM32F4xx_HAL_Driver/Src/stm32f4xx_hal_dma.o
LOAD ./Drivers/STM32F4xx_HAL_Driver/Src/stm32f4xx_hal_dma_ex.o
LOAD ./Drivers/STM32F4xx_HAL_Driver/Src/stm32f4xx_hal_exti.o
LOAD ./Drivers/STM32F4xx_HAL_Driver/Src/stm32f4xx_hal_flash.o
LOAD ./Drivers/STM32F4xx_HAL_Driver/Src/stm32f4xx_hal_flash_ex.o
LOAD ./Drivers/STM32F4xx_HAL_Driver/Src/stm32f4xx_hal_flash_ramfunc.o
LOAD ./Drivers/STM32F4xx_HAL_Driver/Src/stm32f4xx_hal_gpio.o
LOAD ./Drivers/STM32F4xx_HAL_Driver/Src/stm32f4xx_hal_pcd.o
LOAD ./Drivers/STM32F4xx_HAL_Driver/Src/stm32f4xx_hal_pcd_ex.o
LOAD ./Drivers/STM32F4xx_HAL_Driver/Src/stm32f4xx_hal_pwr.o
LOAD ./Drivers/STM32F4xx_HAL_Driver/Src/stm32f4xx_hal_pwr_ex.o
LOAD ./Drivers/STM32F4xx_HAL_Driver/Src/stm32f4xx_hal_rcc.o
LOAD ./Drivers/STM32F4xx_HAL_Driver/Src/stm32f4xx_hal_rcc_ex.o
LOAD ./Drivers/STM32F4xx_HAL_Driver/Src/stm32f4xx_hal_spi.o
LOAD ./Drivers/STM32F4xx_HAL_Driver/Src/stm32f4xx_hal_tim.o
LOAD ./Drivers/STM32F4xx_HAL_Driver/Src/stm32f4xx_hal_tim_ex.o
LOAD ./Drivers/STM32F4xx_HAL_Driver/Src/stm32f4xx_ll_usb.o
LOAD ./Middlewares/ST/STM32_USB_Device_Library/Class/CustomHID/Src/usbd_customhid.o
LOAD ./Middlewares/ST/STM32_USB_Device_Library/Core/Src/usbd_core.o
LOAD ./Middlewares/ST/STM32_USB_Device_Library/Core/Src/usbd_ctlreq.o
LOAD ./Middlewares/ST/STM32_USB_Device_Library/Core/Src/usbd_ioreq.o
LOAD ./USB_DEVICE/App/usb_device.o
LOAD ./USB_DEVICE/App/usbd_custom_hid_if.o
LOAD ./USB_DEVICE/App/usbd_desc.o
LOAD ./USB_DEVICE/Target/usbd_conf.o
START GROUP
LOAD C:/ST/STM32CubeIDE_1.16.1/STM32CubeIDE/plugins/com.st.stm32cube.ide.mcu.externaltools.gnu-tools-for-stm32.12.3.rel1.win32_1.0.200.202406191623/tools/bin/../lib/gcc/arm-none-eabi/12.3.1/../../../../arm-none-eabi/lib/thumb/v7e-m+fp/hard\libstdc++_nano.a
LOAD C:/ST/STM32CubeIDE_1.16.1/STM32CubeIDE/plugins/com.st.stm32cube.ide.mcu.externaltools.gnu-tools-for-stm32.12.3.rel1.win32_1.0.200.202406191623/tools/bin/../lib/gcc/arm-none-eabi/12.3.1/../../../../arm-none-eabi/lib/thumb/v7e-m+fp/hard\libsupc++_nano.a
END GROUP
LOAD C:/ST/STM32CubeIDE_1.16.1/STM32CubeIDE/plugins/com.st.stm32cube.ide.mcu.externaltools.gnu-tools-for-stm32.12.3.rel1.win32_1.0.200.202406191623/tools/bin/../lib/gcc/arm-none-eabi/12.3.1/../../../../arm-none-eabi/lib/thumb/v7e-m+fp/hard\libstdc++_nano.a
LOAD C:/ST/STM32CubeIDE_1.16.1/STM32CubeIDE/plugins/com.st.stm32cube.ide.mcu.externaltools.gnu-tools-for-stm32.12.3.rel1.win32_1.0.200.202406191623/tools/bin/../lib/gcc/arm-none-eabi/12.3.1/../../../../arm-none-eabi/lib/thumb/v7e-m+fp/hard\libm.a
LOAD C:/ST/STM32CubeIDE_1.16.1/STM32CubeIDE/plugins/com.st.stm32cube.ide.mcu.externaltools.gnu-tools-for-stm32.12.3.rel1.win32_1.0.200.202406191623/tools/bin/../lib/gcc/arm-none-eabi/12.3.1/../../../../arm-none-eabi/lib/thumb/v7e-m+fp/hard\libc_nano.a
START GROUP
LOAD C:/ST/STM32CubeIDE_1.16.1/STM32CubeIDE/plugins/com.st.stm32cube.ide.mcu.externaltools.gnu-tools-for-stm32.12.3.rel1.win32_1.0.200.202406191623/tools/bin/../lib/gcc/arm-none-eabi/12.3.1/thumb/v7e-m+fp/hard\libgcc.a
LOAD C:/ST/STM32CubeIDE_1.16.1/STM32CubeIDE/plugins/com.st.stm32cube.ide.mcu.externaltools.gnu-tools-for-stm32.12.3.rel1.win32_1.0.200.202406191623/tools/bin/../lib/gcc/arm-none-eabi/12.3.1/../../../../arm-none-eabi/lib/thumb/v7e-m+fp/hard\libc_nano.a
END GROUP
START GROUP
LOAD C:/ST/STM32CubeIDE_1.16.1/STM32CubeIDE/plugins/com.st.stm32cube.ide.mcu.externaltools.gnu-tools-for-stm32.12.3.rel1.win32_1.0.200.202406191623/tools/bin/../lib/gcc/arm-none-eabi/12.3.1/thumb/v7e-m+fp/hard\libgcc.a
LOAD C:/ST/STM32CubeIDE_1.16.1/STM32CubeIDE/plugins/com.st.stm32cube.ide.mcu.externaltools.gnu-tools-for-stm32.12.3.rel1.win32_1.0.200.202406191623/tools/bin/../lib/gcc/arm-none-eabi/12.3.1/../../../../arm-none-eabi/lib/thumb/v7e-m+fp/hard\libc_nano.a
LOAD C:/ST/STM32CubeIDE_1.16.1/STM32CubeIDE/plugins/com.st.stm32cube.ide.mcu.externaltools.gnu-tools-for-stm32.12.3.rel1.win32_1.0.200.202406191623/tools/bin/../lib/gcc/arm-none-eabi/12.3.1/../../../../arm-none-eabi/lib/thumb/v7e-m+fp/hard\libnosys.a
END GROUP
START GROUP
LOAD C:/ST/STM32CubeIDE_1.16.1/STM32CubeIDE/plugins/com.st.stm32cube.ide.mcu.externaltools.gnu-tools-for-stm32.12.3.rel1.win32_1.0.200.202406191623/tools/bin/../lib/gcc/arm-none-eabi/12.3.1/thumb/v7e-m+fp/hard\libgcc.a
LOAD C:/ST/STM32CubeIDE_1.16.1/STM32CubeIDE/plugins/com.st.stm32cube.ide.mcu.externaltools.gnu-tools-for-stm32.12.3.rel1.win32_1.0.200.202406191623/tools/bin/../lib/gcc/arm-none-eabi/12.3.1/../../../../arm-none-eabi/lib/thumb/v7e-m+fp/hard\libc_nano.a
LOAD C:/ST/STM32CubeIDE_1.16.1/STM32CubeIDE/plugins/com.st.stm32cube.ide.mcu.externaltools.gnu-tools-for-stm32.12.3.rel1.win32_1.0.200.202406191623/tools/bin/../lib/gcc/arm-none-eabi/12.3.1/../../../../arm-none-eabi/lib/thumb/v7e-m+fp/hard\libnosys.a
END GROUP
LOAD C:/ST/STM32CubeIDE_1.16.1/STM32CubeIDE/plugins/com.st.stm32cube.ide.mcu.externaltools.gnu-tools-for-stm32.12.3.rel1.win32_1.0.200.202406191623/tools/bin/../lib/gcc/arm-none-eabi/12.3.1/thumb/v7e-m+fp/hard/crtend.o
LOAD C:/ST/STM32CubeIDE_1.16.1/STM32CubeIDE/plugins/com.st.stm32cube.ide.mcu.externaltools.gnu-tools-for-stm32.12.3.rel1.win32_1.0.200.202406191623/tools/bin/../lib/gcc/arm-none-eabi/12.3.1/thumb/v7e-m+fp/hard/crtn.o
                0x20020000                        _estack = (ORIGIN (RAM) + LENGTH (RAM))
                0x00000200                        _Min_Heap_Size = 0x200
                0x00000400                        _Min_Stack_Size = 0x400

.isr_vector     0x08000000      0x188
                0x08000000                        . = ALIGN (0x4)
 *(.isr_vector)
 .isr_vector    0x08000000      0x188 ./Core/Startup/startup_stm32f407vgtx.o
                0x08000000                g_pfnVectors
                0x08000188                        . = ALIGN (0x4)

.text           0x08000188     0x9970
                0x08000188                        . = ALIGN (0x4)
 *(.text)
 .text          0x08000188       0x40 C:/ST/STM32CubeIDE_1.16.1/STM32CubeIDE/plugins/com.st.stm32cube.ide.mcu.externaltools.gnu-tools-for-stm32.12.3.rel1.win32_1.0.200.202406191623/tools/bin/../lib/gcc/arm-none-eabi/12.3.1/thumb/v7e-m+fp/hard/crtbegin.o
 .text          0x080001c8      0x378 C:/ST/STM32CubeIDE_1.16.1/STM32CubeIDE/plugins/com.st.stm32cube.ide.mcu.externaltools.gnu-tools-for-stm32.12.3.rel1.win32_1.0.200.202406191623/tools/bin/../lib/gcc/arm-none-eabi/12.3.1/thumb/v7e-m+fp/hard\libgcc.a(_arm_addsubdf3.o)
                0x080001c8                __aeabi_drsub
                0x080001d0                __aeabi_dsub
                0x080001d0                __subdf3
                0x080001d4                __aeabi_dadd
                0x080001d4                __adddf3
                0x0800044c                __floatunsidf
                0x0800044c                __aeabi_ui2d
                0x0800046c                __floatsidf
                0x0800046c                __aeabi_i2d
                0x08000490                __aeabi_f2d
                0x08000490                __extendsfdf2
                0x080004d4                __floatundidf
                0x080004d4                __aeabi_ul2d
                0x080004e4                __floatdidf
                0x080004e4                __aeabi_l2d
 .text          0x08000540      0x424 C:/ST/STM32CubeIDE_1.16.1/STM32CubeIDE/plugins/com.st.stm32cube.ide.mcu.externaltools.gnu-tools-for-stm32.12.3.rel1.win32_1.0.200.202406191623/tools/bin/../lib/gcc/arm-none-eabi/12.3.1/thumb/v7e-m+fp/hard\libgcc.a(_arm_muldivdf3.o)
                0x08000540                __aeabi_dmul
                0x08000540                __muldf3
                0x08000794                __divdf3
                0x08000794                __aeabi_ddiv
 .text          0x08000964       0x50 C:/ST/STM32CubeIDE_1.16.1/STM32CubeIDE/plugins/com.st.stm32cube.ide.mcu.externaltools.gnu-tools-for-stm32.12.3.rel1.win32_1.0.200.202406191623/tools/bin/../lib/gcc/arm-none-eabi/12.3.1/thumb/v7e-m+fp/hard\libgcc.a(_arm_fixdfsi.o)
                0x08000964                __aeabi_d2iz
                0x08000964                __fixdfsi
 .text          0x080009b4       0x30 C:/ST/STM32CubeIDE_1.16.1/STM32CubeIDE/plugins/com.st.stm32cube.ide.mcu.externaltools.gnu-tools-for-stm32.12.3.rel1.win32_1.0.200.202406191623/tools/bin/../lib/gcc/arm-none-eabi/12.3.1/thumb/v7e-m+fp/hard\libgcc.a(_aeabi_uldivmod.o)
                0x080009b4                __aeabi_uldivmod
 .text          0x080009e4      0x2bc C:/ST/STM32CubeIDE_1.16.1/STM32CubeIDE/plugins/com.st.stm32cube.ide.mcu.externaltools.gnu-tools-for-stm32.12.3.rel1.win32_1.0.200.202406191623/tools/bin/../lib/gcc/arm-none-eabi/12.3.1/thumb/v7e-m+fp/hard\libgcc.a(_udivmoddi4.o)
                0x080009e4                __udivmoddi4
 .text          0x08000ca0        0x4 C:/ST/STM32CubeIDE_1.16.1/STM32CubeIDE/plugins/com.st.stm32cube.ide.mcu.externaltools.gnu-tools-for-stm32.12.3.rel1.win32_1.0.200.202406191623/tools/bin/../lib/gcc/arm-none-eabi/12.3.1/thumb/v7e-m+fp/hard\libgcc.a(_dvmd_tls.o)
                0x08000ca0                __aeabi_idiv0
                0x08000ca0                __aeabi_ldiv0
 *(.text*)
 .text._ZSt3absl
                0x08000ca4       0x1c ./Core/Src/LinearRamp.o
                0x08000ca4                std::abs(long)
 .text._ZL20tmc4671_readRegisterh
                0x08000cc0       0x68 ./Core/Src/TMC4671_controller.o
 .text._ZL21tmc4671_writeRegisterhm
                0x08000d28       0x68 ./Core/Src/TMC4671_controller.o
 .text._ZL20tmc4671_fieldExtractm13RegisterField
                0x08000d90       0x4e ./Core/Src/TMC4671_controller.o
 .text._ZL17tmc4671_fieldRead13RegisterField
                0x08000dde       0x2c ./Core/Src/TMC4671_controller.o
 .text._ZL19tmc4671_fieldUpdatem13RegisterFieldm
                0x08000e0a       0x34 ./Core/Src/TMC4671_controller.o
 .text._ZL18tmc4671_fieldWrite13RegisterFieldm
                0x08000e3e       0x3c ./Core/Src/TMC4671_controller.o
 .text._ZN15TMC4671Biquad_tC2Ev
                0x08000e7a       0x3a ./Core/Src/TMC4671_controller.o
                0x08000e7a                TMC4671Biquad_t::TMC4671Biquad_t()
                0x08000e7a                TMC4671Biquad_t::TMC4671Biquad_t()
 .text._ZN13TMC4671BiquadC2Eb
                0x08000eb4       0x24 ./Core/Src/TMC4671_controller.o
                0x08000eb4                TMC4671Biquad::TMC4671Biquad(bool)
                0x08000eb4                TMC4671Biquad::TMC4671Biquad(bool)
 .text._ZN10HallConfigC2Ev
                0x08000ed8       0x7c ./Core/Src/TMC4671_controller.o
                0x08000ed8                HallConfig::HallConfig()
                0x08000ed8                HallConfig::HallConfig()
 .text._ZN9PIDConfigC2Ev
                0x08000f54       0x56 ./Core/Src/TMC4671_controller.o
                0x08000f54                PIDConfig::PIDConfig()
                0x08000f54                PIDConfig::PIDConfig()
 *fill*         0x08000faa        0x2 
 .text._ZN13TMC4671LimitsC2Ev
                0x08000fac       0x50 ./Core/Src/TMC4671_controller.o
                0x08000fac                TMC4671Limits::TMC4671Limits()
                0x08000fac                TMC4671Limits::TMC4671Limits()
 .text._ZN9AdcConfigC2Ev
                0x08000ffc       0x5c ./Core/Src/TMC4671_controller.o
                0x08000ffc                AdcConfig::AdcConfig()
                0x08000ffc                AdcConfig::AdcConfig()
 .text._ZN10ABNencoderC2Ev
                0x08001058       0x84 ./Core/Src/TMC4671_controller.o
                0x08001058                ABNencoder::ABNencoder()
                0x08001058                ABNencoder::ABNencoder()
 .text._ZN12PidPrecisionC2Ev
                0x080010dc       0x3a ./Core/Src/TMC4671_controller.o
                0x080010dc                PidPrecision::PidPrecision()
                0x080010dc                PidPrecision::PidPrecision()
 *fill*         0x08001116        0x2 
 .text._ZN18TMC4671Biquad_confC2Ev
                0x08001118       0x34 ./Core/Src/TMC4671_controller.o
                0x08001118                TMC4671Biquad_conf::TMC4671Biquad_conf()
                0x08001118                TMC4671Biquad_conf::TMC4671Biquad_conf()
 .text._ZN20TMC4671BiquadFiltersC2Ev
                0x0800114c       0x40 ./Core/Src/TMC4671_controller.o
                0x0800114c                TMC4671BiquadFilters::TMC4671BiquadFilters()
                0x0800114c                TMC4671BiquadFilters::TMC4671BiquadFilters()
 .text._ZN14TMC4671_DriverC2Ev
                0x0800118c       0xe0 ./Core/Src/TMC4671_controller.o
                0x0800118c                TMC4671_Driver::TMC4671_Driver()
                0x0800118c                TMC4671_Driver::TMC4671_Driver()
 .text._ZN14TMC4671_Driver14setDriverStateE11DriverState
                0x0800126c       0x44 ./Core/Src/TMC4671_controller.o
                0x0800126c                TMC4671_Driver::setDriverState(DriverState)
 .text._ZN14TMC4671_Driver13setMotionModeE10MotionMode
                0x080012b0       0x2c ./Core/Src/TMC4671_controller.o
                0x080012b0                TMC4671_Driver::setMotionMode(MotionMode)
 .text._ZN14TMC4671_Driver13getMotionModeEv
                0x080012dc       0x30 ./Core/Src/TMC4671_controller.o
                0x080012dc                TMC4671_Driver::getMotionMode()
 .text._ZN14TMC4671_Driver11getPhiETypeEv
                0x0800130c       0x34 ./Core/Src/TMC4671_controller.o
                0x0800130c                TMC4671_Driver::getPhiEType()
 .text._ZN14TMC4671_Driver7getPhiEEv
                0x08001340       0x1a ./Core/Src/TMC4671_controller.o
                0x08001340                TMC4671_Driver::getPhiE()
 *fill*         0x0800135a        0x2 
 .text._ZN14TMC4671_Driver11getPhiE_EncEv
                0x0800135c       0x80 ./Core/Src/TMC4671_controller.o
                0x0800135c                TMC4671_Driver::getPhiE_Enc()
 .text._ZN14TMC4671_Driver20setMotorTypeAndPolesE9MotorTypet
                0x080013dc       0x54 ./Core/Src/TMC4671_controller.o
                0x080013dc                TMC4671_Driver::setMotorTypeAndPoles(MotorType, unsigned short)
 .text._ZN14TMC4671_Driver11setPhiETypeE4PhiE
                0x08001430       0x44 ./Core/Src/TMC4671_controller.o
                0x08001430                TMC4671_Driver::setPhiEType(PhiE)
 .text._ZN14TMC4671_Driver13setHallConfigEP10HallConfig
                0x08001474      0x148 ./Core/Src/TMC4671_controller.o
                0x08001474                TMC4671_Driver::setHallConfig(HallConfig*)
 .text._ZN14TMC4671_Driver6setPWME7PwmMode
                0x080015bc       0x2c ./Core/Src/TMC4671_controller.o
                0x080015bc                TMC4671_Driver::setPWM(PwmMode)
 .text._ZN14TMC4671_Driver6setPWME7PwmModethh
                0x080015e8       0x9c ./Core/Src/TMC4671_controller.o
                0x080015e8                TMC4671_Driver::setPWM(PwmMode, unsigned short, unsigned char, unsigned char)
 .text._ZN14TMC4671_Driver12setAdcOffsetEP9AdcConfig
                0x08001684       0x50 ./Core/Src/TMC4671_controller.o
                0x08001684                TMC4671_Driver::setAdcOffset(AdcConfig*)
 .text._ZN14TMC4671_Driver11setAdcScaleEP9AdcConfig
                0x080016d4       0x50 ./Core/Src/TMC4671_controller.o
                0x080016d4                TMC4671_Driver::setAdcScale(AdcConfig*)
 .text._ZN14TMC4671_Driver7initAdcEP9AdcConfig
                0x08001724      0x120 ./Core/Src/TMC4671_controller.o
                0x08001724                TMC4671_Driver::initAdc(AdcConfig*)
 .text._ZN14TMC4671_Driver7setPidsEP9PIDConfig
                0x08001844       0xd4 ./Core/Src/TMC4671_controller.o
                0x08001844                TMC4671_Driver::setPids(PIDConfig*)
 .text._ZN14TMC4671_Driver17setAdcBrakeLimitsEtt
                0x08001918       0x44 ./Core/Src/TMC4671_controller.o
                0x08001918                TMC4671_Driver::setAdcBrakeLimits(unsigned short, unsigned short)
 .text._ZN14TMC4671_Driver17setActualPositionEl
                0x0800195c       0x24 ./Core/Src/TMC4671_controller.o
                0x0800195c                TMC4671_Driver::setActualPosition(long)
 .text._ZN14TMC4671_Driver17getActualPositionEv
                0x08001980       0x20 ./Core/Src/TMC4671_controller.o
                0x08001980                TMC4671_Driver::getActualPosition()
 .text._ZN14TMC4671_Driver19getAbsolutePositionEv
                0x080019a0       0x78 ./Core/Src/TMC4671_controller.o
                0x080019a0                TMC4671_Driver::getAbsolutePosition()
 .text._ZN14TMC4671_Driver13setFluxTorqueEss
                0x08001a18       0x4c ./Core/Src/TMC4671_controller.o
                0x08001a18                TMC4671_Driver::setFluxTorque(short, short)
 .text._ZN14TMC4671_Driver13setStatusMaskE11StatusFlags
                0x08001a64       0x1c ./Core/Src/TMC4671_controller.o
                0x08001a64                TMC4671_Driver::setStatusMask(StatusFlags)
 .text._ZN14TMC4671_Driver11setPhiE_extEs
                0x08001a80       0x28 ./Core/Src/TMC4671_controller.o
                0x08001a80                TMC4671_Driver::setPhiE_ext(short)
 .text._ZN14TMC4671_Driver18calibrateAdcOffsetEt
                0x08001aa8      0x208 ./Core/Src/TMC4671_controller.o
                0x08001aa8                TMC4671_Driver::calibrateAdcOffset(unsigned short)
 .text._ZN14TMC4671_Driver17estimateABNparamsEv
                0x08001cb0      0x200 ./Core/Src/TMC4671_controller.o
                0x08001cb0                TMC4671_Driver::estimateABNparams()
 .text._ZN14TMC4671_Driver16zeroAbnUsingPhiMEb
                0x08001eb0       0x98 ./Core/Src/TMC4671_controller.o
                0x08001eb0                TMC4671_Driver::zeroAbnUsingPhiM(bool)
 .text._ZN14TMC4671_Driver16powerInitEncoderEs
                0x08001f48      0x228 ./Core/Src/TMC4671_controller.o
                0x08001f48                TMC4671_Driver::powerInitEncoder(short)
 .text._ZN14TMC4671_Driver12checkEncoderEv
                0x08002170      0x40c ./Core/Src/TMC4671_controller.o
                0x08002170                TMC4671_Driver::checkEncoder()
 .text._ZN14TMC4671_Driver15setupAbnEncoderEP10ABNencoder
                0x0800257c      0x1f8 ./Core/Src/TMC4671_controller.o
                0x0800257c                TMC4671_Driver::setupAbnEncoder(ABNencoder*)
 .text._ZN14TMC4671_Driver4initEv
                0x08002774      0x20c ./Core/Src/TMC4671_controller.o
                0x08002774                TMC4671_Driver::init()
 .text._ZN14TMC4671_Driver6moveByEs
                0x08002980      0x158 ./Core/Src/TMC4671_controller.o
                0x08002980                TMC4671_Driver::moveBy(short)
 .text._Z4clipItiET_S0_T0_S1_
                0x08002ad8       0x34 ./Core/Src/TMC4671_controller.o
                0x08002ad8                unsigned short clip<unsigned short, int>(unsigned short, int, int)
 .text._Z41__static_initialization_and_destruction_0ii
                0x08002b0c       0x2c ./Core/Src/TMC4671_controller.o
 .text._GLOBAL__sub_I_tmc4671
                0x08002b38       0x10 ./Core/Src/TMC4671_controller.o
 .text.MX_GPIO_Init
                0x08002b48      0x148 ./Core/Src/gpio.o
                0x08002b48                MX_GPIO_Init
 .text.main     0x08002c90       0x78 ./Core/Src/main.o
                0x08002c90                main
 .text._Z18SystemClock_Configv
                0x08002d08       0xe8 ./Core/Src/main.o
                0x08002d08                SystemClock_Config()
 .text.Error_Handler
                0x08002df0       0x18 ./Core/Src/main.o
                0x08002df0                Error_Handler
 .text.MX_SPI1_Init
                0x08002e08       0x6c ./Core/Src/spi.o
                0x08002e08                MX_SPI1_Init
 .text.HAL_SPI_MspInit
                0x08002e74       0x90 ./Core/Src/spi.o
                0x08002e74                HAL_SPI_MspInit
 .text.HAL_MspInit
                0x08002f04       0x50 ./Core/Src/stm32f4xx_hal_msp.o
                0x08002f04                HAL_MspInit
 .text.NMI_Handler
                0x08002f54        0x8 ./Core/Src/stm32f4xx_it.o
                0x08002f54                NMI_Handler
 .text.HardFault_Handler
                0x08002f5c        0x8 ./Core/Src/stm32f4xx_it.o
                0x08002f5c                HardFault_Handler
 .text.MemManage_Handler
                0x08002f64        0x8 ./Core/Src/stm32f4xx_it.o
                0x08002f64                MemManage_Handler
 .text.BusFault_Handler
                0x08002f6c        0x8 ./Core/Src/stm32f4xx_it.o
                0x08002f6c                BusFault_Handler
 .text.UsageFault_Handler
                0x08002f74        0x8 ./Core/Src/stm32f4xx_it.o
                0x08002f74                UsageFault_Handler
 .text.SVC_Handler
                0x08002f7c        0xe ./Core/Src/stm32f4xx_it.o
                0x08002f7c                SVC_Handler
 .text.DebugMon_Handler
                0x08002f8a        0xe ./Core/Src/stm32f4xx_it.o
                0x08002f8a                DebugMon_Handler
 .text.PendSV_Handler
                0x08002f98        0xe ./Core/Src/stm32f4xx_it.o
                0x08002f98                PendSV_Handler
 .text.SysTick_Handler
                0x08002fa6        0xc ./Core/Src/stm32f4xx_it.o
                0x08002fa6                SysTick_Handler
 *fill*         0x08002fb2        0x2 
 .text.OTG_FS_IRQHandler
                0x08002fb4       0x14 ./Core/Src/stm32f4xx_it.o
                0x08002fb4                OTG_FS_IRQHandler
 .text.SystemInit
                0x08002fc8       0x24 ./Core/Src/system_stm32f4xx.o
                0x08002fc8                SystemInit
 .text.Reset_Handler
                0x08002fec       0x50 ./Core/Startup/startup_stm32f407vgtx.o
                0x08002fec                Reset_Handler
 .text.Default_Handler
                0x0800303c        0x2 ./Core/Startup/startup_stm32f407vgtx.o
                0x0800303c                RTC_Alarm_IRQHandler
                0x0800303c                HASH_RNG_IRQHandler
                0x0800303c                EXTI2_IRQHandler
                0x0800303c                TIM8_CC_IRQHandler
                0x0800303c                TIM1_CC_IRQHandler
                0x0800303c                DMA2_Stream5_IRQHandler
                0x0800303c                DMA1_Stream5_IRQHandler
                0x0800303c                PVD_IRQHandler
                0x0800303c                SDIO_IRQHandler
                0x0800303c                TAMP_STAMP_IRQHandler
                0x0800303c                CAN2_RX1_IRQHandler
                0x0800303c                EXTI3_IRQHandler
                0x0800303c                TIM8_TRG_COM_TIM14_IRQHandler
                0x0800303c                TIM1_UP_TIM10_IRQHandler
                0x0800303c                TIM8_UP_TIM13_IRQHandler
                0x0800303c                I2C3_ER_IRQHandler
                0x0800303c                EXTI0_IRQHandler
                0x0800303c                I2C2_EV_IRQHandler
                0x0800303c                DMA1_Stream2_IRQHandler
                0x0800303c                CAN1_RX0_IRQHandler
                0x0800303c                FPU_IRQHandler
                0x0800303c                OTG_HS_WKUP_IRQHandler
                0x0800303c                CAN2_SCE_IRQHandler
                0x0800303c                DMA2_Stream2_IRQHandler
                0x0800303c                SPI1_IRQHandler
                0x0800303c                TIM6_DAC_IRQHandler
                0x0800303c                TIM1_BRK_TIM9_IRQHandler
                0x0800303c                DCMI_IRQHandler
                0x0800303c                CAN2_RX0_IRQHandler
                0x0800303c                DMA2_Stream3_IRQHandler
                0x0800303c                USART6_IRQHandler
                0x0800303c                USART3_IRQHandler
                0x0800303c                CAN1_RX1_IRQHandler
                0x0800303c                UART5_IRQHandler
                0x0800303c                DMA2_Stream0_IRQHandler
                0x0800303c                TIM4_IRQHandler
                0x0800303c                I2C1_EV_IRQHandler
                0x0800303c                DMA1_Stream6_IRQHandler
                0x0800303c                DMA1_Stream1_IRQHandler
                0x0800303c                UART4_IRQHandler
                0x0800303c                TIM3_IRQHandler
                0x0800303c                RCC_IRQHandler
                0x0800303c                TIM8_BRK_TIM12_IRQHandler
                0x0800303c                Default_Handler
                0x0800303c                EXTI15_10_IRQHandler
                0x0800303c                ADC_IRQHandler
                0x0800303c                DMA1_Stream7_IRQHandler
                0x0800303c                TIM7_IRQHandler
                0x0800303c                CAN2_TX_IRQHandler
                0x0800303c                TIM5_IRQHandler
                0x0800303c                DMA2_Stream7_IRQHandler
                0x0800303c                I2C3_EV_IRQHandler
                0x0800303c                EXTI9_5_IRQHandler
                0x0800303c                RTC_WKUP_IRQHandler
                0x0800303c                ETH_WKUP_IRQHandler
                0x0800303c                SPI2_IRQHandler
                0x0800303c                OTG_HS_EP1_IN_IRQHandler
                0x0800303c                DMA1_Stream0_IRQHandler
                0x0800303c                CAN1_TX_IRQHandler
                0x0800303c                EXTI4_IRQHandler
                0x0800303c                FSMC_IRQHandler
                0x0800303c                ETH_IRQHandler
                0x0800303c                OTG_HS_EP1_OUT_IRQHandler
                0x0800303c                WWDG_IRQHandler
                0x0800303c                TIM2_IRQHandler
                0x0800303c                OTG_FS_WKUP_IRQHandler
                0x0800303c                TIM1_TRG_COM_TIM11_IRQHandler
                0x0800303c                OTG_HS_IRQHandler
                0x0800303c                EXTI1_IRQHandler
                0x0800303c                USART2_IRQHandler
                0x0800303c                I2C2_ER_IRQHandler
                0x0800303c                DMA2_Stream1_IRQHandler
                0x0800303c                CAN1_SCE_IRQHandler
                0x0800303c                FLASH_IRQHandler
                0x0800303c                DMA2_Stream4_IRQHandler
                0x0800303c                USART1_IRQHandler
                0x0800303c                SPI3_IRQHandler
                0x0800303c                DMA1_Stream4_IRQHandler
                0x0800303c                I2C1_ER_IRQHandler
                0x0800303c                DMA2_Stream6_IRQHandler
                0x0800303c                DMA1_Stream3_IRQHandler
 *fill*         0x0800303e        0x2 
 .text.HAL_Init
                0x08003040       0x44 ./Drivers/STM32F4xx_HAL_Driver/Src/stm32f4xx_hal.o
                0x08003040                HAL_Init
 .text.HAL_InitTick
                0x08003084       0x60 ./Drivers/STM32F4xx_HAL_Driver/Src/stm32f4xx_hal.o
                0x08003084                HAL_InitTick
 .text.HAL_IncTick
                0x080030e4       0x28 ./Drivers/STM32F4xx_HAL_Driver/Src/stm32f4xx_hal.o
                0x080030e4                HAL_IncTick
 .text.HAL_GetTick
                0x0800310c       0x18 ./Drivers/STM32F4xx_HAL_Driver/Src/stm32f4xx_hal.o
                0x0800310c                HAL_GetTick
 .text.HAL_Delay
                0x08003124       0x48 ./Drivers/STM32F4xx_HAL_Driver/Src/stm32f4xx_hal.o
                0x08003124                HAL_Delay
 .text.__NVIC_SetPriorityGrouping
                0x0800316c       0x48 ./Drivers/STM32F4xx_HAL_Driver/Src/stm32f4xx_hal_cortex.o
 .text.__NVIC_GetPriorityGrouping
                0x080031b4       0x1c ./Drivers/STM32F4xx_HAL_Driver/Src/stm32f4xx_hal_cortex.o
 .text.__NVIC_EnableIRQ
                0x080031d0       0x3c ./Drivers/STM32F4xx_HAL_Driver/Src/stm32f4xx_hal_cortex.o
 .text.__NVIC_SetPriority
                0x0800320c       0x54 ./Drivers/STM32F4xx_HAL_Driver/Src/stm32f4xx_hal_cortex.o
 .text.NVIC_EncodePriority
                0x08003260       0x66 ./Drivers/STM32F4xx_HAL_Driver/Src/stm32f4xx_hal_cortex.o
 *fill*         0x080032c6        0x2 
 .text.SysTick_Config
                0x080032c8       0x44 ./Drivers/STM32F4xx_HAL_Driver/Src/stm32f4xx_hal_cortex.o
 .text.HAL_NVIC_SetPriorityGrouping
                0x0800330c       0x16 ./Drivers/STM32F4xx_HAL_Driver/Src/stm32f4xx_hal_cortex.o
                0x0800330c                HAL_NVIC_SetPriorityGrouping
 .text.HAL_NVIC_SetPriority
                0x08003322       0x38 ./Drivers/STM32F4xx_HAL_Driver/Src/stm32f4xx_hal_cortex.o
                0x08003322                HAL_NVIC_SetPriority
 .text.HAL_NVIC_EnableIRQ
                0x0800335a       0x1c ./Drivers/STM32F4xx_HAL_Driver/Src/stm32f4xx_hal_cortex.o
                0x0800335a                HAL_NVIC_EnableIRQ
 .text.HAL_SYSTICK_Config
                0x08003376       0x18 ./Drivers/STM32F4xx_HAL_Driver/Src/stm32f4xx_hal_cortex.o
                0x08003376                HAL_SYSTICK_Config
 *fill*         0x0800338e        0x2 
 .text.HAL_GPIO_Init
                0x08003390      0x338 ./Drivers/STM32F4xx_HAL_Driver/Src/stm32f4xx_hal_gpio.o
                0x08003390                HAL_GPIO_Init
 .text.HAL_GPIO_ReadPin
                0x080036c8       0x30 ./Drivers/STM32F4xx_HAL_Driver/Src/stm32f4xx_hal_gpio.o
                0x080036c8                HAL_GPIO_ReadPin
 .text.HAL_GPIO_WritePin
                0x080036f8       0x32 ./Drivers/STM32F4xx_HAL_Driver/Src/stm32f4xx_hal_gpio.o
                0x080036f8                HAL_GPIO_WritePin
 .text.HAL_PCD_Init
                0x0800372a      0x21e ./Drivers/STM32F4xx_HAL_Driver/Src/stm32f4xx_hal_pcd.o
                0x0800372a                HAL_PCD_Init
 .text.HAL_PCD_Start
                0x08003948       0x6a ./Drivers/STM32F4xx_HAL_Driver/Src/stm32f4xx_hal_pcd.o
                0x08003948                HAL_PCD_Start
 .text.HAL_PCD_IRQHandler
                0x080039b2      0x942 ./Drivers/STM32F4xx_HAL_Driver/Src/stm32f4xx_hal_pcd.o
                0x080039b2                HAL_PCD_IRQHandler
 .text.HAL_PCD_SetAddress
                0x080042f4       0x48 ./Drivers/STM32F4xx_HAL_Driver/Src/stm32f4xx_hal_pcd.o
                0x080042f4                HAL_PCD_SetAddress
 .text.HAL_PCD_EP_Open
                0x0800433c       0xd4 ./Drivers/STM32F4xx_HAL_Driver/Src/stm32f4xx_hal_pcd.o
                0x0800433c                HAL_PCD_EP_Open
 .text.HAL_PCD_EP_Close
                0x08004410       0x94 ./Drivers/STM32F4xx_HAL_Driver/Src/stm32f4xx_hal_pcd.o
                0x08004410                HAL_PCD_EP_Close
 .text.HAL_PCD_EP_Receive
                0x080044a4       0x76 ./Drivers/STM32F4xx_HAL_Driver/Src/stm32f4xx_hal_pcd.o
                0x080044a4                HAL_PCD_EP_Receive
 .text.HAL_PCD_EP_Transmit
                0x0800451a       0x74 ./Drivers/STM32F4xx_HAL_Driver/Src/stm32f4xx_hal_pcd.o
                0x0800451a                HAL_PCD_EP_Transmit
 .text.HAL_PCD_EP_SetStall
                0x0800458e       0xc6 ./Drivers/STM32F4xx_HAL_Driver/Src/stm32f4xx_hal_pcd.o
                0x0800458e                HAL_PCD_EP_SetStall
 .text.HAL_PCD_EP_ClrStall
                0x08004654       0xac ./Drivers/STM32F4xx_HAL_Driver/Src/stm32f4xx_hal_pcd.o
                0x08004654                HAL_PCD_EP_ClrStall
 .text.HAL_PCD_EP_Abort
                0x08004700       0x62 ./Drivers/STM32F4xx_HAL_Driver/Src/stm32f4xx_hal_pcd.o
                0x08004700                HAL_PCD_EP_Abort
 .text.PCD_WriteEmptyTxFifo
                0x08004762      0x118 ./Drivers/STM32F4xx_HAL_Driver/Src/stm32f4xx_hal_pcd.o
 *fill*         0x0800487a        0x2 
 .text.PCD_EP_OutXfrComplete_int
                0x0800487c      0x1d0 ./Drivers/STM32F4xx_HAL_Driver/Src/stm32f4xx_hal_pcd.o
 .text.PCD_EP_OutSetupPacket_int
                0x08004a4c       0x8c ./Drivers/STM32F4xx_HAL_Driver/Src/stm32f4xx_hal_pcd.o
 .text.HAL_PCDEx_SetTxFiFo
                0x08004ad8       0x8e ./Drivers/STM32F4xx_HAL_Driver/Src/stm32f4xx_hal_pcd_ex.o
                0x08004ad8                HAL_PCDEx_SetTxFiFo
 .text.HAL_PCDEx_SetRxFiFo
                0x08004b66       0x22 ./Drivers/STM32F4xx_HAL_Driver/Src/stm32f4xx_hal_pcd_ex.o
                0x08004b66                HAL_PCDEx_SetRxFiFo
 .text.HAL_PCDEx_LPM_Callback
                0x08004b88       0x18 ./Drivers/STM32F4xx_HAL_Driver/Src/stm32f4xx_hal_pcd_ex.o
                0x08004b88                HAL_PCDEx_LPM_Callback
 .text.HAL_RCC_OscConfig
                0x08004ba0      0x4f0 ./Drivers/STM32F4xx_HAL_Driver/Src/stm32f4xx_hal_rcc.o
                0x08004ba0                HAL_RCC_OscConfig
 .text.HAL_RCC_ClockConfig
                0x08005090      0x1cc ./Drivers/STM32F4xx_HAL_Driver/Src/stm32f4xx_hal_rcc.o
                0x08005090                HAL_RCC_ClockConfig
 .text.HAL_RCC_GetSysClockFreq
                0x0800525c      0x20c ./Drivers/STM32F4xx_HAL_Driver/Src/stm32f4xx_hal_rcc.o
                0x0800525c                HAL_RCC_GetSysClockFreq
 .text.HAL_RCC_GetHCLKFreq
                0x08005468       0x18 ./Drivers/STM32F4xx_HAL_Driver/Src/stm32f4xx_hal_rcc.o
                0x08005468                HAL_RCC_GetHCLKFreq
 .text.HAL_SPI_Init
                0x08005480      0x112 ./Drivers/STM32F4xx_HAL_Driver/Src/stm32f4xx_hal_spi.o
                0x08005480                HAL_SPI_Init
 .text.HAL_SPI_Transmit
                0x08005592      0x288 ./Drivers/STM32F4xx_HAL_Driver/Src/stm32f4xx_hal_spi.o
                0x08005592                HAL_SPI_Transmit
 .text.HAL_SPI_TransmitReceive
                0x0800581a      0x352 ./Drivers/STM32F4xx_HAL_Driver/Src/stm32f4xx_hal_spi.o
                0x0800581a                HAL_SPI_TransmitReceive
 .text.SPI_WaitFlagStateUntilTimeout
                0x08005b6c      0x110 ./Drivers/STM32F4xx_HAL_Driver/Src/stm32f4xx_hal_spi.o
 .text.SPI_EndRxTxTransaction
                0x08005c7c       0xa8 ./Drivers/STM32F4xx_HAL_Driver/Src/stm32f4xx_hal_spi.o
 .text.USB_CoreInit
                0x08005d24       0xc8 ./Drivers/STM32F4xx_HAL_Driver/Src/stm32f4xx_ll_usb.o
                0x08005d24                USB_CoreInit
 .text.USB_SetTurnaroundTime
                0x08005dec      0x144 ./Drivers/STM32F4xx_HAL_Driver/Src/stm32f4xx_ll_usb.o
                0x08005dec                USB_SetTurnaroundTime
 .text.USB_EnableGlobalInt
                0x08005f30       0x22 ./Drivers/STM32F4xx_HAL_Driver/Src/stm32f4xx_ll_usb.o
                0x08005f30                USB_EnableGlobalInt
 .text.USB_DisableGlobalInt
                0x08005f52       0x22 ./Drivers/STM32F4xx_HAL_Driver/Src/stm32f4xx_ll_usb.o
                0x08005f52                USB_DisableGlobalInt
 .text.USB_SetCurrentMode
                0x08005f74       0x98 ./Drivers/STM32F4xx_HAL_Driver/Src/stm32f4xx_ll_usb.o
                0x08005f74                USB_SetCurrentMode
 .text.USB_DevInit
                0x0800600c      0x2c8 ./Drivers/STM32F4xx_HAL_Driver/Src/stm32f4xx_ll_usb.o
                0x0800600c                USB_DevInit
 .text.USB_FlushTxFifo
                0x080062d4       0x64 ./Drivers/STM32F4xx_HAL_Driver/Src/stm32f4xx_ll_usb.o
                0x080062d4                USB_FlushTxFifo
 .text.USB_FlushRxFifo
                0x08006338       0x5c ./Drivers/STM32F4xx_HAL_Driver/Src/stm32f4xx_ll_usb.o
                0x08006338                USB_FlushRxFifo
 .text.USB_SetDevSpeed
                0x08006394       0x32 ./Drivers/STM32F4xx_HAL_Driver/Src/stm32f4xx_ll_usb.o
                0x08006394                USB_SetDevSpeed
 .text.USB_GetDevSpeed
                0x080063c6       0x4a ./Drivers/STM32F4xx_HAL_Driver/Src/stm32f4xx_ll_usb.o
                0x080063c6                USB_GetDevSpeed
 .text.USB_ActivateEndpoint
                0x08006410      0x10e ./Drivers/STM32F4xx_HAL_Driver/Src/stm32f4xx_ll_usb.o
                0x08006410                USB_ActivateEndpoint
 *fill*         0x0800651e        0x2 
 .text.USB_DeactivateEndpoint
                0x08006520      0x1b8 ./Drivers/STM32F4xx_HAL_Driver/Src/stm32f4xx_ll_usb.o
                0x08006520                USB_DeactivateEndpoint
 .text.USB_EPStartXfer
                0x080066d8      0x53c ./Drivers/STM32F4xx_HAL_Driver/Src/stm32f4xx_ll_usb.o
                0x080066d8                USB_EPStartXfer
 .text.USB_EPStopXfer
                0x08006c14      0x154 ./Drivers/STM32F4xx_HAL_Driver/Src/stm32f4xx_ll_usb.o
                0x08006c14                USB_EPStopXfer
 .text.USB_WritePacket
                0x08006d68       0x7c ./Drivers/STM32F4xx_HAL_Driver/Src/stm32f4xx_ll_usb.o
                0x08006d68                USB_WritePacket
 .text.USB_ReadPacket
                0x08006de4       0xb0 ./Drivers/STM32F4xx_HAL_Driver/Src/stm32f4xx_ll_usb.o
                0x08006de4                USB_ReadPacket
 .text.USB_EPSetStall
                0x08006e94       0xdc ./Drivers/STM32F4xx_HAL_Driver/Src/stm32f4xx_ll_usb.o
                0x08006e94                USB_EPSetStall
 .text.USB_EPClearStall
                0x08006f70       0xcc ./Drivers/STM32F4xx_HAL_Driver/Src/stm32f4xx_ll_usb.o
                0x08006f70                USB_EPClearStall
 .text.USB_SetDevAddress
                0x0800703c       0x4c ./Drivers/STM32F4xx_HAL_Driver/Src/stm32f4xx_ll_usb.o
                0x0800703c                USB_SetDevAddress
 .text.USB_DevConnect
                0x08007088       0x42 ./Drivers/STM32F4xx_HAL_Driver/Src/stm32f4xx_ll_usb.o
                0x08007088                USB_DevConnect
 .text.USB_DevDisconnect
                0x080070ca       0x42 ./Drivers/STM32F4xx_HAL_Driver/Src/stm32f4xx_ll_usb.o
                0x080070ca                USB_DevDisconnect
 .text.USB_ReadInterrupts
                0x0800710c       0x26 ./Drivers/STM32F4xx_HAL_Driver/Src/stm32f4xx_ll_usb.o
                0x0800710c                USB_ReadInterrupts
 .text.USB_ReadDevAllOutEpInterrupt
                0x08007132       0x34 ./Drivers/STM32F4xx_HAL_Driver/Src/stm32f4xx_ll_usb.o
                0x08007132                USB_ReadDevAllOutEpInterrupt
 .text.USB_ReadDevAllInEpInterrupt
                0x08007166       0x34 ./Drivers/STM32F4xx_HAL_Driver/Src/stm32f4xx_ll_usb.o
                0x08007166                USB_ReadDevAllInEpInterrupt
 .text.USB_ReadDevOutEPInterrupt
                0x0800719a       0x3c ./Drivers/STM32F4xx_HAL_Driver/Src/stm32f4xx_ll_usb.o
                0x0800719a                USB_ReadDevOutEPInterrupt
 .text.USB_ReadDevInEPInterrupt
                0x080071d6       0x5c ./Drivers/STM32F4xx_HAL_Driver/Src/stm32f4xx_ll_usb.o
                0x080071d6                USB_ReadDevInEPInterrupt
 .text.USB_GetMode
                0x08007232       0x1c ./Drivers/STM32F4xx_HAL_Driver/Src/stm32f4xx_ll_usb.o
                0x08007232                USB_GetMode
 .text.USB_ActivateSetup
                0x0800724e       0x46 ./Drivers/STM32F4xx_HAL_Driver/Src/stm32f4xx_ll_usb.o
                0x0800724e                USB_ActivateSetup
 .text.USB_EP0_OutStart
                0x08007294       0xbc ./Drivers/STM32F4xx_HAL_Driver/Src/stm32f4xx_ll_usb.o
                0x08007294                USB_EP0_OutStart
 .text.USB_CoreReset
                0x08007350       0x62 ./Drivers/STM32F4xx_HAL_Driver/Src/stm32f4xx_ll_usb.o
 *fill*         0x080073b2        0x2 
 .text.USBD_CUSTOM_HID_Init
                0x080073b4      0x158 ./Middlewares/ST/STM32_USB_Device_Library/Class/CustomHID/Src/usbd_customhid.o
 .text.USBD_CUSTOM_HID_DeInit
                0x0800750c       0xf4 ./Middlewares/ST/STM32_USB_Device_Library/Class/CustomHID/Src/usbd_customhid.o
 .text.USBD_CUSTOM_HID_Setup
                0x08007600      0x248 ./Middlewares/ST/STM32_USB_Device_Library/Class/CustomHID/Src/usbd_customhid.o
 .text.USBD_CUSTOM_HID_GetFSCfgDesc
                0x08007848       0x64 ./Middlewares/ST/STM32_USB_Device_Library/Class/CustomHID/Src/usbd_customhid.o
 .text.USBD_CUSTOM_HID_GetHSCfgDesc
                0x080078ac       0x64 ./Middlewares/ST/STM32_USB_Device_Library/Class/CustomHID/Src/usbd_customhid.o
 .text.USBD_CUSTOM_HID_GetOtherSpeedCfgDesc
                0x08007910       0x64 ./Middlewares/ST/STM32_USB_Device_Library/Class/CustomHID/Src/usbd_customhid.o
 .text.USBD_CUSTOM_HID_DataIn
                0x08007974       0x2e ./Middlewares/ST/STM32_USB_Device_Library/Class/CustomHID/Src/usbd_customhid.o
 .text.USBD_CUSTOM_HID_DataOut
                0x080079a2       0x54 ./Middlewares/ST/STM32_USB_Device_Library/Class/CustomHID/Src/usbd_customhid.o
 *fill*         0x080079f6        0x2 
 .text.USBD_CUSTOM_HID_ReceivePacket
                0x080079f8       0x4c ./Middlewares/ST/STM32_USB_Device_Library/Class/CustomHID/Src/usbd_customhid.o
                0x080079f8                USBD_CUSTOM_HID_ReceivePacket
 .text.USBD_CUSTOM_HID_EP0_RxReady
                0x08007a44       0x52 ./Middlewares/ST/STM32_USB_Device_Library/Class/CustomHID/Src/usbd_customhid.o
 *fill*         0x08007a96        0x2 
 .text.USBD_CUSTOM_HID_GetDeviceQualifierDesc
                0x08007a98       0x20 ./Middlewares/ST/STM32_USB_Device_Library/Class/CustomHID/Src/usbd_customhid.o
 .text.USBD_CUSTOM_HID_RegisterInterface
                0x08007ab8       0x34 ./Middlewares/ST/STM32_USB_Device_Library/Class/CustomHID/Src/usbd_customhid.o
                0x08007ab8                USBD_CUSTOM_HID_RegisterInterface
 .text.USBD_Init
                0x08007aec       0x60 ./Middlewares/ST/STM32_USB_Device_Library/Core/Src/usbd_core.o
                0x08007aec                USBD_Init
 .text.USBD_RegisterClass
                0x08007b4c       0x6c ./Middlewares/ST/STM32_USB_Device_Library/Core/Src/usbd_core.o
                0x08007b4c                USBD_RegisterClass
 .text.USBD_Start
                0x08007bb8       0x18 ./Middlewares/ST/STM32_USB_Device_Library/Core/Src/usbd_core.o
                0x08007bb8                USBD_Start
 .text.USBD_RunTestMode
                0x08007bd0       0x16 ./Middlewares/ST/STM32_USB_Device_Library/Core/Src/usbd_core.o
                0x08007bd0                USBD_RunTestMode
 .text.USBD_SetClassConfig
                0x08007be6       0x38 ./Middlewares/ST/STM32_USB_Device_Library/Core/Src/usbd_core.o
                0x08007be6                USBD_SetClassConfig
 .text.USBD_ClrClassConfig
                0x08007c1e       0x34 ./Middlewares/ST/STM32_USB_Device_Library/Core/Src/usbd_core.o
                0x08007c1e                USBD_ClrClassConfig
 .text.USBD_LL_SetupStage
                0x08007c52       0xaa ./Middlewares/ST/STM32_USB_Device_Library/Core/Src/usbd_core.o
                0x08007c52                USBD_LL_SetupStage
 .text.USBD_LL_DataOutStage
                0x08007cfc      0x166 ./Middlewares/ST/STM32_USB_Device_Library/Core/Src/usbd_core.o
                0x08007cfc                USBD_LL_DataOutStage
 .text.USBD_LL_DataInStage
                0x08007e62      0x164 ./Middlewares/ST/STM32_USB_Device_Library/Core/Src/usbd_core.o
                0x08007e62                USBD_LL_DataInStage
 .text.USBD_LL_Reset
                0x08007fc6       0xa4 ./Middlewares/ST/STM32_USB_Device_Library/Core/Src/usbd_core.o
                0x08007fc6                USBD_LL_Reset
 .text.USBD_LL_SetSpeed
                0x0800806a       0x20 ./Middlewares/ST/STM32_USB_Device_Library/Core/Src/usbd_core.o
                0x0800806a                USBD_LL_SetSpeed
 .text.USBD_LL_Suspend
                0x0800808a       0x38 ./Middlewares/ST/STM32_USB_Device_Library/Core/Src/usbd_core.o
                0x0800808a                USBD_LL_Suspend
 .text.USBD_LL_Resume
                0x080080c2       0x30 ./Middlewares/ST/STM32_USB_Device_Library/Core/Src/usbd_core.o
                0x080080c2                USBD_LL_Resume
 .text.USBD_LL_SOF
                0x080080f2       0x40 ./Middlewares/ST/STM32_USB_Device_Library/Core/Src/usbd_core.o
                0x080080f2                USBD_LL_SOF
 .text.USBD_LL_IsoINIncomplete
                0x08008132       0x64 ./Middlewares/ST/STM32_USB_Device_Library/Core/Src/usbd_core.o
                0x08008132                USBD_LL_IsoINIncomplete
 .text.USBD_LL_IsoOUTIncomplete
                0x08008196       0x64 ./Middlewares/ST/STM32_USB_Device_Library/Core/Src/usbd_core.o
                0x08008196                USBD_LL_IsoOUTIncomplete
 .text.USBD_LL_DevConnected
                0x080081fa       0x16 ./Middlewares/ST/STM32_USB_Device_Library/Core/Src/usbd_core.o
                0x080081fa                USBD_LL_DevConnected
 .text.USBD_LL_DevDisconnected
                0x08008210       0x46 ./Middlewares/ST/STM32_USB_Device_Library/Core/Src/usbd_core.o
                0x08008210                USBD_LL_DevDisconnected
 .text.USBD_CoreFindIF
                0x08008256       0x1a ./Middlewares/ST/STM32_USB_Device_Library/Core/Src/usbd_core.o
                0x08008256                USBD_CoreFindIF
 .text.USBD_CoreFindEP
                0x08008270       0x1a ./Middlewares/ST/STM32_USB_Device_Library/Core/Src/usbd_core.o
                0x08008270                USBD_CoreFindEP
 .text.USBD_GetEpDesc
                0x0800828a       0x70 ./Middlewares/ST/STM32_USB_Device_Library/Core/Src/usbd_core.o
                0x0800828a                USBD_GetEpDesc
 .text.USBD_GetNextDesc
                0x080082fa       0x38 ./Middlewares/ST/STM32_USB_Device_Library/Core/Src/usbd_core.o
                0x080082fa                USBD_GetNextDesc
 .text.SWAPBYTE
                0x08008332       0x3c ./Middlewares/ST/STM32_USB_Device_Library/Core/Src/usbd_ctlreq.o
 *fill*         0x0800836e        0x2 
 .text.USBD_StdDevReq
                0x08008370       0xe4 ./Middlewares/ST/STM32_USB_Device_Library/Core/Src/usbd_ctlreq.o
                0x08008370                USBD_StdDevReq
 .text.USBD_StdItfReq
                0x08008454       0xd8 ./Middlewares/ST/STM32_USB_Device_Library/Core/Src/usbd_ctlreq.o
                0x08008454                USBD_StdItfReq
 .text.USBD_StdEPReq
                0x0800852c      0x33a ./Middlewares/ST/STM32_USB_Device_Library/Core/Src/usbd_ctlreq.o
                0x0800852c                USBD_StdEPReq
 *fill*         0x08008866        0x2 
 .text.USBD_GetDescriptor
                0x08008868      0x2d4 ./Middlewares/ST/STM32_USB_Device_Library/Core/Src/usbd_ctlreq.o
 .text.USBD_SetAddress
                0x08008b3c       0x88 ./Middlewares/ST/STM32_USB_Device_Library/Core/Src/usbd_ctlreq.o
 .text.USBD_SetConfig
                0x08008bc4      0x154 ./Middlewares/ST/STM32_USB_Device_Library/Core/Src/usbd_ctlreq.o
 .text.USBD_GetConfig
                0x08008d18       0x6c ./Middlewares/ST/STM32_USB_Device_Library/Core/Src/usbd_ctlreq.o
 .text.USBD_GetStatus
                0x08008d84       0x68 ./Middlewares/ST/STM32_USB_Device_Library/Core/Src/usbd_ctlreq.o
 .text.USBD_SetFeature
                0x08008dec       0x52 ./Middlewares/ST/STM32_USB_Device_Library/Core/Src/usbd_ctlreq.o
 .text.USBD_ClrFeature
                0x08008e3e       0x44 ./Middlewares/ST/STM32_USB_Device_Library/Core/Src/usbd_ctlreq.o
 .text.USBD_ParseSetupRequest
                0x08008e82       0x74 ./Middlewares/ST/STM32_USB_Device_Library/Core/Src/usbd_ctlreq.o
                0x08008e82                USBD_ParseSetupRequest
 .text.USBD_CtlError
                0x08008ef6       0x22 ./Middlewares/ST/STM32_USB_Device_Library/Core/Src/usbd_ctlreq.o
                0x08008ef6                USBD_CtlError
 .text.USBD_GetString
                0x08008f18       0xa4 ./Middlewares/ST/STM32_USB_Device_Library/Core/Src/usbd_ctlreq.o
                0x08008f18                USBD_GetString
 .text.USBD_GetLen
                0x08008fbc       0x34 ./Middlewares/ST/STM32_USB_Device_Library/Core/Src/usbd_ctlreq.o
 .text.USBD_CtlSendData
                0x08008ff0       0x36 ./Middlewares/ST/STM32_USB_Device_Library/Core/Src/usbd_ioreq.o
                0x08008ff0                USBD_CtlSendData
 .text.USBD_CtlContinueSendData
                0x08009026       0x22 ./Middlewares/ST/STM32_USB_Device_Library/Core/Src/usbd_ioreq.o
                0x08009026                USBD_CtlContinueSendData
 .text.USBD_CtlPrepareRx
                0x08009048       0x3a ./Middlewares/ST/STM32_USB_Device_Library/Core/Src/usbd_ioreq.o
                0x08009048                USBD_CtlPrepareRx
 .text.USBD_CtlContinueRx
                0x08009082       0x22 ./Middlewares/ST/STM32_USB_Device_Library/Core/Src/usbd_ioreq.o
                0x08009082                USBD_CtlContinueRx
 .text.USBD_CtlSendStatus
                0x080090a4       0x26 ./Middlewares/ST/STM32_USB_Device_Library/Core/Src/usbd_ioreq.o
                0x080090a4                USBD_CtlSendStatus
 .text.USBD_CtlReceiveStatus
                0x080090ca       0x26 ./Middlewares/ST/STM32_USB_Device_Library/Core/Src/usbd_ioreq.o
                0x080090ca                USBD_CtlReceiveStatus
 .text.MX_USB_DEVICE_Init
                0x080090f0       0x60 ./USB_DEVICE/App/usb_device.o
                0x080090f0                MX_USB_DEVICE_Init
 .text._ZL18CUSTOM_HID_Init_FSv
                0x08009150       0x10 ./USB_DEVICE/App/usbd_custom_hid_if.o
 .text._ZL20CUSTOM_HID_DeInit_FSv
                0x08009160       0x10 ./USB_DEVICE/App/usbd_custom_hid_if.o
 .text._ZL22CUSTOM_HID_OutEvent_FSPh
                0x08009170       0xbc ./USB_DEVICE/App/usbd_custom_hid_if.o
 .text.USBD_FS_DeviceDescriptor
                0x0800922c       0x24 ./USB_DEVICE/App/usbd_desc.o
                0x0800922c                USBD_FS_DeviceDescriptor
 .text.USBD_FS_LangIDStrDescriptor
                0x08009250       0x24 ./USB_DEVICE/App/usbd_desc.o
                0x08009250                USBD_FS_LangIDStrDescriptor
 .text.USBD_FS_ProductStrDescriptor
                0x08009274       0x3c ./USB_DEVICE/App/usbd_desc.o
                0x08009274                USBD_FS_ProductStrDescriptor
 .text.USBD_FS_ManufacturerStrDescriptor
                0x080092b0       0x28 ./USB_DEVICE/App/usbd_desc.o
                0x080092b0                USBD_FS_ManufacturerStrDescriptor
 .text.USBD_FS_SerialStrDescriptor
                0x080092d8       0x24 ./USB_DEVICE/App/usbd_desc.o
                0x080092d8                USBD_FS_SerialStrDescriptor
 .text.USBD_FS_ConfigStrDescriptor
                0x080092fc       0x3c ./USB_DEVICE/App/usbd_desc.o
                0x080092fc                USBD_FS_ConfigStrDescriptor
 .text.USBD_FS_InterfaceStrDescriptor
                0x08009338       0x3c ./USB_DEVICE/App/usbd_desc.o
                0x08009338                USBD_FS_InterfaceStrDescriptor
 .text.Get_SerialNum
                0x08009374       0x58 ./USB_DEVICE/App/usbd_desc.o
 .text.IntToUnicode
                0x080093cc       0x7e ./USB_DEVICE/App/usbd_desc.o
 *fill*         0x0800944a        0x2 
 .text.HAL_PCD_MspInit
                0x0800944c       0xc4 ./USB_DEVICE/Target/usbd_conf.o
                0x0800944c                HAL_PCD_MspInit
 .text.HAL_PCD_SetupStageCallback
                0x08009510       0x24 ./USB_DEVICE/Target/usbd_conf.o
                0x08009510                HAL_PCD_SetupStageCallback
 .text.HAL_PCD_DataOutStageCallback
                0x08009534       0x36 ./USB_DEVICE/Target/usbd_conf.o
                0x08009534                HAL_PCD_DataOutStageCallback
 .text.HAL_PCD_DataInStageCallback
                0x0800956a       0x34 ./USB_DEVICE/Target/usbd_conf.o
                0x0800956a                HAL_PCD_DataInStageCallback
 .text.HAL_PCD_SOFCallback
                0x0800959e       0x1c ./USB_DEVICE/Target/usbd_conf.o
                0x0800959e                HAL_PCD_SOFCallback
 .text.HAL_PCD_ResetCallback
                0x080095ba       0x50 ./USB_DEVICE/Target/usbd_conf.o
                0x080095ba                HAL_PCD_ResetCallback
 *fill*         0x0800960a        0x2 
 .text.HAL_PCD_SuspendCallback
                0x0800960c       0x4c ./USB_DEVICE/Target/usbd_conf.o
                0x0800960c                HAL_PCD_SuspendCallback
 .text.HAL_PCD_ResumeCallback
                0x08009658       0x1c ./USB_DEVICE/Target/usbd_conf.o
                0x08009658                HAL_PCD_ResumeCallback
 .text.HAL_PCD_ISOOUTIncompleteCallback
                0x08009674       0x24 ./USB_DEVICE/Target/usbd_conf.o
                0x08009674                HAL_PCD_ISOOUTIncompleteCallback
 .text.HAL_PCD_ISOINIncompleteCallback
                0x08009698       0x24 ./USB_DEVICE/Target/usbd_conf.o
                0x08009698                HAL_PCD_ISOINIncompleteCallback
 .text.HAL_PCD_ConnectCallback
                0x080096bc       0x1c ./USB_DEVICE/Target/usbd_conf.o
                0x080096bc                HAL_PCD_ConnectCallback
 .text.HAL_PCD_DisconnectCallback
                0x080096d8       0x1c ./USB_DEVICE/Target/usbd_conf.o
                0x080096d8                HAL_PCD_DisconnectCallback
 .text.USBD_LL_Init
                0x080096f4       0x98 ./USB_DEVICE/Target/usbd_conf.o
                0x080096f4                USBD_LL_Init
 .text.USBD_LL_Start
                0x0800978c       0x36 ./USB_DEVICE/Target/usbd_conf.o
                0x0800978c                USBD_LL_Start
 .text.USBD_LL_OpenEP
                0x080097c2       0x4c ./USB_DEVICE/Target/usbd_conf.o
                0x080097c2                USBD_LL_OpenEP
 .text.USBD_LL_CloseEP
                0x0800980e       0x3e ./USB_DEVICE/Target/usbd_conf.o
                0x0800980e                USBD_LL_CloseEP
 .text.USBD_LL_StallEP
                0x0800984c       0x3e ./USB_DEVICE/Target/usbd_conf.o
                0x0800984c                USBD_LL_StallEP
 .text.USBD_LL_ClearStallEP
                0x0800988a       0x3e ./USB_DEVICE/Target/usbd_conf.o
                0x0800988a                USBD_LL_ClearStallEP
 .text.USBD_LL_IsStallEP
                0x080098c8       0x58 ./USB_DEVICE/Target/usbd_conf.o
                0x080098c8                USBD_LL_IsStallEP
 .text.USBD_LL_SetUSBAddress
                0x08009920       0x3e ./USB_DEVICE/Target/usbd_conf.o
                0x08009920                USBD_LL_SetUSBAddress
 .text.USBD_LL_Transmit
                0x0800995e       0x42 ./USB_DEVICE/Target/usbd_conf.o
                0x0800995e                USBD_LL_Transmit
 .text.USBD_LL_PrepareReceive
                0x080099a0       0x42 ./USB_DEVICE/Target/usbd_conf.o
                0x080099a0                USBD_LL_PrepareReceive
 *fill*         0x080099e2        0x2 
 .text.USBD_static_malloc
                0x080099e4       0x1c ./USB_DEVICE/Target/usbd_conf.o
                0x080099e4                USBD_static_malloc
 .text.USBD_static_free
                0x08009a00       0x14 ./USB_DEVICE/Target/usbd_conf.o
                0x08009a00                USBD_static_free
 .text.USBD_Get_USB_Status
                0x08009a14       0x58 ./USB_DEVICE/Target/usbd_conf.o
                0x08009a14                USBD_Get_USB_Status
 .text.memset   0x08009a6c       0x10 C:/ST/STM32CubeIDE_1.16.1/STM32CubeIDE/plugins/com.st.stm32cube.ide.mcu.externaltools.gnu-tools-for-stm32.12.3.rel1.win32_1.0.200.202406191623/tools/bin/../lib/gcc/arm-none-eabi/12.3.1/../../../../arm-none-eabi/lib/thumb/v7e-m+fp/hard\libc_nano.a(libc_a-memset.o)
                0x08009a6c                memset
 .text.__libc_init_array
                0x08009a7c       0x48 C:/ST/STM32CubeIDE_1.16.1/STM32CubeIDE/plugins/com.st.stm32cube.ide.mcu.externaltools.gnu-tools-for-stm32.12.3.rel1.win32_1.0.200.202406191623/tools/bin/../lib/gcc/arm-none-eabi/12.3.1/../../../../arm-none-eabi/lib/thumb/v7e-m+fp/hard\libc_nano.a(libc_a-init.o)
                0x08009a7c                __libc_init_array
 .text.memcpy   0x08009ac4       0x1c C:/ST/STM32CubeIDE_1.16.1/STM32CubeIDE/plugins/com.st.stm32cube.ide.mcu.externaltools.gnu-tools-for-stm32.12.3.rel1.win32_1.0.200.202406191623/tools/bin/../lib/gcc/arm-none-eabi/12.3.1/../../../../arm-none-eabi/lib/thumb/v7e-m+fp/hard\libc_nano.a(libc_a-memcpy-stub.o)
                0x08009ac4                memcpy
 *(.glue_7)
 .glue_7        0x08009ae0        0x0 linker stubs
 *(.glue_7t)
 .glue_7t       0x08009ae0        0x0 linker stubs
 *(.eh_frame)
 .eh_frame      0x08009ae0        0x0 C:/ST/STM32CubeIDE_1.16.1/STM32CubeIDE/plugins/com.st.stm32cube.ide.mcu.externaltools.gnu-tools-for-stm32.12.3.rel1.win32_1.0.200.202406191623/tools/bin/../lib/gcc/arm-none-eabi/12.3.1/thumb/v7e-m+fp/hard/crtbegin.o
 *(.init)
 .init          0x08009ae0        0x4 C:/ST/STM32CubeIDE_1.16.1/STM32CubeIDE/plugins/com.st.stm32cube.ide.mcu.externaltools.gnu-tools-for-stm32.12.3.rel1.win32_1.0.200.202406191623/tools/bin/../lib/gcc/arm-none-eabi/12.3.1/thumb/v7e-m+fp/hard/crti.o
                0x08009ae0                _init
 .init          0x08009ae4        0x8 C:/ST/STM32CubeIDE_1.16.1/STM32CubeIDE/plugins/com.st.stm32cube.ide.mcu.externaltools.gnu-tools-for-stm32.12.3.rel1.win32_1.0.200.202406191623/tools/bin/../lib/gcc/arm-none-eabi/12.3.1/thumb/v7e-m+fp/hard/crtn.o
 *(.fini)
 .fini          0x08009aec        0x4 C:/ST/STM32CubeIDE_1.16.1/STM32CubeIDE/plugins/com.st.stm32cube.ide.mcu.externaltools.gnu-tools-for-stm32.12.3.rel1.win32_1.0.200.202406191623/tools/bin/../lib/gcc/arm-none-eabi/12.3.1/thumb/v7e-m+fp/hard/crti.o
                0x08009aec                _fini
 .fini          0x08009af0        0x8 C:/ST/STM32CubeIDE_1.16.1/STM32CubeIDE/plugins/com.st.stm32cube.ide.mcu.externaltools.gnu-tools-for-stm32.12.3.rel1.win32_1.0.200.202406191623/tools/bin/../lib/gcc/arm-none-eabi/12.3.1/thumb/v7e-m+fp/hard/crtn.o
                0x08009af8                        . = ALIGN (0x4)
                0x08009af8                        _etext = .

.vfp11_veneer   0x08009af8        0x0
 .vfp11_veneer  0x08009af8        0x0 linker stubs

.v4_bx          0x08009af8        0x0
 .v4_bx         0x08009af8        0x0 linker stubs

.iplt           0x08009af8        0x0
 .iplt          0x08009af8        0x0 C:/ST/STM32CubeIDE_1.16.1/STM32CubeIDE/plugins/com.st.stm32cube.ide.mcu.externaltools.gnu-tools-for-stm32.12.3.rel1.win32_1.0.200.202406191623/tools/bin/../lib/gcc/arm-none-eabi/12.3.1/thumb/v7e-m+fp/hard/crtbegin.o

.rodata         0x08009af8      0x2a4
                0x08009af8                        . = ALIGN (0x4)
 *(.rodata)
 .rodata        0x08009af8        0xc ./Core/Src/TMC4671_controller.o
 .rodata        0x08009b04       0x5d ./USB_DEVICE/App/usbd_desc.o
 *(.rodata*)
 *fill*         0x08009b61        0x3 
 .rodata._ZL31TMC4671_SEL_NCLK_MCLK_I_A_FIELD
                0x08009b64        0x8 ./Core/Src/TMC4671_controller.o
 .rodata._ZL31TMC4671_SEL_NCLK_MCLK_I_B_FIELD
                0x08009b6c        0x8 ./Core/Src/TMC4671_controller.o
 .rodata._ZL26TMC4671_DSADC_MCLK_A_FIELD
                0x08009b74        0x8 ./Core/Src/TMC4671_controller.o
 .rodata._ZL26TMC4671_DSADC_MCLK_B_FIELD
                0x08009b7c        0x8 ./Core/Src/TMC4671_controller.o
 .rodata._ZL26TMC4671_DSADC_MDEC_A_FIELD
                0x08009b84        0x8 ./Core/Src/TMC4671_controller.o
 .rodata._ZL26TMC4671_DSADC_MDEC_B_FIELD
                0x08009b8c        0x8 ./Core/Src/TMC4671_controller.o
 .rodata._ZL27TMC4671_ADC_I1_OFFSET_FIELD
                0x08009b94        0x8 ./Core/Src/TMC4671_controller.o
 .rodata._ZL26TMC4671_ADC_I1_SCALE_FIELD
                0x08009b9c        0x8 ./Core/Src/TMC4671_controller.o
 .rodata._ZL27TMC4671_ADC_I0_OFFSET_FIELD
                0x08009ba4        0x8 ./Core/Src/TMC4671_controller.o
 .rodata._ZL26TMC4671_ADC_I0_SCALE_FIELD
                0x08009bac        0x8 ./Core/Src/TMC4671_controller.o
 .rodata._ZL27TMC4671_ADC_I0_SELECT_FIELD
                0x08009bb4        0x8 ./Core/Src/TMC4671_controller.o
 .rodata._ZL27TMC4671_ADC_I1_SELECT_FIELD
                0x08009bbc        0x8 ./Core/Src/TMC4671_controller.o
 .rodata._ZL29TMC4671_ADC_I_UX_SELECT_FIELD
                0x08009bc4        0x8 ./Core/Src/TMC4671_controller.o
 .rodata._ZL28TMC4671_ADC_I_V_SELECT_FIELD
                0x08009bcc        0x8 ./Core/Src/TMC4671_controller.o
 .rodata._ZL29TMC4671_ADC_I_WY_SELECT_FIELD
                0x08009bd4        0x8 ./Core/Src/TMC4671_controller.o
 .rodata._ZL24TMC4671_PWM_MAXCNT_FIELD
                0x08009bdc        0x8 ./Core/Src/TMC4671_controller.o
 .rodata._ZL23TMC4671_PWM_BBM_L_FIELD
                0x08009be4        0x8 ./Core/Src/TMC4671_controller.o
 .rodata._ZL23TMC4671_PWM_BBM_H_FIELD
                0x08009bec        0x8 ./Core/Src/TMC4671_controller.o
 .rodata._ZL22TMC4671_PWM_CHOP_FIELD
                0x08009bf4        0x8 ./Core/Src/TMC4671_controller.o
 .rodata._ZL26TMC4671_N_POLE_PAIRS_FIELD
                0x08009bfc        0x8 ./Core/Src/TMC4671_controller.o
 .rodata._ZL24TMC4671_MOTOR_TYPE_FIELD
                0x08009c04        0x8 ./Core/Src/TMC4671_controller.o
 .rodata._ZL23TMC4671_PHI_E_EXT_FIELD
                0x08009c0c        0x8 ./Core/Src/TMC4671_controller.o
 .rodata._ZL22TMC4671_ABN_APOL_FIELD
                0x08009c14        0x8 ./Core/Src/TMC4671_controller.o
 .rodata._ZL22TMC4671_ABN_BPOL_FIELD
                0x08009c1c        0x8 ./Core/Src/TMC4671_controller.o
 .rodata._ZL22TMC4671_ABN_NPOL_FIELD
                0x08009c24        0x8 ./Core/Src/TMC4671_controller.o
 .rodata._ZL26TMC4671_USE_ABN_AS_N_FIELD
                0x08009c2c        0x8 ./Core/Src/TMC4671_controller.o
 .rodata._ZL21TMC4671_ABN_CLN_FIELD
                0x08009c34        0x8 ./Core/Src/TMC4671_controller.o
 .rodata._ZL27TMC4671_ABN_DIRECTION_FIELD
                0x08009c3c        0x8 ./Core/Src/TMC4671_controller.o
 .rodata._ZL29TMC4671_ABN_DECODER_PPR_FIELD
                0x08009c44        0x8 ./Core/Src/TMC4671_controller.o
 .rodata._ZL38TMC4671_ABN_DECODER_PHI_M_OFFSET_FIELD
                0x08009c4c        0x8 ./Core/Src/TMC4671_controller.o
 .rodata._ZL38TMC4671_ABN_DECODER_PHI_E_OFFSET_FIELD
                0x08009c54        0x8 ./Core/Src/TMC4671_controller.o
 .rodata._ZL31TMC4671_ABN_DECODER_PHI_M_FIELD
                0x08009c5c        0x8 ./Core/Src/TMC4671_controller.o
 .rodata._ZL31TMC4671_ABN_DECODER_PHI_E_FIELD
                0x08009c64        0x8 ./Core/Src/TMC4671_controller.o
 .rodata._ZL27TMC4671_HALL_POLARITY_FIELD
                0x08009c6c        0x8 ./Core/Src/TMC4671_controller.o
 .rodata._ZL43TMC4671_HALL_SYNCHRONOUS_PWM_SAMPLING_FIELD
                0x08009c74        0x8 ./Core/Src/TMC4671_controller.o
 .rodata._ZL32TMC4671_HALL_INTERPOLATION_FIELD
                0x08009c7c        0x8 ./Core/Src/TMC4671_controller.o
 .rodata._ZL28TMC4671_HALL_DIRECTION_FIELD
                0x08009c84        0x8 ./Core/Src/TMC4671_controller.o
 .rodata._ZL24TMC4671_HALL_BLANK_FIELD
                0x08009c8c        0x8 ./Core/Src/TMC4671_controller.o
 .rodata._ZL31TMC4671_HALL_POSITION_000_FIELD
                0x08009c94        0x8 ./Core/Src/TMC4671_controller.o
 .rodata._ZL31TMC4671_HALL_POSITION_060_FIELD
                0x08009c9c        0x8 ./Core/Src/TMC4671_controller.o
 .rodata._ZL31TMC4671_HALL_POSITION_120_FIELD
                0x08009ca4        0x8 ./Core/Src/TMC4671_controller.o
 .rodata._ZL31TMC4671_HALL_POSITION_180_FIELD
                0x08009cac        0x8 ./Core/Src/TMC4671_controller.o
 .rodata._ZL31TMC4671_HALL_POSITION_240_FIELD
                0x08009cb4        0x8 ./Core/Src/TMC4671_controller.o
 .rodata._ZL31TMC4671_HALL_POSITION_300_FIELD
                0x08009cbc        0x8 ./Core/Src/TMC4671_controller.o
 .rodata._ZL31TMC4671_HALL_PHI_M_OFFSET_FIELD
                0x08009cc4        0x8 ./Core/Src/TMC4671_controller.o
 .rodata._ZL31TMC4671_HALL_PHI_E_OFFSET_FIELD
                0x08009ccc        0x8 ./Core/Src/TMC4671_controller.o
 .rodata._ZL27TMC4671_HALL_DPHI_MAX_FIELD
                0x08009cd4        0x8 ./Core/Src/TMC4671_controller.o
 .rodata._ZL24TMC4671_HALL_PHI_E_FIELD
                0x08009cdc        0x8 ./Core/Src/TMC4671_controller.o
 .rodata._ZL24TMC4671_HALL_PHI_M_FIELD
                0x08009ce4        0x8 ./Core/Src/TMC4671_controller.o
 .rodata._ZL39TMC4671_AENC_DECODER_PHI_E_OFFSET_FIELD
                0x08009cec        0x8 ./Core/Src/TMC4671_controller.o
 .rodata._ZL32TMC4671_AENC_DECODER_PHI_M_FIELD
                0x08009cf4        0x8 ./Core/Src/TMC4671_controller.o
 .rodata._ZL32TMC4671_AENC_DECODER_PHI_E_FIELD
                0x08009cfc        0x8 ./Core/Src/TMC4671_controller.o
 .rodata._ZL32TMC4671_VELOCITY_SELECTION_FIELD
                0x08009d04        0x8 ./Core/Src/TMC4671_controller.o
 .rodata._ZL38TMC4671_VELOCITY_METER_SELECTION_FIELD
                0x08009d0c        0x8 ./Core/Src/TMC4671_controller.o
 .rodata._ZL32TMC4671_POSITION_SELECTION_FIELD
                0x08009d14        0x8 ./Core/Src/TMC4671_controller.o
 .rodata._ZL29TMC4671_PHI_E_SELECTION_FIELD
                0x08009d1c        0x8 ./Core/Src/TMC4671_controller.o
 .rodata._ZL24TMC4671_PID_FLUX_I_FIELD
                0x08009d24        0x8 ./Core/Src/TMC4671_controller.o
 .rodata._ZL24TMC4671_PID_FLUX_P_FIELD
                0x08009d2c        0x8 ./Core/Src/TMC4671_controller.o
 .rodata._ZL26TMC4671_PID_TORQUE_I_FIELD
                0x08009d34        0x8 ./Core/Src/TMC4671_controller.o
 .rodata._ZL26TMC4671_PID_TORQUE_P_FIELD
                0x08009d3c        0x8 ./Core/Src/TMC4671_controller.o
 .rodata._ZL28TMC4671_PID_VELOCITY_I_FIELD
                0x08009d44        0x8 ./Core/Src/TMC4671_controller.o
 .rodata._ZL28TMC4671_PID_VELOCITY_P_FIELD
                0x08009d4c        0x8 ./Core/Src/TMC4671_controller.o
 .rodata._ZL28TMC4671_PID_POSITION_I_FIELD
                0x08009d54        0x8 ./Core/Src/TMC4671_controller.o
 .rodata._ZL28TMC4671_PID_POSITION_P_FIELD
                0x08009d5c        0x8 ./Core/Src/TMC4671_controller.o
 .rodata._ZL25TMC4671_MODE_MOTION_FIELD
                0x08009d64        0x8 ./Core/Src/TMC4671_controller.o
 .rodata._ZL27TMC4671_MODE_PID_TYPE_FIELD
                0x08009d6c        0x8 ./Core/Src/TMC4671_controller.o
 .rodata._ZL33TMC4671_PID_POSITION_ACTUAL_FIELD
                0x08009d74        0x8 ./Core/Src/TMC4671_controller.o
 .rodata._ZL30TMC4671_ADC_VM_LIMIT_LOW_FIELD
                0x08009d7c        0x8 ./Core/Src/TMC4671_controller.o
 .rodata._ZL26TMC4671_N_OF_ABN_RAW_FIELD
                0x08009d84        0x8 ./Core/Src/TMC4671_controller.o
 .rodata.AHBPrescTable
                0x08009d8c       0x10 ./Core/Src/system_stm32f4xx.o
                0x08009d8c                AHBPrescTable
                0x08009d9c                        . = ALIGN (0x4)

.ARM.extab      0x08009d9c        0x0
                0x08009d9c                        . = ALIGN (0x4)
 *(.ARM.extab* .gnu.linkonce.armextab.*)
                0x08009d9c                        . = ALIGN (0x4)

.ARM            0x08009d9c        0x8
                0x08009d9c                        . = ALIGN (0x4)
                0x08009d9c                        __exidx_start = .
 *(.ARM.exidx*)
 .ARM.exidx     0x08009d9c        0x8 C:/ST/STM32CubeIDE_1.16.1/STM32CubeIDE/plugins/com.st.stm32cube.ide.mcu.externaltools.gnu-tools-for-stm32.12.3.rel1.win32_1.0.200.202406191623/tools/bin/../lib/gcc/arm-none-eabi/12.3.1/thumb/v7e-m+fp/hard\libgcc.a(_udivmoddi4.o)
                0x08009da4                        __exidx_end = .
                0x08009da4                        . = ALIGN (0x4)

.preinit_array  0x08009da4        0x0
                0x08009da4                        . = ALIGN (0x4)
                0x08009da4                        PROVIDE (__preinit_array_start = .)
 *(.preinit_array*)
                0x08009da4                        PROVIDE (__preinit_array_end = .)
                0x08009da4                        . = ALIGN (0x4)

.init_array     0x08009da4        0x8
                0x08009da4                        . = ALIGN (0x4)
                0x08009da4                        PROVIDE (__init_array_start = .)
 *(SORT_BY_NAME(.init_array.*))
 *(.init_array*)
 .init_array    0x08009da4        0x4 C:/ST/STM32CubeIDE_1.16.1/STM32CubeIDE/plugins/com.st.stm32cube.ide.mcu.externaltools.gnu-tools-for-stm32.12.3.rel1.win32_1.0.200.202406191623/tools/bin/../lib/gcc/arm-none-eabi/12.3.1/thumb/v7e-m+fp/hard/crtbegin.o
 .init_array    0x08009da8        0x4 ./Core/Src/TMC4671_controller.o
                0x08009dac                        PROVIDE (__init_array_end = .)
                0x08009dac                        . = ALIGN (0x4)

.fini_array     0x08009dac        0x4
                0x08009dac                        . = ALIGN (0x4)
                [!provide]                        PROVIDE (__fini_array_start = .)
 *(SORT_BY_NAME(.fini_array.*))
 *(.fini_array*)
 .fini_array    0x08009dac        0x4 C:/ST/STM32CubeIDE_1.16.1/STM32CubeIDE/plugins/com.st.stm32cube.ide.mcu.externaltools.gnu-tools-for-stm32.12.3.rel1.win32_1.0.200.202406191623/tools/bin/../lib/gcc/arm-none-eabi/12.3.1/thumb/v7e-m+fp/hard/crtbegin.o
                [!provide]                        PROVIDE (__fini_array_end = .)
                0x08009db0                        . = ALIGN (0x4)
                0x08009db0                        _sidata = LOADADDR (.data)

.rel.dyn        0x08009db0        0x0
 .rel.iplt      0x08009db0        0x0 C:/ST/STM32CubeIDE_1.16.1/STM32CubeIDE/plugins/com.st.stm32cube.ide.mcu.externaltools.gnu-tools-for-stm32.12.3.rel1.win32_1.0.200.202406191623/tools/bin/../lib/gcc/arm-none-eabi/12.3.1/thumb/v7e-m+fp/hard/crtbegin.o

.data           0x20000000      0x10c load address 0x08009db0
                0x20000000                        . = ALIGN (0x4)
                0x20000000                        _sdata = .
 *(.data)
 *(.data*)
 .data.SystemCoreClock
                0x20000000        0x4 ./Core/Src/system_stm32f4xx.o
                0x20000000                SystemCoreClock
 .data.uwTickPrio
                0x20000004        0x4 ./Drivers/STM32F4xx_HAL_Driver/Src/stm32f4xx_hal.o
                0x20000004                uwTickPrio
 .data.uwTickFreq
                0x20000008        0x1 ./Drivers/STM32F4xx_HAL_Driver/Src/stm32f4xx_hal.o
                0x20000008                uwTickFreq
 *fill*         0x20000009        0x3 
 .data.USBD_CUSTOM_HID
                0x2000000c       0x38 ./Middlewares/ST/STM32_USB_Device_Library/Class/CustomHID/Src/usbd_customhid.o
                0x2000000c                USBD_CUSTOM_HID
 .data.USBD_CUSTOM_HID_CfgDesc
                0x20000044       0x29 ./Middlewares/ST/STM32_USB_Device_Library/Class/CustomHID/Src/usbd_customhid.o
 *fill*         0x2000006d        0x3 
 .data.USBD_CUSTOM_HID_Desc
                0x20000070        0x9 ./Middlewares/ST/STM32_USB_Device_Library/Class/CustomHID/Src/usbd_customhid.o
 *fill*         0x20000079        0x3 
 .data.USBD_CUSTOM_HID_DeviceQualifierDesc
                0x2000007c        0xa ./Middlewares/ST/STM32_USB_Device_Library/Class/CustomHID/Src/usbd_customhid.o
 .data.CUSTOMHIDInEpAdd
                0x20000086        0x1 ./Middlewares/ST/STM32_USB_Device_Library/Class/CustomHID/Src/usbd_customhid.o
 .data.CUSTOMHIDOutEpAdd
                0x20000087        0x1 ./Middlewares/ST/STM32_USB_Device_Library/Class/CustomHID/Src/usbd_customhid.o
 .data._ZL24CUSTOM_HID_ReportDesc_FS
                0x20000088       0x21 ./USB_DEVICE/App/usbd_custom_hid_if.o
 *fill*         0x200000a9        0x3 
 .data.USBD_CustomHID_fops_FS
                0x200000ac       0x10 ./USB_DEVICE/App/usbd_custom_hid_if.o
                0x200000ac                USBD_CustomHID_fops_FS
 .data.FS_Desc  0x200000bc       0x1c ./USB_DEVICE/App/usbd_desc.o
                0x200000bc                FS_Desc
 .data.USBD_FS_DeviceDesc
                0x200000d8       0x12 ./USB_DEVICE/App/usbd_desc.o
                0x200000d8                USBD_FS_DeviceDesc
 *fill*         0x200000ea        0x2 
 .data.USBD_LangIDDesc
                0x200000ec        0x4 ./USB_DEVICE/App/usbd_desc.o
                0x200000ec                USBD_LangIDDesc
 .data.USBD_StringSerial
                0x200000f0       0x1a ./USB_DEVICE/App/usbd_desc.o
                0x200000f0                USBD_StringSerial
 *(.RamFunc)
 *(.RamFunc*)
                0x2000010c                        . = ALIGN (0x4)
 *fill*         0x2000010a        0x2 
                0x2000010c                        _edata = .
                0x08009ebc                        _siccmram = LOADADDR (.ccmram)

.igot.plt       0x2000010c        0x0 load address 0x08009ebc
 .igot.plt      0x2000010c        0x0 C:/ST/STM32CubeIDE_1.16.1/STM32CubeIDE/plugins/com.st.stm32cube.ide.mcu.externaltools.gnu-tools-for-stm32.12.3.rel1.win32_1.0.200.202406191623/tools/bin/../lib/gcc/arm-none-eabi/12.3.1/thumb/v7e-m+fp/hard/crtbegin.o

.ccmram         0x10000000        0x0 load address 0x08009ebc
                0x10000000                        . = ALIGN (0x4)
                0x10000000                        _sccmram = .
 *(.ccmram)
 *(.ccmram*)
                0x10000000                        . = ALIGN (0x4)
                0x10000000                        _eccmram = .
                0x10000000                        . = ALIGN (0x4)

.bss            0x2000010c      0xb98
                0x2000010c                        _sbss = .
                0x2000010c                        __bss_start__ = _sbss
 *(.bss)
 .bss           0x2000010c       0x1c C:/ST/STM32CubeIDE_1.16.1/STM32CubeIDE/plugins/com.st.stm32cube.ide.mcu.externaltools.gnu-tools-for-stm32.12.3.rel1.win32_1.0.200.202406191623/tools/bin/../lib/gcc/arm-none-eabi/12.3.1/thumb/v7e-m+fp/hard/crtbegin.o
 *(.bss*)
 .bss.tmc4671   0x20000128      0x104 ./Core/Src/TMC4671_controller.o
                0x20000128                tmc4671
 .bss.hspi1     0x2000022c       0x58 ./Core/Src/spi.o
                0x2000022c                hspi1
 .bss.uwTick    0x20000284        0x4 ./Drivers/STM32F4xx_HAL_Driver/Src/stm32f4xx_hal.o
                0x20000284                uwTick
 .bss.cfgidx.0  0x20000288        0x1 ./Middlewares/ST/STM32_USB_Device_Library/Core/Src/usbd_ctlreq.o
 *fill*         0x20000289        0x3 
 .bss.hUsbDeviceFS
                0x2000028c      0x2dc ./USB_DEVICE/App/usb_device.o
                0x2000028c                hUsbDeviceFS
 .bss.USBD_StrDesc
                0x20000568      0x200 ./USB_DEVICE/App/usbd_desc.o
                0x20000568                USBD_StrDesc
 .bss.hpcd_USB_OTG_FS
                0x20000768      0x4e4 ./USB_DEVICE/Target/usbd_conf.o
                0x20000768                hpcd_USB_OTG_FS
 .bss.mem.0     0x20000c4c       0x58 ./USB_DEVICE/Target/usbd_conf.o
 *(COMMON)
                0x20000ca4                        . = ALIGN (0x4)
                0x20000ca4                        _ebss = .
                0x20000ca4                        __bss_end__ = _ebss

._user_heap_stack
                0x20000ca4      0x604
                0x20000ca8                        . = ALIGN (0x8)
 *fill*         0x20000ca4        0x4 
                [!provide]                        PROVIDE (end = .)
                0x20000ca8                        PROVIDE (_end = .)
                0x20000ea8                        . = (. + _Min_Heap_Size)
 *fill*         0x20000ca8      0x200 
                0x200012a8                        . = (. + _Min_Stack_Size)
 *fill*         0x20000ea8      0x400 
                0x200012a8                        . = ALIGN (0x8)

/DISCARD/
 libc.a(*)
 libm.a(*)
 libgcc.a(*)

.ARM.attributes
                0x00000000       0x30
 *(.ARM.attributes)
 .ARM.attributes
                0x00000000       0x22 C:/ST/STM32CubeIDE_1.16.1/STM32CubeIDE/plugins/com.st.stm32cube.ide.mcu.externaltools.gnu-tools-for-stm32.12.3.rel1.win32_1.0.200.202406191623/tools/bin/../lib/gcc/arm-none-eabi/12.3.1/thumb/v7e-m+fp/hard/crti.o
 .ARM.attributes
                0x00000022       0x34 C:/ST/STM32CubeIDE_1.16.1/STM32CubeIDE/plugins/com.st.stm32cube.ide.mcu.externaltools.gnu-tools-for-stm32.12.3.rel1.win32_1.0.200.202406191623/tools/bin/../lib/gcc/arm-none-eabi/12.3.1/thumb/v7e-m+fp/hard/crtbegin.o
 .ARM.attributes
                0x00000056       0x34 ./Core/Src/LinearRamp.o
 .ARM.attributes
                0x0000008a       0x34 ./Core/Src/TMC4671_controller.o
 .ARM.attributes
                0x000000be       0x34 ./Core/Src/gpio.o
 .ARM.attributes
                0x000000f2       0x34 ./Core/Src/main.o
 .ARM.attributes
                0x00000126       0x34 ./Core/Src/spi.o
 .ARM.attributes
                0x0000015a       0x34 ./Core/Src/stm32f4xx_hal_msp.o
 .ARM.attributes
                0x0000018e       0x34 ./Core/Src/stm32f4xx_it.o
 .ARM.attributes
                0x000001c2       0x34 ./Core/Src/system_stm32f4xx.o
 .ARM.attributes
                0x000001f6       0x21 ./Core/Startup/startup_stm32f407vgtx.o
 .ARM.attributes
                0x00000217       0x34 ./Drivers/STM32F4xx_HAL_Driver/Src/stm32f4xx_hal.o
 .ARM.attributes
                0x0000024b       0x34 ./Drivers/STM32F4xx_HAL_Driver/Src/stm32f4xx_hal_cortex.o
 .ARM.attributes
                0x0000027f       0x34 ./Drivers/STM32F4xx_HAL_Driver/Src/stm32f4xx_hal_gpio.o
 .ARM.attributes
                0x000002b3       0x34 ./Drivers/STM32F4xx_HAL_Driver/Src/stm32f4xx_hal_pcd.o
 .ARM.attributes
                0x000002e7       0x34 ./Drivers/STM32F4xx_HAL_Driver/Src/stm32f4xx_hal_pcd_ex.o
 .ARM.attributes
                0x0000031b       0x34 ./Drivers/STM32F4xx_HAL_Driver/Src/stm32f4xx_hal_rcc.o
 .ARM.attributes
                0x0000034f       0x34 ./Drivers/STM32F4xx_HAL_Driver/Src/stm32f4xx_hal_spi.o
 .ARM.attributes
                0x00000383       0x34 ./Drivers/STM32F4xx_HAL_Driver/Src/stm32f4xx_ll_usb.o
 .ARM.attributes
                0x000003b7       0x34 ./Middlewares/ST/STM32_USB_Device_Library/Class/CustomHID/Src/usbd_customhid.o
 .ARM.attributes
                0x000003eb       0x34 ./Middlewares/ST/STM32_USB_Device_Library/Core/Src/usbd_core.o
 .ARM.attributes
                0x0000041f       0x34 ./Middlewares/ST/STM32_USB_Device_Library/Core/Src/usbd_ctlreq.o
 .ARM.attributes
                0x00000453       0x34 ./Middlewares/ST/STM32_USB_Device_Library/Core/Src/usbd_ioreq.o
 .ARM.attributes
                0x00000487       0x34 ./USB_DEVICE/App/usb_device.o
 .ARM.attributes
                0x000004bb       0x34 ./USB_DEVICE/App/usbd_custom_hid_if.o
 .ARM.attributes
                0x000004ef       0x34 ./USB_DEVICE/App/usbd_desc.o
 .ARM.attributes
                0x00000523       0x34 ./USB_DEVICE/Target/usbd_conf.o
 .ARM.attributes
                0x00000557       0x34 C:/ST/STM32CubeIDE_1.16.1/STM32CubeIDE/plugins/com.st.stm32cube.ide.mcu.externaltools.gnu-tools-for-stm32.12.3.rel1.win32_1.0.200.202406191623/tools/bin/../lib/gcc/arm-none-eabi/12.3.1/../../../../arm-none-eabi/lib/thumb/v7e-m+fp/hard\libc_nano.a(libc_a-memset.o)
 .ARM.attributes
                0x0000058b       0x34 C:/ST/STM32CubeIDE_1.16.1/STM32CubeIDE/plugins/com.st.stm32cube.ide.mcu.externaltools.gnu-tools-for-stm32.12.3.rel1.win32_1.0.200.202406191623/tools/bin/../lib/gcc/arm-none-eabi/12.3.1/../../../../arm-none-eabi/lib/thumb/v7e-m+fp/hard\libc_nano.a(libc_a-init.o)
 .ARM.attributes
                0x000005bf       0x34 C:/ST/STM32CubeIDE_1.16.1/STM32CubeIDE/plugins/com.st.stm32cube.ide.mcu.externaltools.gnu-tools-for-stm32.12.3.rel1.win32_1.0.200.202406191623/tools/bin/../lib/gcc/arm-none-eabi/12.3.1/../../../../arm-none-eabi/lib/thumb/v7e-m+fp/hard\libc_nano.a(libc_a-memcpy-stub.o)
 .ARM.attributes
                0x000005f3       0x22 C:/ST/STM32CubeIDE_1.16.1/STM32CubeIDE/plugins/com.st.stm32cube.ide.mcu.externaltools.gnu-tools-for-stm32.12.3.rel1.win32_1.0.200.202406191623/tools/bin/../lib/gcc/arm-none-eabi/12.3.1/thumb/v7e-m+fp/hard\libgcc.a(_arm_addsubdf3.o)
 .ARM.attributes
                0x00000615       0x22 C:/ST/STM32CubeIDE_1.16.1/STM32CubeIDE/plugins/com.st.stm32cube.ide.mcu.externaltools.gnu-tools-for-stm32.12.3.rel1.win32_1.0.200.202406191623/tools/bin/../lib/gcc/arm-none-eabi/12.3.1/thumb/v7e-m+fp/hard\libgcc.a(_arm_muldivdf3.o)
 .ARM.attributes
                0x00000637       0x22 C:/ST/STM32CubeIDE_1.16.1/STM32CubeIDE/plugins/com.st.stm32cube.ide.mcu.externaltools.gnu-tools-for-stm32.12.3.rel1.win32_1.0.200.202406191623/tools/bin/../lib/gcc/arm-none-eabi/12.3.1/thumb/v7e-m+fp/hard\libgcc.a(_arm_fixdfsi.o)
 .ARM.attributes
                0x00000659       0x22 C:/ST/STM32CubeIDE_1.16.1/STM32CubeIDE/plugins/com.st.stm32cube.ide.mcu.externaltools.gnu-tools-for-stm32.12.3.rel1.win32_1.0.200.202406191623/tools/bin/../lib/gcc/arm-none-eabi/12.3.1/thumb/v7e-m+fp/hard\libgcc.a(_aeabi_uldivmod.o)
 .ARM.attributes
                0x0000067b       0x34 C:/ST/STM32CubeIDE_1.16.1/STM32CubeIDE/plugins/com.st.stm32cube.ide.mcu.externaltools.gnu-tools-for-stm32.12.3.rel1.win32_1.0.200.202406191623/tools/bin/../lib/gcc/arm-none-eabi/12.3.1/thumb/v7e-m+fp/hard\libgcc.a(_udivmoddi4.o)
 .ARM.attributes
                0x000006af       0x22 C:/ST/STM32CubeIDE_1.16.1/STM32CubeIDE/plugins/com.st.stm32cube.ide.mcu.externaltools.gnu-tools-for-stm32.12.3.rel1.win32_1.0.200.202406191623/tools/bin/../lib/gcc/arm-none-eabi/12.3.1/thumb/v7e-m+fp/hard\libgcc.a(_dvmd_tls.o)
 .ARM.attributes
                0x000006d1       0x22 C:/ST/STM32CubeIDE_1.16.1/STM32CubeIDE/plugins/com.st.stm32cube.ide.mcu.externaltools.gnu-tools-for-stm32.12.3.rel1.win32_1.0.200.202406191623/tools/bin/../lib/gcc/arm-none-eabi/12.3.1/thumb/v7e-m+fp/hard/crtn.o
OUTPUT(Praca-Inzynierksa-STM32.elf elf32-littlearm)
LOAD linker stubs
LOAD C:/ST/STM32CubeIDE_1.16.1/STM32CubeIDE/plugins/com.st.stm32cube.ide.mcu.externaltools.gnu-tools-for-stm32.12.3.rel1.win32_1.0.200.202406191623/tools/bin/../lib/gcc/arm-none-eabi/12.3.1/../../../../arm-none-eabi/lib/thumb/v7e-m+fp/hard\libc.a
LOAD C:/ST/STM32CubeIDE_1.16.1/STM32CubeIDE/plugins/com.st.stm32cube.ide.mcu.externaltools.gnu-tools-for-stm32.12.3.rel1.win32_1.0.200.202406191623/tools/bin/../lib/gcc/arm-none-eabi/12.3.1/../../../../arm-none-eabi/lib/thumb/v7e-m+fp/hard\libm.a
LOAD C:/ST/STM32CubeIDE_1.16.1/STM32CubeIDE/plugins/com.st.stm32cube.ide.mcu.externaltools.gnu-tools-for-stm32.12.3.rel1.win32_1.0.200.202406191623/tools/bin/../lib/gcc/arm-none-eabi/12.3.1/thumb/v7e-m+fp/hard\libgcc.a

.debug_info     0x00000000    0x1c6a8
 .debug_info    0x00000000      0xa6c ./Core/Src/LinearRamp.o
 .debug_info    0x00000a6c     0x5609 ./Core/Src/TMC4671_controller.o
 .debug_info    0x00006075      0x425 ./Core/Src/gpio.o
 .debug_info    0x0000649a     0x4198 ./Core/Src/main.o
 .debug_info    0x0000a632      0x94d ./Core/Src/spi.o
 .debug_info    0x0000af7f      0x269 ./Core/Src/stm32f4xx_hal_msp.o
 .debug_info    0x0000b1e8      0x627 ./Core/Src/stm32f4xx_it.o
 .debug_info    0x0000b80f      0x512 ./Core/Src/system_stm32f4xx.o
 .debug_info    0x0000bd21       0x30 ./Core/Startup/startup_stm32f407vgtx.o
 .debug_info    0x0000bd51      0x944 ./Drivers/STM32F4xx_HAL_Driver/Src/stm32f4xx_hal.o
 .debug_info    0x0000c695      0xd8c ./Drivers/STM32F4xx_HAL_Driver/Src/stm32f4xx_hal_cortex.o
 .debug_info    0x0000d421      0x6c3 ./Drivers/STM32F4xx_HAL_Driver/Src/stm32f4xx_hal_gpio.o
 .debug_info    0x0000dae4     0x156f ./Drivers/STM32F4xx_HAL_Driver/Src/stm32f4xx_hal_pcd.o
 .debug_info    0x0000f053      0x6ea ./Drivers/STM32F4xx_HAL_Driver/Src/stm32f4xx_hal_pcd_ex.o
 .debug_info    0x0000f73d      0x8af ./Drivers/STM32F4xx_HAL_Driver/Src/stm32f4xx_hal_rcc.o
 .debug_info    0x0000ffec     0x1525 ./Drivers/STM32F4xx_HAL_Driver/Src/stm32f4xx_hal_spi.o
 .debug_info    0x00011511     0x1993 ./Drivers/STM32F4xx_HAL_Driver/Src/stm32f4xx_ll_usb.o
 .debug_info    0x00012ea4      0xc4e ./Middlewares/ST/STM32_USB_Device_Library/Class/CustomHID/Src/usbd_customhid.o
 .debug_info    0x00013af2      0xe05 ./Middlewares/ST/STM32_USB_Device_Library/Core/Src/usbd_core.o
 .debug_info    0x000148f7      0xade ./Middlewares/ST/STM32_USB_Device_Library/Core/Src/usbd_ctlreq.o
 .debug_info    0x000153d5      0x755 ./Middlewares/ST/STM32_USB_Device_Library/Core/Src/usbd_ioreq.o
 .debug_info    0x00015b2a      0x6bf ./USB_DEVICE/App/usb_device.o
 .debug_info    0x000161e9     0x43fc ./USB_DEVICE/App/usbd_custom_hid_if.o
 .debug_info    0x0001a5e5      0x458 ./USB_DEVICE/App/usbd_desc.o
 .debug_info    0x0001aa3d     0x1c6b ./USB_DEVICE/Target/usbd_conf.o

.debug_abbrev   0x00000000     0x3c89
 .debug_abbrev  0x00000000      0x22c ./Core/Src/LinearRamp.o
 .debug_abbrev  0x0000022c      0x62e ./Core/Src/TMC4671_controller.o
 .debug_abbrev  0x0000085a      0x152 ./Core/Src/gpio.o
 .debug_abbrev  0x000009ac      0x4d2 ./Core/Src/main.o
 .debug_abbrev  0x00000e7e      0x1fa ./Core/Src/spi.o
 .debug_abbrev  0x00001078       0xd8 ./Core/Src/stm32f4xx_hal_msp.o
 .debug_abbrev  0x00001150      0x1a4 ./Core/Src/stm32f4xx_it.o
 .debug_abbrev  0x000012f4      0x11a ./Core/Src/system_stm32f4xx.o
 .debug_abbrev  0x0000140e       0x24 ./Core/Startup/startup_stm32f407vgtx.o
 .debug_abbrev  0x00001432      0x214 ./Drivers/STM32F4xx_HAL_Driver/Src/stm32f4xx_hal.o
 .debug_abbrev  0x00001646      0x31d ./Drivers/STM32F4xx_HAL_Driver/Src/stm32f4xx_hal_cortex.o
 .debug_abbrev  0x00001963      0x1d4 ./Drivers/STM32F4xx_HAL_Driver/Src/stm32f4xx_hal_gpio.o
 .debug_abbrev  0x00001b37      0x2b9 ./Drivers/STM32F4xx_HAL_Driver/Src/stm32f4xx_hal_pcd.o
 .debug_abbrev  0x00001df0      0x1da ./Drivers/STM32F4xx_HAL_Driver/Src/stm32f4xx_hal_pcd_ex.o
 .debug_abbrev  0x00001fca      0x2b7 ./Drivers/STM32F4xx_HAL_Driver/Src/stm32f4xx_hal_rcc.o
 .debug_abbrev  0x00002281      0x27a ./Drivers/STM32F4xx_HAL_Driver/Src/stm32f4xx_hal_spi.o
 .debug_abbrev  0x000024fb      0x2b3 ./Drivers/STM32F4xx_HAL_Driver/Src/stm32f4xx_ll_usb.o
 .debug_abbrev  0x000027ae      0x2d0 ./Middlewares/ST/STM32_USB_Device_Library/Class/CustomHID/Src/usbd_customhid.o
 .debug_abbrev  0x00002a7e      0x27c ./Middlewares/ST/STM32_USB_Device_Library/Core/Src/usbd_core.o
 .debug_abbrev  0x00002cfa      0x26f ./Middlewares/ST/STM32_USB_Device_Library/Core/Src/usbd_ctlreq.o
 .debug_abbrev  0x00002f69      0x19a ./Middlewares/ST/STM32_USB_Device_Library/Core/Src/usbd_ioreq.o
 .debug_abbrev  0x00003103      0x194 ./USB_DEVICE/App/usb_device.o
 .debug_abbrev  0x00003297      0x4d2 ./USB_DEVICE/App/usbd_custom_hid_if.o
 .debug_abbrev  0x00003769      0x1e1 ./USB_DEVICE/App/usbd_desc.o
 .debug_abbrev  0x0000394a      0x33f ./USB_DEVICE/Target/usbd_conf.o

.debug_aranges  0x00000000     0x1000
 .debug_aranges
                0x00000000       0x50 ./Core/Src/LinearRamp.o
 .debug_aranges
                0x00000050      0x240 ./Core/Src/TMC4671_controller.o
 .debug_aranges
                0x00000290       0x20 ./Core/Src/gpio.o
 .debug_aranges
                0x000002b0       0x48 ./Core/Src/main.o
 .debug_aranges
                0x000002f8       0x30 ./Core/Src/spi.o
 .debug_aranges
                0x00000328       0x20 ./Core/Src/stm32f4xx_hal_msp.o
 .debug_aranges
                0x00000348       0x68 ./Core/Src/stm32f4xx_it.o
 .debug_aranges
                0x000003b0       0x28 ./Core/Src/system_stm32f4xx.o
 .debug_aranges
                0x000003d8       0x28 ./Core/Startup/startup_stm32f407vgtx.o
 .debug_aranges
                0x00000400       0xf0 ./Drivers/STM32F4xx_HAL_Driver/Src/stm32f4xx_hal.o
 .debug_aranges
                0x000004f0      0x130 ./Drivers/STM32F4xx_HAL_Driver/Src/stm32f4xx_hal_cortex.o
 .debug_aranges
                0x00000620       0x58 ./Drivers/STM32F4xx_HAL_Driver/Src/stm32f4xx_hal_gpio.o
 .debug_aranges
                0x00000678      0x148 ./Drivers/STM32F4xx_HAL_Driver/Src/stm32f4xx_hal_pcd.o
 .debug_aranges
                0x000007c0       0x38 ./Drivers/STM32F4xx_HAL_Driver/Src/stm32f4xx_hal_pcd_ex.o
 .debug_aranges
                0x000007f8       0x88 ./Drivers/STM32F4xx_HAL_Driver/Src/stm32f4xx_hal_rcc.o
 .debug_aranges
                0x00000880      0x1d0 ./Drivers/STM32F4xx_HAL_Driver/Src/stm32f4xx_hal_spi.o
 .debug_aranges
                0x00000a50      0x1a0 ./Drivers/STM32F4xx_HAL_Driver/Src/stm32f4xx_ll_usb.o
 .debug_aranges
                0x00000bf0       0x80 ./Middlewares/ST/STM32_USB_Device_Library/Class/CustomHID/Src/usbd_customhid.o
 .debug_aranges
                0x00000c70       0xd8 ./Middlewares/ST/STM32_USB_Device_Library/Core/Src/usbd_core.o
 .debug_aranges
                0x00000d48       0x90 ./Middlewares/ST/STM32_USB_Device_Library/Core/Src/usbd_ctlreq.o
 .debug_aranges
                0x00000dd8       0x50 ./Middlewares/ST/STM32_USB_Device_Library/Core/Src/usbd_ioreq.o
 .debug_aranges
                0x00000e28       0x20 ./USB_DEVICE/App/usb_device.o
 .debug_aranges
                0x00000e48       0x48 ./USB_DEVICE/App/usbd_custom_hid_if.o
 .debug_aranges
                0x00000e90       0x60 ./USB_DEVICE/App/usbd_desc.o
 .debug_aranges
                0x00000ef0      0x110 ./USB_DEVICE/Target/usbd_conf.o

.debug_rnglists
                0x00000000      0xbf0
 .debug_rnglists
                0x00000000       0x3a ./Core/Src/LinearRamp.o
 .debug_rnglists
                0x0000003a      0x1c2 ./Core/Src/TMC4671_controller.o
 .debug_rnglists
                0x000001fc       0x14 ./Core/Src/gpio.o
 .debug_rnglists
                0x00000210       0x32 ./Core/Src/main.o
 .debug_rnglists
                0x00000242       0x20 ./Core/Src/spi.o
 .debug_rnglists
                0x00000262       0x13 ./Core/Src/stm32f4xx_hal_msp.o
 .debug_rnglists
                0x00000275       0x49 ./Core/Src/stm32f4xx_it.o
 .debug_rnglists
                0x000002be       0x1a ./Core/Src/system_stm32f4xx.o
 .debug_rnglists
                0x000002d8       0x19 ./Core/Startup/startup_stm32f407vgtx.o
 .debug_rnglists
                0x000002f1       0xaf ./Drivers/STM32F4xx_HAL_Driver/Src/stm32f4xx_hal.o
 .debug_rnglists
                0x000003a0       0xe0 ./Drivers/STM32F4xx_HAL_Driver/Src/stm32f4xx_hal_cortex.o
 .debug_rnglists
                0x00000480       0x3f ./Drivers/STM32F4xx_HAL_Driver/Src/stm32f4xx_hal_gpio.o
 .debug_rnglists
                0x000004bf       0xfa ./Drivers/STM32F4xx_HAL_Driver/Src/stm32f4xx_hal_pcd.o
 .debug_rnglists
                0x000005b9       0x26 ./Drivers/STM32F4xx_HAL_Driver/Src/stm32f4xx_hal_pcd_ex.o
 .debug_rnglists
                0x000005df       0x66 ./Drivers/STM32F4xx_HAL_Driver/Src/stm32f4xx_hal_rcc.o
 .debug_rnglists
                0x00000645      0x16f ./Drivers/STM32F4xx_HAL_Driver/Src/stm32f4xx_hal_spi.o
 .debug_rnglists
                0x000007b4      0x147 ./Drivers/STM32F4xx_HAL_Driver/Src/stm32f4xx_ll_usb.o
 .debug_rnglists
                0x000008fb       0x5e ./Middlewares/ST/STM32_USB_Device_Library/Class/CustomHID/Src/usbd_customhid.o
 .debug_rnglists
                0x00000959       0xa1 ./Middlewares/ST/STM32_USB_Device_Library/Core/Src/usbd_core.o
 .debug_rnglists
                0x000009fa       0x6e ./Middlewares/ST/STM32_USB_Device_Library/Core/Src/usbd_ctlreq.o
 .debug_rnglists
                0x00000a68       0x37 ./Middlewares/ST/STM32_USB_Device_Library/Core/Src/usbd_ioreq.o
 .debug_rnglists
                0x00000a9f       0x13 ./USB_DEVICE/App/usb_device.o
 .debug_rnglists
                0x00000ab2       0x32 ./USB_DEVICE/App/usbd_custom_hid_if.o
 .debug_rnglists
                0x00000ae4       0x43 ./USB_DEVICE/App/usbd_desc.o
 .debug_rnglists
                0x00000b27       0xc9 ./USB_DEVICE/Target/usbd_conf.o

.debug_macro    0x00000000     0x5d78
 .debug_macro   0x00000000      0x1a0 ./Core/Src/LinearRamp.o
 .debug_macro   0x000001a0       0x10 ./Core/Src/LinearRamp.o
 .debug_macro   0x000001b0      0x11c ./Core/Src/LinearRamp.o
 .debug_macro   0x000002cc       0x9b ./Core/Src/LinearRamp.o
 .debug_macro   0x00000367       0x1c ./Core/Src/LinearRamp.o
 .debug_macro   0x00000383       0xde ./Core/Src/LinearRamp.o
 .debug_macro   0x00000461       0x16 ./Core/Src/LinearRamp.o
 .debug_macro   0x00000477      0x3a8 ./Core/Src/TMC4671_controller.o
 .debug_macro   0x0000081f     0x1011 ./Core/Src/TMC4671_controller.o
 .debug_macro   0x00001830       0x5c ./Core/Src/TMC4671_controller.o
 .debug_macro   0x0000188c       0x46 ./Core/Src/TMC4671_controller.o
 .debug_macro   0x000018d2       0x1c ./Core/Src/TMC4671_controller.o
 .debug_macro   0x000018ee      0x1f7 ./Core/Src/gpio.o
 .debug_macro   0x00001ae5      0x414 ./Core/Src/main.o
 .debug_macro   0x00001ef9       0x1c ./Core/Src/main.o
 .debug_macro   0x00001f15       0x10 ./Core/Src/main.o
 .debug_macro   0x00001f25       0x1c ./Core/Src/main.o
 .debug_macro   0x00001f41       0x16 ./Core/Src/main.o
 .debug_macro   0x00001f57      0x138 ./Core/Src/main.o
 .debug_macro   0x0000208f       0x78 ./Core/Src/main.o
 .debug_macro   0x00002107      0x20f ./Core/Src/main.o
 .debug_macro   0x00002316      0x1f7 ./Core/Src/spi.o
 .debug_macro   0x0000250d      0x1ed ./Core/Src/stm32f4xx_hal_msp.o
 .debug_macro   0x000026fa      0x1f7 ./Core/Src/stm32f4xx_it.o
 .debug_macro   0x000028f1      0x1de ./Core/Src/system_stm32f4xx.o
 .debug_macro   0x00002acf      0x23e ./Drivers/STM32F4xx_HAL_Driver/Src/stm32f4xx_hal.o
 .debug_macro   0x00002d0d      0x1de ./Drivers/STM32F4xx_HAL_Driver/Src/stm32f4xx_hal_cortex.o