Archive member included to satisfy reference by file (symbol)

C:/ST/STM32CubeIDE_1.16.1/STM32CubeIDE/plugins/com.st.stm32cube.ide.mcu.externaltools.gnu-tools-for-stm32.12.3.rel1.win32_1.0.200.202406191623/tools/bin/../lib/gcc/arm-none-eabi/12.3.1/../../../../arm-none-eabi/lib/thumb/v7e-m+fp/hard\libc_nano.a(libc_a-exit.o)
                              C:/ST/STM32CubeIDE_1.16.1/STM32CubeIDE/plugins/com.st.stm32cube.ide.mcu.externaltools.gnu-tools-for-stm32.12.3.rel1.win32_1.0.200.202406191623/tools/bin/../lib/gcc/arm-none-eabi/12.3.1/../../../../arm-none-eabi/lib/thumb/v7e-m+fp/hard/crt0.o (exit)
C:/ST/STM32CubeIDE_1.16.1/STM32CubeIDE/plugins/com.st.stm32cube.ide.mcu.externaltools.gnu-tools-for-stm32.12.3.rel1.win32_1.0.200.202406191623/tools/bin/../lib/gcc/arm-none-eabi/12.3.1/../../../../arm-none-eabi/lib/thumb/v7e-m+fp/hard\libc_nano.a(libc_a-findfp.o)
                              C:/ST/STM32CubeIDE_1.16.1/STM32CubeIDE/plugins/com.st.stm32cube.ide.mcu.externaltools.gnu-tools-for-stm32.12.3.rel1.win32_1.0.200.202406191623/tools/bin/../lib/gcc/arm-none-eabi/12.3.1/../../../../arm-none-eabi/lib/thumb/v7e-m+fp/hard\libc_nano.a(libc_a-exit.o) (__stdio_exit_handler)
C:/ST/STM32CubeIDE_1.16.1/STM32CubeIDE/plugins/com.st.stm32cube.ide.mcu.externaltools.gnu-tools-for-stm32.12.3.rel1.win32_1.0.200.202406191623/tools/bin/../lib/gcc/arm-none-eabi/12.3.1/../../../../arm-none-eabi/lib/thumb/v7e-m+fp/hard\libc_nano.a(libc_a-fwalk.o)
                              C:/ST/STM32CubeIDE_1.16.1/STM32CubeIDE/plugins/com.st.stm32cube.ide.mcu.externaltools.gnu-tools-for-stm32.12.3.rel1.win32_1.0.200.202406191623/tools/bin/../lib/gcc/arm-none-eabi/12.3.1/../../../../arm-none-eabi/lib/thumb/v7e-m+fp/hard\libc_nano.a(libc_a-findfp.o) (_fwalk_sglue)
C:/ST/STM32CubeIDE_1.16.1/STM32CubeIDE/plugins/com.st.stm32cube.ide.mcu.externaltools.gnu-tools-for-stm32.12.3.rel1.win32_1.0.200.202406191623/tools/bin/../lib/gcc/arm-none-eabi/12.3.1/../../../../arm-none-eabi/lib/thumb/v7e-m+fp/hard\libc_nano.a(libc_a-stdio.o)
                              C:/ST/STM32CubeIDE_1.16.1/STM32CubeIDE/plugins/com.st.stm32cube.ide.mcu.externaltools.gnu-tools-for-stm32.12.3.rel1.win32_1.0.200.202406191623/tools/bin/../lib/gcc/arm-none-eabi/12.3.1/../../../../arm-none-eabi/lib/thumb/v7e-m+fp/hard\libc_nano.a(libc_a-findfp.o) (__sread)
C:/ST/STM32CubeIDE_1.16.1/STM32CubeIDE/plugins/com.st.stm32cube.ide.mcu.externaltools.gnu-tools-for-stm32.12.3.rel1.win32_1.0.200.202406191623/tools/bin/../lib/gcc/arm-none-eabi/12.3.1/../../../../arm-none-eabi/lib/thumb/v7e-m+fp/hard\libc_nano.a(libc_a-memset.o)
                              C:/ST/STM32CubeIDE_1.16.1/STM32CubeIDE/plugins/com.st.stm32cube.ide.mcu.externaltools.gnu-tools-for-stm32.12.3.rel1.win32_1.0.200.202406191623/tools/bin/../lib/gcc/arm-none-eabi/12.3.1/../../../../arm-none-eabi/lib/thumb/v7e-m+fp/hard/crt0.o (memset)
C:/ST/STM32CubeIDE_1.16.1/STM32CubeIDE/plugins/com.st.stm32cube.ide.mcu.externaltools.gnu-tools-for-stm32.12.3.rel1.win32_1.0.200.202406191623/tools/bin/../lib/gcc/arm-none-eabi/12.3.1/../../../../arm-none-eabi/lib/thumb/v7e-m+fp/hard\libc_nano.a(libc_a-closer.o)
                              C:/ST/STM32CubeIDE_1.16.1/STM32CubeIDE/plugins/com.st.stm32cube.ide.mcu.externaltools.gnu-tools-for-stm32.12.3.rel1.win32_1.0.200.202406191623/tools/bin/../lib/gcc/arm-none-eabi/12.3.1/../../../../arm-none-eabi/lib/thumb/v7e-m+fp/hard\libc_nano.a(libc_a-stdio.o) (_close_r)
C:/ST/STM32CubeIDE_1.16.1/STM32CubeIDE/plugins/com.st.stm32cube.ide.mcu.externaltools.gnu-tools-for-stm32.12.3.rel1.win32_1.0.200.202406191623/tools/bin/../lib/gcc/arm-none-eabi/12.3.1/../../../../arm-none-eabi/lib/thumb/v7e-m+fp/hard\libc_nano.a(libc_a-reent.o)
                              C:/ST/STM32CubeIDE_1.16.1/STM32CubeIDE/plugins/com.st.stm32cube.ide.mcu.externaltools.gnu-tools-for-stm32.12.3.rel1.win32_1.0.200.202406191623/tools/bin/../lib/gcc/arm-none-eabi/12.3.1/../../../../arm-none-eabi/lib/thumb/v7e-m+fp/hard\libc_nano.a(libc_a-closer.o) (errno)
C:/ST/STM32CubeIDE_1.16.1/STM32CubeIDE/plugins/com.st.stm32cube.ide.mcu.externaltools.gnu-tools-for-stm32.12.3.rel1.win32_1.0.200.202406191623/tools/bin/../lib/gcc/arm-none-eabi/12.3.1/../../../../arm-none-eabi/lib/thumb/v7e-m+fp/hard\libc_nano.a(libc_a-impure.o)
                              C:/ST/STM32CubeIDE_1.16.1/STM32CubeIDE/plugins/com.st.stm32cube.ide.mcu.externaltools.gnu-tools-for-stm32.12.3.rel1.win32_1.0.200.202406191623/tools/bin/../lib/gcc/arm-none-eabi/12.3.1/../../../../arm-none-eabi/lib/thumb/v7e-m+fp/hard\libc_nano.a(libc_a-reent.o) (_impure_ptr)
C:/ST/STM32CubeIDE_1.16.1/STM32CubeIDE/plugins/com.st.stm32cube.ide.mcu.externaltools.gnu-tools-for-stm32.12.3.rel1.win32_1.0.200.202406191623/tools/bin/../lib/gcc/arm-none-eabi/12.3.1/../../../../arm-none-eabi/lib/thumb/v7e-m+fp/hard\libc_nano.a(libc_a-lseekr.o)
[...]
Memory Configuration

Name             Origin             Length             Attributes
CCMRAM           0x10000000         0x00010000         xrw
RAM              0x20000000         0x00020000         xrw
FLASH            0x08000000         0x00100000         xr
*default*        0x00000000         0xffffffff

Linker script and memory map

LOAD C:/ST/STM32CubeIDE_1.16.1/STM32CubeIDE/plugins/com.st.stm32cube.ide.mcu.externaltools.gnu-tools-for-stm32.12.3.rel1.win32_1.0.200.202406191623/tools/bin/../lib/gcc/arm-none-eabi/12.3.1/thumb/v7e-m+fp/hard/crti.o
LOAD C:/ST/STM32CubeIDE_1.16.1/STM32CubeIDE/plugins/com.st.stm32cube.ide.mcu.externaltools.gnu-tools-for-stm32.12.3.rel1.win32_1.0.200.202406191623/tools/bin/../lib/gcc/arm-none-eabi/12.3.1/thumb/v7e-m+fp/hard/crtbegin.o
LOAD C:/ST/STM32CubeIDE_1.16.1/STM32CubeIDE/plugins/com.st.stm32cube.ide.mcu.externaltools.gnu-tools-for-stm32.12.3.rel1.win32_1.0.200.202406191623/tools/bin/../lib/gcc/arm-none-eabi/12.3.1/../../../../arm-none-eabi/lib/thumb/v7e-m+fp/hard/crt0.o
LOAD ./Core/Src/LinearRamp.o
LOAD ./Core/Src/TMC4671_API.o
LOAD ./Core/Src/TMC4671_controller.o
LOAD ./Core/Src/gpio.o
LOAD ./Core/Src/main.o
LOAD ./Core/Src/spi.o
LOAD ./Core/Src/stm32f4xx_hal_msp.o
LOAD ./Core/Src/stm32f4xx_it.o
LOAD ./Core/Src/syscalls.o
LOAD ./Core/Src/sysmem.o
LOAD ./Core/Src/system_stm32f4xx.o
LOAD ./Core/Src/tim.o
LOAD ./Core/Startup/startup_stm32f407vgtx.o
LOAD ./Drivers/STM32F4xx_HAL_Driver/Src/stm32f4xx_hal.o
LOAD ./Drivers/STM32F4xx_HAL_Driver/Src/stm32f4xx_hal_cortex.o
LOAD ./Drivers/STM32F4xx_HAL_Driver/Src/stm32f4xx_hal_dma.o
LOAD ./Drivers/STM32F4xx_HAL_Driver/Src/stm32f4xx_hal_dma_ex.o
LOAD ./Drivers/STM32F4xx_HAL_Driver/Src/stm32f4xx_hal_exti.o
LOAD ./Drivers/STM32F4xx_HAL_Driver/Src/stm32f4xx_hal_flash.o
LOAD ./Drivers/STM32F4xx_HAL_Driver/Src/stm32f4xx_hal_flash_ex.o
LOAD ./Drivers/STM32F4xx_HAL_Driver/Src/stm32f4xx_hal_flash_ramfunc.o
LOAD ./Drivers/STM32F4xx_HAL_Driver/Src/stm32f4xx_hal_gpio.o
LOAD ./Drivers/STM32F4xx_HAL_Driver/Src/stm32f4xx_hal_pcd.o
LOAD ./Drivers/STM32F4xx_HAL_Driver/Src/stm32f4xx_hal_pcd_ex.o
LOAD ./Drivers/STM32F4xx_HAL_Driver/Src/stm32f4xx_hal_pwr.o
LOAD ./Drivers/STM32F4xx_HAL_Driver/Src/stm32f4xx_hal_pwr_ex.o
LOAD ./Drivers/STM32F4xx_HAL_Driver/Src/stm32f4xx_hal_rcc.o
LOAD ./Drivers/STM32F4xx_HAL_Driver/Src/stm32f4xx_hal_rcc_ex.o
LOAD ./Drivers/STM32F4xx_HAL_Driver/Src/stm32f4xx_hal_spi.o
LOAD ./Drivers/STM32F4xx_HAL_Driver/Src/stm32f4xx_hal_tim.o
LOAD ./Drivers/STM32F4xx_HAL_Driver/Src/stm32f4xx_hal_tim_ex.o
LOAD ./Drivers/STM32F4xx_HAL_Driver/Src/stm32f4xx_ll_usb.o
LOAD ./Middlewares/ST/STM32_USB_Device_Library/Class/CustomHID/Src/usbd_customhid.o
LOAD ./Middlewares/ST/STM32_USB_Device_Library/Core/Src/usbd_core.o
LOAD ./Middlewares/ST/STM32_USB_Device_Library/Core/Src/usbd_ctlreq.o
LOAD ./Middlewares/ST/STM32_USB_Device_Library/Core/Src/usbd_ioreq.o
LOAD ./USB_DEVICE/App/usb_device.o
LOAD ./USB_DEVICE/App/usbd_custom_hid_if.o
LOAD ./USB_DEVICE/App/usbd_desc.o
LOAD ./USB_DEVICE/Target/usbd_conf.o
START GROUP
LOAD C:/ST/STM32CubeIDE_1.16.1/STM32CubeIDE/plugins/com.st.stm32cube.ide.mcu.externaltools.gnu-tools-for-stm32.12.3.rel1.win32_1.0.200.202406191623/tools/bin/../lib/gcc/arm-none-eabi/12.3.1/../../../../arm-none-eabi/lib/thumb/v7e-m+fp/hard\libstdc++_nano.a
LOAD C:/ST/STM32CubeIDE_1.16.1/STM32CubeIDE/plugins/com.st.stm32cube.ide.mcu.externaltools.gnu-tools-for-stm32.12.3.rel1.win32_1.0.200.202406191623/tools/bin/../lib/gcc/arm-none-eabi/12.3.1/../../../../arm-none-eabi/lib/thumb/v7e-m+fp/hard\libsupc++_nano.a
END GROUP
LOAD C:/ST/STM32CubeIDE_1.16.1/STM32CubeIDE/plugins/com.st.stm32cube.ide.mcu.externaltools.gnu-tools-for-stm32.12.3.rel1.win32_1.0.200.202406191623/tools/bin/../lib/gcc/arm-none-eabi/12.3.1/../../../../arm-none-eabi/lib/thumb/v7e-m+fp/hard\libstdc++_nano.a
LOAD C:/ST/STM32CubeIDE_1.16.1/STM32CubeIDE/plugins/com.st.stm32cube.ide.mcu.externaltools.gnu-tools-for-stm32.12.3.rel1.win32_1.0.200.202406191623/tools/bin/../lib/gcc/arm-none-eabi/12.3.1/../../../../arm-none-eabi/lib/thumb/v7e-m+fp/hard\libm.a
LOAD C:/ST/STM32CubeIDE_1.16.1/STM32CubeIDE/plugins/com.st.stm32cube.ide.mcu.externaltools.gnu-tools-for-stm32.12.3.rel1.win32_1.0.200.202406191623/tools/bin/../lib/gcc/arm-none-eabi/12.3.1/../../../../arm-none-eabi/lib/thumb/v7e-m+fp/hard\libc_nano.a
START GROUP
LOAD C:/ST/STM32CubeIDE_1.16.1/STM32CubeIDE/plugins/com.st.stm32cube.ide.mcu.externaltools.gnu-tools-for-stm32.12.3.rel1.win32_1.0.200.202406191623/tools/bin/../lib/gcc/arm-none-eabi/12.3.1/thumb/v7e-m+fp/hard\libgcc.a
LOAD C:/ST/STM32CubeIDE_1.16.1/STM32CubeIDE/plugins/com.st.stm32cube.ide.mcu.externaltools.gnu-tools-for-stm32.12.3.rel1.win32_1.0.200.202406191623/tools/bin/../lib/gcc/arm-none-eabi/12.3.1/../../../../arm-none-eabi/lib/thumb/v7e-m+fp/hard\libc_nano.a
END GROUP
START GROUP
LOAD C:/ST/STM32CubeIDE_1.16.1/STM32CubeIDE/plugins/com.st.stm32cube.ide.mcu.externaltools.gnu-tools-for-stm32.12.3.rel1.win32_1.0.200.202406191623/tools/bin/../lib/gcc/arm-none-eabi/12.3.1/thumb/v7e-m+fp/hard\libgcc.a
LOAD C:/ST/STM32CubeIDE_1.16.1/STM32CubeIDE/plugins/com.st.stm32cube.ide.mcu.externaltools.gnu-tools-for-stm32.12.3.rel1.win32_1.0.200.202406191623/tools/bin/../lib/gcc/arm-none-eabi/12.3.1/../../../../arm-none-eabi/lib/thumb/v7e-m+fp/hard\libc_nano.a
LOAD C:/ST/STM32CubeIDE_1.16.1/STM32CubeIDE/plugins/com.st.stm32cube.ide.mcu.externaltools.gnu-tools-for-stm32.12.3.rel1.win32_1.0.200.202406191623/tools/bin/../lib/gcc/arm-none-eabi/12.3.1/../../../../arm-none-eabi/lib/thumb/v7e-m+fp/hard\libnosys.a
END GROUP
START GROUP
LOAD C:/ST/STM32CubeIDE_1.16.1/STM32CubeIDE/plugins/com.st.stm32cube.ide.mcu.externaltools.gnu-tools-for-stm32.12.3.rel1.win32_1.0.200.202406191623/tools/bin/../lib/gcc/arm-none-eabi/12.3.1/thumb/v7e-m+fp/hard\libgcc.a
LOAD C:/ST/STM32CubeIDE_1.16.1/STM32CubeIDE/plugins/com.st.stm32cube.ide.mcu.externaltools.gnu-tools-for-stm32.12.3.rel1.win32_1.0.200.202406191623/tools/bin/../lib/gcc/arm-none-eabi/12.3.1/../../../../arm-none-eabi/lib/thumb/v7e-m+fp/hard\libc_nano.a
LOAD C:/ST/STM32CubeIDE_1.16.1/STM32CubeIDE/plugins/com.st.stm32cube.ide.mcu.externaltools.gnu-tools-for-stm32.12.3.rel1.win32_1.0.200.202406191623/tools/bin/../lib/gcc/arm-none-eabi/12.3.1/../../../../arm-none-eabi/lib/thumb/v7e-m+fp/hard\libnosys.a
END GROUP
LOAD C:/ST/STM32CubeIDE_1.16.1/STM32CubeIDE/plugins/com.st.stm32cube.ide.mcu.externaltools.gnu-tools-for-stm32.12.3.rel1.win32_1.0.200.202406191623/tools/bin/../lib/gcc/arm-none-eabi/12.3.1/thumb/v7e-m+fp/hard/crtend.o
LOAD C:/ST/STM32CubeIDE_1.16.1/STM32CubeIDE/plugins/com.st.stm32cube.ide.mcu.externaltools.gnu-tools-for-stm32.12.3.rel1.win32_1.0.200.202406191623/tools/bin/../lib/gcc/arm-none-eabi/12.3.1/thumb/v7e-m+fp/hard/crtn.o
                0x20020000                        _estack = (ORIGIN (RAM) + LENGTH (RAM))
                0x00000200                        _Min_Heap_Size = 0x200
                0x00000400                        _Min_Stack_Size = 0x400

.isr_vector     0x08000000      0x188
                0x08000000                        . = ALIGN (0x4)
 *(.isr_vector)
 .isr_vector    0x08000000      0x188 ./Core/Startup/startup_stm32f407vgtx.o
                0x08000000                g_pfnVectors
                0x08000188                        . = ALIGN (0x4)

.text           0x08000188     0x90e0
                0x08000188                        . = ALIGN (0x4)
 *(.text)
 .text          0x08000188       0x40 C:/ST/STM32CubeIDE_1.16.1/STM32CubeIDE/plugins/com.st.stm32cube.ide.mcu.externaltools.gnu-tools-for-stm32.12.3.rel1.win32_1.0.200.202406191623/tools/bin/../lib/gcc/arm-none-eabi/12.3.1/thumb/v7e-m+fp/hard/crtbegin.o
 .text          0x080001c8       0xa0 C:/ST/STM32CubeIDE_1.16.1/STM32CubeIDE/plugins/com.st.stm32cube.ide.mcu.externaltools.gnu-tools-for-stm32.12.3.rel1.win32_1.0.200.202406191623/tools/bin/../lib/gcc/arm-none-eabi/12.3.1/thumb/v7e-m+fp/hard\libgcc.a(_aeabi_ldivmod.o)
                0x080001c8                __aeabi_ldivmod
 .text          0x08000268       0x30 C:/ST/STM32CubeIDE_1.16.1/STM32CubeIDE/plugins/com.st.stm32cube.ide.mcu.externaltools.gnu-tools-for-stm32.12.3.rel1.win32_1.0.200.202406191623/tools/bin/../lib/gcc/arm-none-eabi/12.3.1/thumb/v7e-m+fp/hard\libgcc.a(_aeabi_uldivmod.o)
                0x08000268                __aeabi_uldivmod
 .text          0x08000298      0x2bc C:/ST/STM32CubeIDE_1.16.1/STM32CubeIDE/plugins/com.st.stm32cube.ide.mcu.externaltools.gnu-tools-for-stm32.12.3.rel1.win32_1.0.200.202406191623/tools/bin/../lib/gcc/arm-none-eabi/12.3.1/thumb/v7e-m+fp/hard\libgcc.a(_udivmoddi4.o)
                0x08000298                __udivmoddi4
 .text          0x08000554        0x4 C:/ST/STM32CubeIDE_1.16.1/STM32CubeIDE/plugins/com.st.stm32cube.ide.mcu.externaltools.gnu-tools-for-stm32.12.3.rel1.win32_1.0.200.202406191623/tools/bin/../lib/gcc/arm-none-eabi/12.3.1/thumb/v7e-m+fp/hard\libgcc.a(_dvmd_tls.o)
                0x08000554                __aeabi_idiv0
                0x08000554                __aeabi_ldiv0
 *(.text*)
 .text.tmc_filterPT1
                0x08000558       0x74 ./Core/Src/LinearRamp.o
                0x08000558                tmc_filterPT1
 .text.limitU32
                0x080005cc       0x32 ./Core/Src/LinearRamp.o
                0x080005cc                limitU32
 .text.limitS64
                0x080005fe       0x4c ./Core/Src/LinearRamp.o
                0x080005fe                limitS64
 *fill*         0x0800064a        0x2 
 .text.sqrt_int
                0x0800064c      0x18c ./Core/Src/LinearRamp.o
                0x0800064c                sqrt_int
 .text.TMC_LinearRamp_init
                0x080007d8       0x4e ./Core/Src/LinearRamp.o
                0x080007d8                TMC_LinearRamp_init
 *fill*         0x08000826        0x2 
 .text.TMC_LinearRamp_computeRampVelocity
                0x08000828       0xec ./Core/Src/LinearRamp.o
                0x08000828                TMC_LinearRamp_computeRampVelocity
 .text.TMC_LinearRamp_computeRampPosition
                0x08000914      0x500 ./Core/Src/LinearRamp.o
                0x08000914                TMC_LinearRamp_computeRampPosition
 .text.tmc4671_fieldExtract
                0x08000e14       0x4e ./Core/Src/TMC4671_API.o
 .text.tmc4671_fieldRead
                0x08000e62       0x2e ./Core/Src/TMC4671_API.o
 .text.tmc4671_fieldUpdate
                0x08000e90       0x34 ./Core/Src/TMC4671_API.o
 .text.tmc4671_fieldWrite
                0x08000ec4       0x40 ./Core/Src/TMC4671_API.o
 .text.tmc4671_readRegister
                0x08000f04       0x64 ./Core/Src/TMC4671_API.o
                0x08000f04                tmc4671_readRegister
 .text.tmc4671_writeRegister
                0x08000f68       0x70 ./Core/Src/TMC4671_API.o
                0x08000f68                tmc4671_writeRegister
 .text.tmc4671_switchToMotionMode
                0x08000fd8       0x24 ./Core/Src/TMC4671_API.o
                0x08000fd8                tmc4671_switchToMotionMode
 .text.tmc4671_setTorqueFluxLimit_mA
                0x08000ffc       0x30 ./Core/Src/TMC4671_API.o
                0x08000ffc                tmc4671_setTorqueFluxLimit_mA
 .text.tmc4671_getActualVelocity
                0x0800102c       0x10 ./Core/Src/TMC4671_API.o
                0x0800102c                tmc4671_getActualVelocity
 .text.tmc4671_doEncoderInitializationMode0
                0x0800103c      0x13c ./Core/Src/TMC4671_API.o
                0x0800103c                tmc4671_doEncoderInitializationMode0
 .text.tmc4671_getS16CircleDifference
                0x08001178       0x26 ./Core/Src/TMC4671_API.o
                0x08001178                tmc4671_getS16CircleDifference
 *fill*         0x0800119e        0x2 
 .text.tmc4671_doEncoderInitializationMode2
                0x080011a0      0x194 ./Core/Src/TMC4671_API.o
                0x080011a0                tmc4671_doEncoderInitializationMode2
 .text.tmc4671_doEncoderInitializationMode3
                0x08001334      0x180 ./Core/Src/TMC4671_API.o
                0x08001334                tmc4671_doEncoderInitializationMode3
 .text.tmc4671_checkEncderInitialization
                0x080014b4       0x76 ./Core/Src/TMC4671_API.o
                0x080014b4                tmc4671_checkEncderInitialization
 .text.tmc4671_periodicJob
                0x0800152a       0x42 ./Core/Src/TMC4671_API.o
                0x0800152a                tmc4671_periodicJob
 .text.tmc4671_readFieldWithDependency
                0x0800156c       0x50 ./Core/Src/TMC4671_API.o
                0x0800156c                tmc4671_readFieldWithDependency
 .text.MX_GPIO_Init
                0x080015bc      0x148 ./Core/Src/gpio.o
                0x080015bc                MX_GPIO_Init
 .text.tmc4671_fieldExtract
                0x08001704       0x4e ./Core/Src/main.o
 .text.tmc4671_fieldRead
                0x08001752       0x2e ./Core/Src/main.o
 .text.TMC4671_controller_enableDriver
                0x08001780       0x44 ./Core/Src/main.o
 .text.TMC4671_controller_init
                0x080017c4      0x124 ./Core/Src/main.o
                0x080017c4                TMC4671_controller_init
 .text.TMC4671_controller_rotate
                0x080018e8       0x2c ./Core/Src/main.o
                0x080018e8                TMC4671_controller_rotate
 .text.TMC4671_controller_periodicJob
                0x08001914      0x23c ./Core/Src/main.o
                0x08001914                TMC4671_controller_periodicJob
 .text.main     0x08001b50       0x80 ./Core/Src/main.o
                0x08001b50                main
 .text.SystemClock_Config
                0x08001bd0       0xd4 ./Core/Src/main.o
                0x08001bd0                SystemClock_Config
 .text.HAL_TIM_PeriodElapsedCallback
                0x08001ca4       0x24 ./Core/Src/main.o
                0x08001ca4                HAL_TIM_PeriodElapsedCallback
 .text.Error_Handler
                0x08001cc8       0x18 ./Core/Src/main.o
                0x08001cc8                Error_Handler
 .text.MX_SPI1_Init
                0x08001ce0       0x6c ./Core/Src/spi.o
                0x08001ce0                MX_SPI1_Init
 .text.HAL_SPI_MspInit
                0x08001d4c       0x90 ./Core/Src/spi.o
                0x08001d4c                HAL_SPI_MspInit
 .text.HAL_MspInit
                0x08001ddc       0x50 ./Core/Src/stm32f4xx_hal_msp.o
                0x08001ddc                HAL_MspInit
 .text.NMI_Handler
                0x08001e2c        0x8 ./Core/Src/stm32f4xx_it.o
                0x08001e2c                NMI_Handler
 .text.HardFault_Handler
                0x08001e34        0x8 ./Core/Src/stm32f4xx_it.o
                0x08001e34                HardFault_Handler
 .text.MemManage_Handler
                0x08001e3c        0x8 ./Core/Src/stm32f4xx_it.o
                0x08001e3c                MemManage_Handler
 .text.BusFault_Handler
                0x08001e44        0x8 ./Core/Src/stm32f4xx_it.o
                0x08001e44                BusFault_Handler
 .text.UsageFault_Handler
                0x08001e4c        0x8 ./Core/Src/stm32f4xx_it.o
                0x08001e4c                UsageFault_Handler
 .text.SVC_Handler
                0x08001e54        0xe ./Core/Src/stm32f4xx_it.o
                0x08001e54                SVC_Handler
 .text.DebugMon_Handler
                0x08001e62        0xe ./Core/Src/stm32f4xx_it.o
                0x08001e62                DebugMon_Handler
 .text.PendSV_Handler
                0x08001e70        0xe ./Core/Src/stm32f4xx_it.o
                0x08001e70                PendSV_Handler
 .text.SysTick_Handler
                0x08001e7e        0xc ./Core/Src/stm32f4xx_it.o
                0x08001e7e                SysTick_Handler
 *fill*         0x08001e8a        0x2 
 .text.TIM1_UP_TIM10_IRQHandler
                0x08001e8c       0x14 ./Core/Src/stm32f4xx_it.o
                0x08001e8c                TIM1_UP_TIM10_IRQHandler
 .text.OTG_FS_IRQHandler
                0x08001ea0       0x14 ./Core/Src/stm32f4xx_it.o
                0x08001ea0                OTG_FS_IRQHandler
 .text.SystemInit
                0x08001eb4       0x24 ./Core/Src/system_stm32f4xx.o
                0x08001eb4                SystemInit
 .text.MX_TIM10_Init
                0x08001ed8       0x48 ./Core/Src/tim.o
                0x08001ed8                MX_TIM10_Init
 .text.HAL_TIM_Base_MspInit
                0x08001f20       0x50 ./Core/Src/tim.o
                0x08001f20                HAL_TIM_Base_MspInit
 .text.Reset_Handler
                0x08001f70       0x50 ./Core/Startup/startup_stm32f407vgtx.o
                0x08001f70                Reset_Handler
 .text.Default_Handler
                0x08001fc0        0x2 ./Core/Startup/startup_stm32f407vgtx.o
                0x08001fc0                RTC_Alarm_IRQHandler
                0x08001fc0                HASH_RNG_IRQHandler
                0x08001fc0                EXTI2_IRQHandler
                0x08001fc0                TIM8_CC_IRQHandler
                0x08001fc0                TIM1_CC_IRQHandler
                0x08001fc0                DMA2_Stream5_IRQHandler
                0x08001fc0                DMA1_Stream5_IRQHandler
                0x08001fc0                PVD_IRQHandler
                0x08001fc0                SDIO_IRQHandler
                0x08001fc0                TAMP_STAMP_IRQHandler
                0x08001fc0                CAN2_RX1_IRQHandler
                0x08001fc0                EXTI3_IRQHandler
                0x08001fc0                TIM8_TRG_COM_TIM14_IRQHandler
                0x08001fc0                TIM8_UP_TIM13_IRQHandler
                0x08001fc0                I2C3_ER_IRQHandler
                0x08001fc0                EXTI0_IRQHandler
                0x08001fc0                I2C2_EV_IRQHandler
                0x08001fc0                DMA1_Stream2_IRQHandler
                0x08001fc0                CAN1_RX0_IRQHandler
                0x08001fc0                FPU_IRQHandler
                0x08001fc0                OTG_HS_WKUP_IRQHandler
                0x08001fc0                CAN2_SCE_IRQHandler
                0x08001fc0                DMA2_Stream2_IRQHandler
                0x08001fc0                SPI1_IRQHandler
                0x08001fc0                TIM6_DAC_IRQHandler
                0x08001fc0                TIM1_BRK_TIM9_IRQHandler
                0x08001fc0                DCMI_IRQHandler
                0x08001fc0                CAN2_RX0_IRQHandler
                0x08001fc0                DMA2_Stream3_IRQHandler
                0x08001fc0                USART6_IRQHandler
                0x08001fc0                USART3_IRQHandler
                0x08001fc0                CAN1_RX1_IRQHandler
                0x08001fc0                UART5_IRQHandler
                0x08001fc0                DMA2_Stream0_IRQHandler
                0x08001fc0                TIM4_IRQHandler
                0x08001fc0                I2C1_EV_IRQHandler
                0x08001fc0                DMA1_Stream6_IRQHandler
                0x08001fc0                DMA1_Stream1_IRQHandler
                0x08001fc0                UART4_IRQHandler
                0x08001fc0                TIM3_IRQHandler
                0x08001fc0                RCC_IRQHandler
                0x08001fc0                TIM8_BRK_TIM12_IRQHandler
                0x08001fc0                Default_Handler
                0x08001fc0                EXTI15_10_IRQHandler
                0x08001fc0                ADC_IRQHandler
                0x08001fc0                DMA1_Stream7_IRQHandler
                0x08001fc0                TIM7_IRQHandler
                0x08001fc0                CAN2_TX_IRQHandler
                0x08001fc0                TIM5_IRQHandler
                0x08001fc0                DMA2_Stream7_IRQHandler
                0x08001fc0                I2C3_EV_IRQHandler
                0x08001fc0                EXTI9_5_IRQHandler
                0x08001fc0                RTC_WKUP_IRQHandler
                0x08001fc0                ETH_WKUP_IRQHandler
                0x08001fc0                SPI2_IRQHandler
                0x08001fc0                OTG_HS_EP1_IN_IRQHandler
                0x08001fc0                DMA1_Stream0_IRQHandler
                0x08001fc0                CAN1_TX_IRQHandler
                0x08001fc0                EXTI4_IRQHandler
                0x08001fc0                FSMC_IRQHandler
                0x08001fc0                ETH_IRQHandler
                0x08001fc0                OTG_HS_EP1_OUT_IRQHandler
                0x08001fc0                WWDG_IRQHandler
                0x08001fc0                TIM2_IRQHandler
                0x08001fc0                OTG_FS_WKUP_IRQHandler
                0x08001fc0                TIM1_TRG_COM_TIM11_IRQHandler
                0x08001fc0                OTG_HS_IRQHandler
                0x08001fc0                EXTI1_IRQHandler
                0x08001fc0                USART2_IRQHandler
                0x08001fc0                I2C2_ER_IRQHandler
                0x08001fc0                DMA2_Stream1_IRQHandler
                0x08001fc0                CAN1_SCE_IRQHandler
                0x08001fc0                FLASH_IRQHandler
                0x08001fc0                DMA2_Stream4_IRQHandler
                0x08001fc0                USART1_IRQHandler
                0x08001fc0                SPI3_IRQHandler
                0x08001fc0                DMA1_Stream4_IRQHandler
                0x08001fc0                I2C1_ER_IRQHandler
                0x08001fc0                DMA2_Stream6_IRQHandler
                0x08001fc0                DMA1_Stream3_IRQHandler
 *fill*         0x08001fc2        0x2 
 .text.HAL_Init
                0x08001fc4       0x44 ./Drivers/STM32F4xx_HAL_Driver/Src/stm32f4xx_hal.o
                0x08001fc4                HAL_Init
 .text.HAL_InitTick
                0x08002008       0x60 ./Drivers/STM32F4xx_HAL_Driver/Src/stm32f4xx_hal.o
                0x08002008                HAL_InitTick
 .text.HAL_IncTick
                0x08002068       0x28 ./Drivers/STM32F4xx_HAL_Driver/Src/stm32f4xx_hal.o
                0x08002068                HAL_IncTick
 .text.HAL_GetTick
                0x08002090       0x18 ./Drivers/STM32F4xx_HAL_Driver/Src/stm32f4xx_hal.o
                0x08002090                HAL_GetTick
 .text.HAL_Delay
                0x080020a8       0x48 ./Drivers/STM32F4xx_HAL_Driver/Src/stm32f4xx_hal.o
                0x080020a8                HAL_Delay
 .text.__NVIC_SetPriorityGrouping
                0x080020f0       0x48 ./Drivers/STM32F4xx_HAL_Driver/Src/stm32f4xx_hal_cortex.o
 .text.__NVIC_GetPriorityGrouping
                0x08002138       0x1c ./Drivers/STM32F4xx_HAL_Driver/Src/stm32f4xx_hal_cortex.o
 .text.__NVIC_EnableIRQ
                0x08002154       0x3c ./Drivers/STM32F4xx_HAL_Driver/Src/stm32f4xx_hal_cortex.o
 .text.__NVIC_SetPriority
                0x08002190       0x54 ./Drivers/STM32F4xx_HAL_Driver/Src/stm32f4xx_hal_cortex.o
 .text.NVIC_EncodePriority
                0x080021e4       0x66 ./Drivers/STM32F4xx_HAL_Driver/Src/stm32f4xx_hal_cortex.o
 *fill*         0x0800224a        0x2 
 .text.SysTick_Config
                0x0800224c       0x44 ./Drivers/STM32F4xx_HAL_Driver/Src/stm32f4xx_hal_cortex.o
 .text.HAL_NVIC_SetPriorityGrouping
                0x08002290       0x16 ./Drivers/STM32F4xx_HAL_Driver/Src/stm32f4xx_hal_cortex.o
                0x08002290                HAL_NVIC_SetPriorityGrouping
 .text.HAL_NVIC_SetPriority
                0x080022a6       0x38 ./Drivers/STM32F4xx_HAL_Driver/Src/stm32f4xx_hal_cortex.o
                0x080022a6                HAL_NVIC_SetPriority
 .text.HAL_NVIC_EnableIRQ
                0x080022de       0x1c ./Drivers/STM32F4xx_HAL_Driver/Src/stm32f4xx_hal_cortex.o
                0x080022de                HAL_NVIC_EnableIRQ
 .text.HAL_SYSTICK_Config
                0x080022fa       0x18 ./Drivers/STM32F4xx_HAL_Driver/Src/stm32f4xx_hal_cortex.o
                0x080022fa                HAL_SYSTICK_Config
 *fill*         0x08002312        0x2 
 .text.HAL_GPIO_Init
                0x08002314      0x338 ./Drivers/STM32F4xx_HAL_Driver/Src/stm32f4xx_hal_gpio.o
                0x08002314                HAL_GPIO_Init
 .text.HAL_GPIO_ReadPin
                0x0800264c       0x30 ./Drivers/STM32F4xx_HAL_Driver/Src/stm32f4xx_hal_gpio.o
                0x0800264c                HAL_GPIO_ReadPin
 .text.HAL_GPIO_WritePin
                0x0800267c       0x32 ./Drivers/STM32F4xx_HAL_Driver/Src/stm32f4xx_hal_gpio.o
                0x0800267c                HAL_GPIO_WritePin
 .text.HAL_PCD_Init
                0x080026ae      0x21e ./Drivers/STM32F4xx_HAL_Driver/Src/stm32f4xx_hal_pcd.o
                0x080026ae                HAL_PCD_Init
 .text.HAL_PCD_Start
                0x080028cc       0x6a ./Drivers/STM32F4xx_HAL_Driver/Src/stm32f4xx_hal_pcd.o
                0x080028cc                HAL_PCD_Start
 .text.HAL_PCD_IRQHandler
                0x08002936      0x942 ./Drivers/STM32F4xx_HAL_Driver/Src/stm32f4xx_hal_pcd.o
                0x08002936                HAL_PCD_IRQHandler
 .text.HAL_PCD_SetAddress
                0x08003278       0x48 ./Drivers/STM32F4xx_HAL_Driver/Src/stm32f4xx_hal_pcd.o
                0x08003278                HAL_PCD_SetAddress
 .text.HAL_PCD_EP_Open
                0x080032c0       0xd4 ./Drivers/STM32F4xx_HAL_Driver/Src/stm32f4xx_hal_pcd.o
                0x080032c0                HAL_PCD_EP_Open
 .text.HAL_PCD_EP_Close
                0x08003394       0x94 ./Drivers/STM32F4xx_HAL_Driver/Src/stm32f4xx_hal_pcd.o
                0x08003394                HAL_PCD_EP_Close
 .text.HAL_PCD_EP_Receive
                0x08003428       0x76 ./Drivers/STM32F4xx_HAL_Driver/Src/stm32f4xx_hal_pcd.o
                0x08003428                HAL_PCD_EP_Receive
 .text.HAL_PCD_EP_Transmit
                0x0800349e       0x74 ./Drivers/STM32F4xx_HAL_Driver/Src/stm32f4xx_hal_pcd.o
                0x0800349e                HAL_PCD_EP_Transmit
 .text.HAL_PCD_EP_SetStall
                0x08003512       0xc6 ./Drivers/STM32F4xx_HAL_Driver/Src/stm32f4xx_hal_pcd.o
                0x08003512                HAL_PCD_EP_SetStall
 .text.HAL_PCD_EP_ClrStall
                0x080035d8       0xac ./Drivers/STM32F4xx_HAL_Driver/Src/stm32f4xx_hal_pcd.o
                0x080035d8                HAL_PCD_EP_ClrStall
 .text.HAL_PCD_EP_Abort
                0x08003684       0x62 ./Drivers/STM32F4xx_HAL_Driver/Src/stm32f4xx_hal_pcd.o
                0x08003684                HAL_PCD_EP_Abort
 .text.PCD_WriteEmptyTxFifo
                0x080036e6      0x118 ./Drivers/STM32F4xx_HAL_Driver/Src/stm32f4xx_hal_pcd.o
 *fill*         0x080037fe        0x2 
 .text.PCD_EP_OutXfrComplete_int
                0x08003800      0x1d0 ./Drivers/STM32F4xx_HAL_Driver/Src/stm32f4xx_hal_pcd.o
 .text.PCD_EP_OutSetupPacket_int
                0x080039d0       0x8c ./Drivers/STM32F4xx_HAL_Driver/Src/stm32f4xx_hal_pcd.o
 .text.HAL_PCDEx_SetTxFiFo
                0x08003a5c       0x8e ./Drivers/STM32F4xx_HAL_Driver/Src/stm32f4xx_hal_pcd_ex.o
                0x08003a5c                HAL_PCDEx_SetTxFiFo
 .text.HAL_PCDEx_SetRxFiFo
                0x08003aea       0x22 ./Drivers/STM32F4xx_HAL_Driver/Src/stm32f4xx_hal_pcd_ex.o
                0x08003aea                HAL_PCDEx_SetRxFiFo
 .text.HAL_PCDEx_LPM_Callback
                0x08003b0c       0x18 ./Drivers/STM32F4xx_HAL_Driver/Src/stm32f4xx_hal_pcd_ex.o
                0x08003b0c                HAL_PCDEx_LPM_Callback
 .text.HAL_RCC_OscConfig
                0x08003b24      0x4f0 ./Drivers/STM32F4xx_HAL_Driver/Src/stm32f4xx_hal_rcc.o
                0x08003b24                HAL_RCC_OscConfig
 .text.HAL_RCC_ClockConfig
                0x08004014      0x1cc ./Drivers/STM32F4xx_HAL_Driver/Src/stm32f4xx_hal_rcc.o
                0x08004014                HAL_RCC_ClockConfig
 .text.HAL_RCC_GetSysClockFreq
                0x080041e0      0x20c ./Drivers/STM32F4xx_HAL_Driver/Src/stm32f4xx_hal_rcc.o
                0x080041e0                HAL_RCC_GetSysClockFreq
 .text.HAL_RCC_GetHCLKFreq
                0x080043ec       0x18 ./Drivers/STM32F4xx_HAL_Driver/Src/stm32f4xx_hal_rcc.o
                0x080043ec                HAL_RCC_GetHCLKFreq
 .text.HAL_SPI_Init
                0x08004404      0x112 ./Drivers/STM32F4xx_HAL_Driver/Src/stm32f4xx_hal_spi.o
                0x08004404                HAL_SPI_Init
 .text.HAL_SPI_Transmit
                0x08004516      0x288 ./Drivers/STM32F4xx_HAL_Driver/Src/stm32f4xx_hal_spi.o
                0x08004516                HAL_SPI_Transmit
 .text.HAL_SPI_Receive
                0x0800479e      0x232 ./Drivers/STM32F4xx_HAL_Driver/Src/stm32f4xx_hal_spi.o
                0x0800479e                HAL_SPI_Receive
 .text.HAL_SPI_TransmitReceive
                0x080049d0      0x352 ./Drivers/STM32F4xx_HAL_Driver/Src/stm32f4xx_hal_spi.o
                0x080049d0                HAL_SPI_TransmitReceive
 *fill*         0x08004d22        0x2 
 .text.SPI_WaitFlagStateUntilTimeout
                0x08004d24      0x110 ./Drivers/STM32F4xx_HAL_Driver/Src/stm32f4xx_hal_spi.o
 .text.SPI_EndRxTransaction
                0x08004e34       0xca ./Drivers/STM32F4xx_HAL_Driver/Src/stm32f4xx_hal_spi.o
 *fill*         0x08004efe        0x2 
 .text.SPI_EndRxTxTransaction
                0x08004f00       0xa8 ./Drivers/STM32F4xx_HAL_Driver/Src/stm32f4xx_hal_spi.o
 .text.HAL_TIM_Base_Init
                0x08004fa8       0x9e ./Drivers/STM32F4xx_HAL_Driver/Src/stm32f4xx_hal_tim.o
                0x08004fa8                HAL_TIM_Base_Init
 *fill*         0x08005046        0x2 
 .text.HAL_TIM_Base_Start_IT
                0x08005048       0xe0 ./Drivers/STM32F4xx_HAL_Driver/Src/stm32f4xx_hal_tim.o
                0x08005048                HAL_TIM_Base_Start_IT
 .text.HAL_TIM_IRQHandler
                0x08005128      0x1e0 ./Drivers/STM32F4xx_HAL_Driver/Src/stm32f4xx_hal_tim.o
                0x08005128                HAL_TIM_IRQHandler
 .text.HAL_TIM_OC_DelayElapsedCallback
                0x08005308       0x14 ./Drivers/STM32F4xx_HAL_Driver/Src/stm32f4xx_hal_tim.o
                0x08005308                HAL_TIM_OC_DelayElapsedCallback
 .text.HAL_TIM_IC_CaptureCallback
                0x0800531c       0x14 ./Drivers/STM32F4xx_HAL_Driver/Src/stm32f4xx_hal_tim.o
                0x0800531c                HAL_TIM_IC_CaptureCallback
 .text.HAL_TIM_PWM_PulseFinishedCallback
                0x08005330       0x14 ./Drivers/STM32F4xx_HAL_Driver/Src/stm32f4xx_hal_tim.o
                0x08005330                HAL_TIM_PWM_PulseFinishedCallback
 .text.HAL_TIM_TriggerCallback
                0x08005344       0x14 ./Drivers/STM32F4xx_HAL_Driver/Src/stm32f4xx_hal_tim.o
                0x08005344                HAL_TIM_TriggerCallback
 .text.TIM_Base_SetConfig
                0x08005358      0x158 ./Drivers/STM32F4xx_HAL_Driver/Src/stm32f4xx_hal_tim.o
                0x08005358                TIM_Base_SetConfig
 .text.HAL_TIMEx_CommutCallback
                0x080054b0       0x14 ./Drivers/STM32F4xx_HAL_Driver/Src/stm32f4xx_hal_tim_ex.o
                0x080054b0                HAL_TIMEx_CommutCallback
 .text.HAL_TIMEx_BreakCallback
                0x080054c4       0x14 ./Drivers/STM32F4xx_HAL_Driver/Src/stm32f4xx_hal_tim_ex.o
                0x080054c4                HAL_TIMEx_BreakCallback
 .text.USB_CoreInit
                0x080054d8       0xc8 ./Drivers/STM32F4xx_HAL_Driver/Src/stm32f4xx_ll_usb.o
                0x080054d8                USB_CoreInit
 .text.USB_SetTurnaroundTime
                0x080055a0      0x144 ./Drivers/STM32F4xx_HAL_Driver/Src/stm32f4xx_ll_usb.o
                0x080055a0                USB_SetTurnaroundTime
 .text.USB_EnableGlobalInt
                0x080056e4       0x22 ./Drivers/STM32F4xx_HAL_Driver/Src/stm32f4xx_ll_usb.o
                0x080056e4                USB_EnableGlobalInt
 .text.USB_DisableGlobalInt
                0x08005706       0x22 ./Drivers/STM32F4xx_HAL_Driver/Src/stm32f4xx_ll_usb.o
                0x08005706                USB_DisableGlobalInt
 .text.USB_SetCurrentMode
                0x08005728       0x98 ./Drivers/STM32F4xx_HAL_Driver/Src/stm32f4xx_ll_usb.o
                0x08005728                USB_SetCurrentMode
 .text.USB_DevInit
                0x080057c0      0x2c8 ./Drivers/STM32F4xx_HAL_Driver/Src/stm32f4xx_ll_usb.o
                0x080057c0                USB_DevInit
 .text.USB_FlushTxFifo
                0x08005a88       0x64 ./Drivers/STM32F4xx_HAL_Driver/Src/stm32f4xx_ll_usb.o
                0x08005a88                USB_FlushTxFifo
 .text.USB_FlushRxFifo
                0x08005aec       0x5c ./Drivers/STM32F4xx_HAL_Driver/Src/stm32f4xx_ll_usb.o
                0x08005aec                USB_FlushRxFifo
 .text.USB_SetDevSpeed
                0x08005b48       0x32 ./Drivers/STM32F4xx_HAL_Driver/Src/stm32f4xx_ll_usb.o
                0x08005b48                USB_SetDevSpeed
 .text.USB_GetDevSpeed
                0x08005b7a       0x4a ./Drivers/STM32F4xx_HAL_Driver/Src/stm32f4xx_ll_usb.o
                0x08005b7a                USB_GetDevSpeed
 .text.USB_ActivateEndpoint
                0x08005bc4      0x10e ./Drivers/STM32F4xx_HAL_Driver/Src/stm32f4xx_ll_usb.o
                0x08005bc4                USB_ActivateEndpoint
 *fill*         0x08005cd2        0x2 
 .text.USB_DeactivateEndpoint
                0x08005cd4      0x1b8 ./Drivers/STM32F4xx_HAL_Driver/Src/stm32f4xx_ll_usb.o
                0x08005cd4                USB_DeactivateEndpoint
 .text.USB_EPStartXfer
                0x08005e8c      0x53c ./Drivers/STM32F4xx_HAL_Driver/Src/stm32f4xx_ll_usb.o
                0x08005e8c                USB_EPStartXfer
 .text.USB_EPStopXfer
                0x080063c8      0x154 ./Drivers/STM32F4xx_HAL_Driver/Src/stm32f4xx_ll_usb.o
                0x080063c8                USB_EPStopXfer
 .text.USB_WritePacket
                0x0800651c       0x7c ./Drivers/STM32F4xx_HAL_Driver/Src/stm32f4xx_ll_usb.o
                0x0800651c                USB_WritePacket
 .text.USB_ReadPacket
                0x08006598       0xb0 ./Drivers/STM32F4xx_HAL_Driver/Src/stm32f4xx_ll_usb.o
                0x08006598                USB_ReadPacket
 .text.USB_EPSetStall
                0x08006648       0xdc ./Drivers/STM32F4xx_HAL_Driver/Src/stm32f4xx_ll_usb.o
                0x08006648                USB_EPSetStall
 .text.USB_EPClearStall
                0x08006724       0xcc ./Drivers/STM32F4xx_HAL_Driver/Src/stm32f4xx_ll_usb.o
                0x08006724                USB_EPClearStall
 .text.USB_SetDevAddress
                0x080067f0       0x4c ./Drivers/STM32F4xx_HAL_Driver/Src/stm32f4xx_ll_usb.o
                0x080067f0                USB_SetDevAddress
 .text.USB_DevConnect
                0x0800683c       0x42 ./Drivers/STM32F4xx_HAL_Driver/Src/stm32f4xx_ll_usb.o
                0x0800683c                USB_DevConnect
 .text.USB_DevDisconnect
                0x0800687e       0x42 ./Drivers/STM32F4xx_HAL_Driver/Src/stm32f4xx_ll_usb.o
                0x0800687e                USB_DevDisconnect
 .text.USB_ReadInterrupts
                0x080068c0       0x26 ./Drivers/STM32F4xx_HAL_Driver/Src/stm32f4xx_ll_usb.o
                0x080068c0                USB_ReadInterrupts
 .text.USB_ReadDevAllOutEpInterrupt
                0x080068e6       0x34 ./Drivers/STM32F4xx_HAL_Driver/Src/stm32f4xx_ll_usb.o
                0x080068e6                USB_ReadDevAllOutEpInterrupt
 .text.USB_ReadDevAllInEpInterrupt
                0x0800691a       0x34 ./Drivers/STM32F4xx_HAL_Driver/Src/stm32f4xx_ll_usb.o
                0x0800691a                USB_ReadDevAllInEpInterrupt
 .text.USB_ReadDevOutEPInterrupt
                0x0800694e       0x3c ./Drivers/STM32F4xx_HAL_Driver/Src/stm32f4xx_ll_usb.o
                0x0800694e                USB_ReadDevOutEPInterrupt
 .text.USB_ReadDevInEPInterrupt
                0x0800698a       0x5c ./Drivers/STM32F4xx_HAL_Driver/Src/stm32f4xx_ll_usb.o
                0x0800698a                USB_ReadDevInEPInterrupt
 .text.USB_GetMode
                0x080069e6       0x1c ./Drivers/STM32F4xx_HAL_Driver/Src/stm32f4xx_ll_usb.o
                0x080069e6                USB_GetMode
 .text.USB_ActivateSetup
                0x08006a02       0x46 ./Drivers/STM32F4xx_HAL_Driver/Src/stm32f4xx_ll_usb.o
                0x08006a02                USB_ActivateSetup
 .text.USB_EP0_OutStart
                0x08006a48       0xbc ./Drivers/STM32F4xx_HAL_Driver/Src/stm32f4xx_ll_usb.o
                0x08006a48                USB_EP0_OutStart
 .text.USB_CoreReset
                0x08006b04       0x62 ./Drivers/STM32F4xx_HAL_Driver/Src/stm32f4xx_ll_usb.o
 *fill*         0x08006b66        0x2 
 .text.USBD_CUSTOM_HID_Init
                0x08006b68      0x158 ./Middlewares/ST/STM32_USB_Device_Library/Class/CustomHID/Src/usbd_customhid.o
 .text.USBD_CUSTOM_HID_DeInit
                0x08006cc0       0xf4 ./Middlewares/ST/STM32_USB_Device_Library/Class/CustomHID/Src/usbd_customhid.o
 .text.USBD_CUSTOM_HID_Setup
                0x08006db4      0x248 ./Middlewares/ST/STM32_USB_Device_Library/Class/CustomHID/Src/usbd_customhid.o
 .text.USBD_CUSTOM_HID_GetFSCfgDesc
                0x08006ffc       0x64 ./Middlewares/ST/STM32_USB_Device_Library/Class/CustomHID/Src/usbd_customhid.o
 .text.USBD_CUSTOM_HID_GetHSCfgDesc
                0x08007060       0x64 ./Middlewares/ST/STM32_USB_Device_Library/Class/CustomHID/Src/usbd_customhid.o
 .text.USBD_CUSTOM_HID_GetOtherSpeedCfgDesc
                0x080070c4       0x64 ./Middlewares/ST/STM32_USB_Device_Library/Class/CustomHID/Src/usbd_customhid.o
 .text.USBD_CUSTOM_HID_DataIn
                0x08007128       0x2e ./Middlewares/ST/STM32_USB_Device_Library/Class/CustomHID/Src/usbd_customhid.o
 .text.USBD_CUSTOM_HID_DataOut
                0x08007156       0x54 ./Middlewares/ST/STM32_USB_Device_Library/Class/CustomHID/Src/usbd_customhid.o
 *fill*         0x080071aa        0x2 
 .text.USBD_CUSTOM_HID_ReceivePacket
                0x080071ac       0x4c ./Middlewares/ST/STM32_USB_Device_Library/Class/CustomHID/Src/usbd_customhid.o
                0x080071ac                USBD_CUSTOM_HID_ReceivePacket
 .text.USBD_CUSTOM_HID_EP0_RxReady
                0x080071f8       0x52 ./Middlewares/ST/STM32_USB_Device_Library/Class/CustomHID/Src/usbd_customhid.o
 *fill*         0x0800724a        0x2 
 .text.USBD_CUSTOM_HID_GetDeviceQualifierDesc
                0x0800724c       0x20 ./Middlewares/ST/STM32_USB_Device_Library/Class/CustomHID/Src/usbd_customhid.o
 .text.USBD_CUSTOM_HID_RegisterInterface
                0x0800726c       0x34 ./Middlewares/ST/STM32_USB_Device_Library/Class/CustomHID/Src/usbd_customhid.o
                0x0800726c                USBD_CUSTOM_HID_RegisterInterface
 .text.USBD_Init
                0x080072a0       0x60 ./Middlewares/ST/STM32_USB_Device_Library/Core/Src/usbd_core.o
                0x080072a0                USBD_Init
 .text.USBD_RegisterClass
                0x08007300       0x6c ./Middlewares/ST/STM32_USB_Device_Library/Core/Src/usbd_core.o
                0x08007300                USBD_RegisterClass
 .text.USBD_Start
                0x0800736c       0x18 ./Middlewares/ST/STM32_USB_Device_Library/Core/Src/usbd_core.o
                0x0800736c                USBD_Start
 .text.USBD_RunTestMode
                0x08007384       0x16 ./Middlewares/ST/STM32_USB_Device_Library/Core/Src/usbd_core.o
                0x08007384                USBD_RunTestMode
 .text.USBD_SetClassConfig
                0x0800739a       0x38 ./Middlewares/ST/STM32_USB_Device_Library/Core/Src/usbd_core.o
                0x0800739a                USBD_SetClassConfig
 .text.USBD_ClrClassConfig
                0x080073d2       0x34 ./Middlewares/ST/STM32_USB_Device_Library/Core/Src/usbd_core.o
                0x080073d2                USBD_ClrClassConfig
 .text.USBD_LL_SetupStage
                0x08007406       0xaa ./Middlewares/ST/STM32_USB_Device_Library/Core/Src/usbd_core.o
                0x08007406                USBD_LL_SetupStage
 .text.USBD_LL_DataOutStage
                0x080074b0      0x166 ./Middlewares/ST/STM32_USB_Device_Library/Core/Src/usbd_core.o
                0x080074b0                USBD_LL_DataOutStage
 .text.USBD_LL_DataInStage
                0x08007616      0x164 ./Middlewares/ST/STM32_USB_Device_Library/Core/Src/usbd_core.o
                0x08007616                USBD_LL_DataInStage
 .text.USBD_LL_Reset
                0x0800777a       0xa4 ./Middlewares/ST/STM32_USB_Device_Library/Core/Src/usbd_core.o
                0x0800777a                USBD_LL_Reset
 .text.USBD_LL_SetSpeed
                0x0800781e       0x20 ./Middlewares/ST/STM32_USB_Device_Library/Core/Src/usbd_core.o
                0x0800781e                USBD_LL_SetSpeed
 .text.USBD_LL_Suspend
                0x0800783e       0x38 ./Middlewares/ST/STM32_USB_Device_Library/Core/Src/usbd_core.o
                0x0800783e                USBD_LL_Suspend
 .text.USBD_LL_Resume
                0x08007876       0x30 ./Middlewares/ST/STM32_USB_Device_Library/Core/Src/usbd_core.o
                0x08007876                USBD_LL_Resume
 .text.USBD_LL_SOF
                0x080078a6       0x40 ./Middlewares/ST/STM32_USB_Device_Library/Core/Src/usbd_core.o
                0x080078a6                USBD_LL_SOF
 .text.USBD_LL_IsoINIncomplete
                0x080078e6       0x64 ./Middlewares/ST/STM32_USB_Device_Library/Core/Src/usbd_core.o
                0x080078e6                USBD_LL_IsoINIncomplete
 .text.USBD_LL_IsoOUTIncomplete
                0x0800794a       0x64 ./Middlewares/ST/STM32_USB_Device_Library/Core/Src/usbd_core.o
                0x0800794a                USBD_LL_IsoOUTIncomplete
 .text.USBD_LL_DevConnected
                0x080079ae       0x16 ./Middlewares/ST/STM32_USB_Device_Library/Core/Src/usbd_core.o
                0x080079ae                USBD_LL_DevConnected
 .text.USBD_LL_DevDisconnected
                0x080079c4       0x46 ./Middlewares/ST/STM32_USB_Device_Library/Core/Src/usbd_core.o
                0x080079c4                USBD_LL_DevDisconnected
 .text.USBD_CoreFindIF
                0x08007a0a       0x1a ./Middlewares/ST/STM32_USB_Device_Library/Core/Src/usbd_core.o
                0x08007a0a                USBD_CoreFindIF
 .text.USBD_CoreFindEP
                0x08007a24       0x1a ./Middlewares/ST/STM32_USB_Device_Library/Core/Src/usbd_core.o
                0x08007a24                USBD_CoreFindEP
 .text.USBD_GetEpDesc
                0x08007a3e       0x70 ./Middlewares/ST/STM32_USB_Device_Library/Core/Src/usbd_core.o
                0x08007a3e                USBD_GetEpDesc
 .text.USBD_GetNextDesc
                0x08007aae       0x38 ./Middlewares/ST/STM32_USB_Device_Library/Core/Src/usbd_core.o
                0x08007aae                USBD_GetNextDesc
 .text.SWAPBYTE
                0x08007ae6       0x3c ./Middlewares/ST/STM32_USB_Device_Library/Core/Src/usbd_ctlreq.o
 *fill*         0x08007b22        0x2 
 .text.USBD_StdDevReq
                0x08007b24       0xe4 ./Middlewares/ST/STM32_USB_Device_Library/Core/Src/usbd_ctlreq.o
                0x08007b24                USBD_StdDevReq
 .text.USBD_StdItfReq
                0x08007c08       0xd8 ./Middlewares/ST/STM32_USB_Device_Library/Core/Src/usbd_ctlreq.o
                0x08007c08                USBD_StdItfReq
 .text.USBD_StdEPReq
                0x08007ce0      0x33a ./Middlewares/ST/STM32_USB_Device_Library/Core/Src/usbd_ctlreq.o
                0x08007ce0                USBD_StdEPReq
 *fill*         0x0800801a        0x2 
 .text.USBD_GetDescriptor
                0x0800801c      0x2d4 ./Middlewares/ST/STM32_USB_Device_Library/Core/Src/usbd_ctlreq.o
 .text.USBD_SetAddress
                0x080082f0       0x88 ./Middlewares/ST/STM32_USB_Device_Library/Core/Src/usbd_ctlreq.o
 .text.USBD_SetConfig
                0x08008378      0x154 ./Middlewares/ST/STM32_USB_Device_Library/Core/Src/usbd_ctlreq.o
 .text.USBD_GetConfig
                0x080084cc       0x6c ./Middlewares/ST/STM32_USB_Device_Library/Core/Src/usbd_ctlreq.o
 .text.USBD_GetStatus
                0x08008538       0x68 ./Middlewares/ST/STM32_USB_Device_Library/Core/Src/usbd_ctlreq.o
 .text.USBD_SetFeature
                0x080085a0       0x52 ./Middlewares/ST/STM32_USB_Device_Library/Core/Src/usbd_ctlreq.o
 .text.USBD_ClrFeature
                0x080085f2       0x44 ./Middlewares/ST/STM32_USB_Device_Library/Core/Src/usbd_ctlreq.o
 .text.USBD_ParseSetupRequest
                0x08008636       0x74 ./Middlewares/ST/STM32_USB_Device_Library/Core/Src/usbd_ctlreq.o
                0x08008636                USBD_ParseSetupRequest
 .text.USBD_CtlError
                0x080086aa       0x22 ./Middlewares/ST/STM32_USB_Device_Library/Core/Src/usbd_ctlreq.o
                0x080086aa                USBD_CtlError
 .text.USBD_GetString
                0x080086cc       0xa4 ./Middlewares/ST/STM32_USB_Device_Library/Core/Src/usbd_ctlreq.o
                0x080086cc                USBD_GetString
 .text.USBD_GetLen
                0x08008770       0x34 ./Middlewares/ST/STM32_USB_Device_Library/Core/Src/usbd_ctlreq.o
 .text.USBD_CtlSendData
                0x080087a4       0x36 ./Middlewares/ST/STM32_USB_Device_Library/Core/Src/usbd_ioreq.o
                0x080087a4                USBD_CtlSendData
 .text.USBD_CtlContinueSendData
                0x080087da       0x22 ./Middlewares/ST/STM32_USB_Device_Library/Core/Src/usbd_ioreq.o
                0x080087da                USBD_CtlContinueSendData
 .text.USBD_CtlPrepareRx
                0x080087fc       0x3a ./Middlewares/ST/STM32_USB_Device_Library/Core/Src/usbd_ioreq.o
                0x080087fc                USBD_CtlPrepareRx
 .text.USBD_CtlContinueRx
                0x08008836       0x22 ./Middlewares/ST/STM32_USB_Device_Library/Core/Src/usbd_ioreq.o
                0x08008836                USBD_CtlContinueRx
 .text.USBD_CtlSendStatus
                0x08008858       0x26 ./Middlewares/ST/STM32_USB_Device_Library/Core/Src/usbd_ioreq.o
                0x08008858                USBD_CtlSendStatus
 .text.USBD_CtlReceiveStatus
                0x0800887e       0x26 ./Middlewares/ST/STM32_USB_Device_Library/Core/Src/usbd_ioreq.o
                0x0800887e                USBD_CtlReceiveStatus
 .text.MX_USB_DEVICE_Init
                0x080088a4       0x60 ./USB_DEVICE/App/usb_device.o
                0x080088a4                MX_USB_DEVICE_Init
 .text.CUSTOM_HID_Init_FS
                0x08008904       0x10 ./USB_DEVICE/App/usbd_custom_hid_if.o
 .text.CUSTOM_HID_DeInit_FS
                0x08008914       0x10 ./USB_DEVICE/App/usbd_custom_hid_if.o
 .text.CUSTOM_HID_OutEvent_FS
                0x08008924       0x94 ./USB_DEVICE/App/usbd_custom_hid_if.o
 .text.USBD_FS_DeviceDescriptor
                0x080089b8       0x24 ./USB_DEVICE/App/usbd_desc.o
                0x080089b8                USBD_FS_DeviceDescriptor
 .text.USBD_FS_LangIDStrDescriptor
                0x080089dc       0x24 ./USB_DEVICE/App/usbd_desc.o
                0x080089dc                USBD_FS_LangIDStrDescriptor
 .text.USBD_FS_ProductStrDescriptor
                0x08008a00       0x3c ./USB_DEVICE/App/usbd_desc.o
                0x08008a00                USBD_FS_ProductStrDescriptor
 .text.USBD_FS_ManufacturerStrDescriptor
                0x08008a3c       0x28 ./USB_DEVICE/App/usbd_desc.o
                0x08008a3c                USBD_FS_ManufacturerStrDescriptor
 .text.USBD_FS_SerialStrDescriptor
                0x08008a64       0x24 ./USB_DEVICE/App/usbd_desc.o
                0x08008a64                USBD_FS_SerialStrDescriptor
 .text.USBD_FS_ConfigStrDescriptor
                0x08008a88       0x3c ./USB_DEVICE/App/usbd_desc.o
                0x08008a88                USBD_FS_ConfigStrDescriptor
 .text.USBD_FS_InterfaceStrDescriptor
                0x08008ac4       0x3c ./USB_DEVICE/App/usbd_desc.o
                0x08008ac4                USBD_FS_InterfaceStrDescriptor
 .text.Get_SerialNum
                0x08008b00       0x58 ./USB_DEVICE/App/usbd_desc.o
 .text.IntToUnicode
                0x08008b58       0x7e ./USB_DEVICE/App/usbd_desc.o
 *fill*         0x08008bd6        0x2 
 .text.HAL_PCD_MspInit
                0x08008bd8       0xc4 ./USB_DEVICE/Target/usbd_conf.o
                0x08008bd8                HAL_PCD_MspInit
 .text.HAL_PCD_SetupStageCallback
                0x08008c9c       0x24 ./USB_DEVICE/Target/usbd_conf.o
                0x08008c9c                HAL_PCD_SetupStageCallback
 .text.HAL_PCD_DataOutStageCallback
                0x08008cc0       0x36 ./USB_DEVICE/Target/usbd_conf.o
                0x08008cc0                HAL_PCD_DataOutStageCallback
 .text.HAL_PCD_DataInStageCallback
                0x08008cf6       0x34 ./USB_DEVICE/Target/usbd_conf.o
                0x08008cf6                HAL_PCD_DataInStageCallback
 .text.HAL_PCD_SOFCallback
                0x08008d2a       0x1c ./USB_DEVICE/Target/usbd_conf.o
                0x08008d2a                HAL_PCD_SOFCallback
 .text.HAL_PCD_ResetCallback
                0x08008d46       0x50 ./USB_DEVICE/Target/usbd_conf.o
                0x08008d46                HAL_PCD_ResetCallback
 *fill*         0x08008d96        0x2 
 .text.HAL_PCD_SuspendCallback
                0x08008d98       0x4c ./USB_DEVICE/Target/usbd_conf.o
                0x08008d98                HAL_PCD_SuspendCallback
 .text.HAL_PCD_ResumeCallback
                0x08008de4       0x1c ./USB_DEVICE/Target/usbd_conf.o
                0x08008de4                HAL_PCD_ResumeCallback
 .text.HAL_PCD_ISOOUTIncompleteCallback
                0x08008e00       0x24 ./USB_DEVICE/Target/usbd_conf.o
                0x08008e00                HAL_PCD_ISOOUTIncompleteCallback
 .text.HAL_PCD_ISOINIncompleteCallback
                0x08008e24       0x24 ./USB_DEVICE/Target/usbd_conf.o
                0x08008e24                HAL_PCD_ISOINIncompleteCallback
 .text.HAL_PCD_ConnectCallback
                0x08008e48       0x1c ./USB_DEVICE/Target/usbd_conf.o
                0x08008e48                HAL_PCD_ConnectCallback
 .text.HAL_PCD_DisconnectCallback
                0x08008e64       0x1c ./USB_DEVICE/Target/usbd_conf.o
                0x08008e64                HAL_PCD_DisconnectCallback
 .text.USBD_LL_Init
                0x08008e80       0x98 ./USB_DEVICE/Target/usbd_conf.o
                0x08008e80                USBD_LL_Init
 .text.USBD_LL_Start
                0x08008f18       0x36 ./USB_DEVICE/Target/usbd_conf.o
                0x08008f18                USBD_LL_Start
 .text.USBD_LL_OpenEP
                0x08008f4e       0x4c ./USB_DEVICE/Target/usbd_conf.o
                0x08008f4e                USBD_LL_OpenEP
 .text.USBD_LL_CloseEP
                0x08008f9a       0x3e ./USB_DEVICE/Target/usbd_conf.o
                0x08008f9a                USBD_LL_CloseEP
 .text.USBD_LL_StallEP
                0x08008fd8       0x3e ./USB_DEVICE/Target/usbd_conf.o
                0x08008fd8                USBD_LL_StallEP
 .text.USBD_LL_ClearStallEP
                0x08009016       0x3e ./USB_DEVICE/Target/usbd_conf.o
                0x08009016                USBD_LL_ClearStallEP
 .text.USBD_LL_IsStallEP
                0x08009054       0x58 ./USB_DEVICE/Target/usbd_conf.o
                0x08009054                USBD_LL_IsStallEP
 .text.USBD_LL_SetUSBAddress
                0x080090ac       0x3e ./USB_DEVICE/Target/usbd_conf.o
                0x080090ac                USBD_LL_SetUSBAddress
 .text.USBD_LL_Transmit
                0x080090ea       0x42 ./USB_DEVICE/Target/usbd_conf.o
                0x080090ea                USBD_LL_Transmit
 .text.USBD_LL_PrepareReceive
                0x0800912c       0x42 ./USB_DEVICE/Target/usbd_conf.o
                0x0800912c                USBD_LL_PrepareReceive
 *fill*         0x0800916e        0x2 
 .text.USBD_static_malloc
                0x08009170       0x1c ./USB_DEVICE/Target/usbd_conf.o
                0x08009170                USBD_static_malloc
 .text.USBD_static_free
                0x0800918c       0x14 ./USB_DEVICE/Target/usbd_conf.o
                0x0800918c                USBD_static_free
 .text.USBD_Get_USB_Status
                0x080091a0       0x58 ./USB_DEVICE/Target/usbd_conf.o
                0x080091a0                USBD_Get_USB_Status
 .text.memset   0x080091f8       0x10 C:/ST/STM32CubeIDE_1.16.1/STM32CubeIDE/plugins/com.st.stm32cube.ide.mcu.externaltools.gnu-tools-for-stm32.12.3.rel1.win32_1.0.200.202406191623/tools/bin/../lib/gcc/arm-none-eabi/12.3.1/../../../../arm-none-eabi/lib/thumb/v7e-m+fp/hard\libc_nano.a(libc_a-memset.o)
                0x080091f8                memset
 .text.__libc_init_array
                0x08009208       0x48 C:/ST/STM32CubeIDE_1.16.1/STM32CubeIDE/plugins/com.st.stm32cube.ide.mcu.externaltools.gnu-tools-for-stm32.12.3.rel1.win32_1.0.200.202406191623/tools/bin/../lib/gcc/arm-none-eabi/12.3.1/../../../../arm-none-eabi/lib/thumb/v7e-m+fp/hard\libc_nano.a(libc_a-init.o)
                0x08009208                __libc_init_array
 *(.glue_7)
 .glue_7        0x08009250        0x0 linker stubs
 *(.glue_7t)
 .glue_7t       0x08009250        0x0 linker stubs
 *(.eh_frame)
 .eh_frame      0x08009250        0x0 C:/ST/STM32CubeIDE_1.16.1/STM32CubeIDE/plugins/com.st.stm32cube.ide.mcu.externaltools.gnu-tools-for-stm32.12.3.rel1.win32_1.0.200.202406191623/tools/bin/../lib/gcc/arm-none-eabi/12.3.1/thumb/v7e-m+fp/hard/crtbegin.o
 *(.init)
 .init          0x08009250        0x4 C:/ST/STM32CubeIDE_1.16.1/STM32CubeIDE/plugins/com.st.stm32cube.ide.mcu.externaltools.gnu-tools-for-stm32.12.3.rel1.win32_1.0.200.202406191623/tools/bin/../lib/gcc/arm-none-eabi/12.3.1/thumb/v7e-m+fp/hard/crti.o
                0x08009250                _init
 .init          0x08009254        0x8 C:/ST/STM32CubeIDE_1.16.1/STM32CubeIDE/plugins/com.st.stm32cube.ide.mcu.externaltools.gnu-tools-for-stm32.12.3.rel1.win32_1.0.200.202406191623/tools/bin/../lib/gcc/arm-none-eabi/12.3.1/thumb/v7e-m+fp/hard/crtn.o
 *(.fini)
 .fini          0x0800925c        0x4 C:/ST/STM32CubeIDE_1.16.1/STM32CubeIDE/plugins/com.st.stm32cube.ide.mcu.externaltools.gnu-tools-for-stm32.12.3.rel1.win32_1.0.200.202406191623/tools/bin/../lib/gcc/arm-none-eabi/12.3.1/thumb/v7e-m+fp/hard/crti.o
                0x0800925c                _fini
 .fini          0x08009260        0x8 C:/ST/STM32CubeIDE_1.16.1/STM32CubeIDE/plugins/com.st.stm32cube.ide.mcu.externaltools.gnu-tools-for-stm32.12.3.rel1.win32_1.0.200.202406191623/tools/bin/../lib/gcc/arm-none-eabi/12.3.1/thumb/v7e-m+fp/hard/crtn.o
                0x08009268                        . = ALIGN (0x4)
                0x08009268                        _etext = .

.vfp11_veneer   0x08009268        0x0
 .vfp11_veneer  0x08009268        0x0 linker stubs

.v4_bx          0x08009268        0x0
 .v4_bx         0x08009268        0x0 linker stubs

.iplt           0x08009268        0x0
 .iplt          0x08009268        0x0 C:/ST/STM32CubeIDE_1.16.1/STM32CubeIDE/plugins/com.st.stm32cube.ide.mcu.externaltools.gnu-tools-for-stm32.12.3.rel1.win32_1.0.200.202406191623/tools/bin/../lib/gcc/arm-none-eabi/12.3.1/thumb/v7e-m+fp/hard/crtbegin.o

.rodata         0x08009268      0x1f0
                0x08009268                        . = ALIGN (0x4)
 *(.rodata)
 .rodata        0x08009268       0x5d ./USB_DEVICE/App/usbd_desc.o
 *(.rodata*)
 *fill*         0x080092c5        0x3 
 .rodata.sqrttable
                0x080092c8      0x100 ./Core/Src/LinearRamp.o
 .rodata.TMC4671_PHI_E_EXT_FIELD
                0x080093c8        0x8 ./Core/Src/TMC4671_API.o
 .rodata.TMC4671_UD_EXT_FIELD
                0x080093d0        0x8 ./Core/Src/TMC4671_API.o
 .rodata.TMC4671_UQ_EXT_FIELD
                0x080093d8        0x8 ./Core/Src/TMC4671_API.o
 .rodata.TMC4671_ABN_DECODER_PHI_E_OFFSET_FIELD
                0x080093e0        0x8 ./Core/Src/TMC4671_API.o
 .rodata.TMC4671_ABN_DECODER_PHI_E_FIELD
                0x080093e8        0x8 ./Core/Src/TMC4671_API.o
 .rodata.TMC4671_HALL_PHI_E_FIELD
                0x080093f0        0x8 ./Core/Src/TMC4671_API.o
 .rodata.TMC4671_AENC_DECODER_PHI_A_OFFSET_FIELD
                0x080093f8        0x8 ./Core/Src/TMC4671_API.o
 .rodata.TMC4671_AENC_DECODER_PHI_M_OFFSET_FIELD
                0x08009400        0x8 ./Core/Src/TMC4671_API.o
 .rodata.TMC4671_AENC_DECODER_PHI_E_OFFSET_FIELD
                0x08009408        0x8 ./Core/Src/TMC4671_API.o
 .rodata.TMC4671_AENC_DECODER_PHI_M_FIELD
                0x08009410        0x8 ./Core/Src/TMC4671_API.o
 .rodata.TMC4671_PHI_E_SELECTION_FIELD
                0x08009418        0x8 ./Core/Src/TMC4671_API.o
 .rodata.TMC4671_PID_TORQUE_FLUX_LIMITS_FIELD
                0x08009420        0x8 ./Core/Src/TMC4671_API.o
 .rodata.TMC4671_MODE_MOTION_FIELD
                0x08009428        0x8 ./Core/Src/TMC4671_API.o
 .rodata.TMC4671_PID_FLUX_ACTUAL_FIELD
                0x08009430        0x8 ./Core/Src/main.o
 .rodata.TMC4671_PID_TORQUE_ACTUAL_FIELD
                0x08009438        0x8 ./Core/Src/main.o
 .rodata.TMC4671_PIDIN_TARGET_VELOCITY_FIELD
                0x08009440        0x8 ./Core/Src/main.o
 .rodata.AHBPrescTable
                0x08009448       0x10 ./Core/Src/system_stm32f4xx.o
                0x08009448                AHBPrescTable
                0x08009458                        . = ALIGN (0x4)

.ARM.extab      0x08009458        0x0
                0x08009458                        . = ALIGN (0x4)
 *(.ARM.extab* .gnu.linkonce.armextab.*)
                0x08009458                        . = ALIGN (0x4)

.ARM            0x08009458        0x8
                0x08009458                        . = ALIGN (0x4)
                0x08009458                        __exidx_start = .
 *(.ARM.exidx*)
 .ARM.exidx     0x08009458        0x8 C:/ST/STM32CubeIDE_1.16.1/STM32CubeIDE/plugins/com.st.stm32cube.ide.mcu.externaltools.gnu-tools-for-stm32.12.3.rel1.win32_1.0.200.202406191623/tools/bin/../lib/gcc/arm-none-eabi/12.3.1/thumb/v7e-m+fp/hard\libgcc.a(_udivmoddi4.o)
                0x08009460                        __exidx_end = .
                0x08009460                        . = ALIGN (0x4)

.preinit_array  0x08009460        0x0
                0x08009460                        . = ALIGN (0x4)
                0x08009460                        PROVIDE (__preinit_array_start = .)
 *(.preinit_array*)
                0x08009460                        PROVIDE (__preinit_array_end = .)
                0x08009460                        . = ALIGN (0x4)

.init_array     0x08009460        0x4
                0x08009460                        . = ALIGN (0x4)
                0x08009460                        PROVIDE (__init_array_start = .)
 *(SORT_BY_NAME(.init_array.*))
 *(.init_array*)
 .init_array    0x08009460        0x4 C:/ST/STM32CubeIDE_1.16.1/STM32CubeIDE/plugins/com.st.stm32cube.ide.mcu.externaltools.gnu-tools-for-stm32.12.3.rel1.win32_1.0.200.202406191623/tools/bin/../lib/gcc/arm-none-eabi/12.3.1/thumb/v7e-m+fp/hard/crtbegin.o
                0x08009464                        PROVIDE (__init_array_end = .)
                0x08009464                        . = ALIGN (0x4)

.fini_array     0x08009464        0x4
                0x08009464                        . = ALIGN (0x4)
                [!provide]                        PROVIDE (__fini_array_start = .)
 *(SORT_BY_NAME(.fini_array.*))
 *(.fini_array*)
 .fini_array    0x08009464        0x4 C:/ST/STM32CubeIDE_1.16.1/STM32CubeIDE/plugins/com.st.stm32cube.ide.mcu.externaltools.gnu-tools-for-stm32.12.3.rel1.win32_1.0.200.202406191623/tools/bin/../lib/gcc/arm-none-eabi/12.3.1/thumb/v7e-m+fp/hard/crtbegin.o
                [!provide]                        PROVIDE (__fini_array_end = .)
                0x08009468                        . = ALIGN (0x4)
                0x08009468                        _sidata = LOADADDR (.data)

.rel.dyn        0x08009468        0x0
 .rel.iplt      0x08009468        0x0 C:/ST/STM32CubeIDE_1.16.1/STM32CubeIDE/plugins/com.st.stm32cube.ide.mcu.externaltools.gnu-tools-for-stm32.12.3.rel1.win32_1.0.200.202406191623/tools/bin/../lib/gcc/arm-none-eabi/12.3.1/thumb/v7e-m+fp/hard/crtbegin.o

.data           0x20000000      0x10c load address 0x08009468
                0x20000000                        . = ALIGN (0x4)
                0x20000000                        _sdata = .
 *(.data)
 *(.data*)
 .data.SystemCoreClock
                0x20000000        0x4 ./Core/Src/system_stm32f4xx.o
                0x20000000                SystemCoreClock
 .data.uwTickPrio
                0x20000004        0x4 ./Drivers/STM32F4xx_HAL_Driver/Src/stm32f4xx_hal.o
                0x20000004                uwTickPrio
 .data.uwTickFreq
                0x20000008        0x1 ./Drivers/STM32F4xx_HAL_Driver/Src/stm32f4xx_hal.o
                0x20000008                uwTickFreq
 *fill*         0x20000009        0x3 
 .data.USBD_CUSTOM_HID
                0x2000000c       0x38 ./Middlewares/ST/STM32_USB_Device_Library/Class/CustomHID/Src/usbd_customhid.o
                0x2000000c                USBD_CUSTOM_HID
 .data.USBD_CUSTOM_HID_CfgDesc
                0x20000044       0x29 ./Middlewares/ST/STM32_USB_Device_Library/Class/CustomHID/Src/usbd_customhid.o
 *fill*         0x2000006d        0x3 
 .data.USBD_CUSTOM_HID_Desc
                0x20000070        0x9 ./Middlewares/ST/STM32_USB_Device_Library/Class/CustomHID/Src/usbd_customhid.o
 *fill*         0x20000079        0x3 
 .data.USBD_CUSTOM_HID_DeviceQualifierDesc
                0x2000007c        0xa ./Middlewares/ST/STM32_USB_Device_Library/Class/CustomHID/Src/usbd_customhid.o
 .data.CUSTOMHIDInEpAdd
                0x20000086        0x1 ./Middlewares/ST/STM32_USB_Device_Library/Class/CustomHID/Src/usbd_customhid.o
 .data.CUSTOMHIDOutEpAdd
                0x20000087        0x1 ./Middlewares/ST/STM32_USB_Device_Library/Class/CustomHID/Src/usbd_customhid.o
 .data.CUSTOM_HID_ReportDesc_FS
                0x20000088       0x21 ./USB_DEVICE/App/usbd_custom_hid_if.o
 *fill*         0x200000a9        0x3 
 .data.USBD_CustomHID_fops_FS
                0x200000ac       0x10 ./USB_DEVICE/App/usbd_custom_hid_if.o
                0x200000ac                USBD_CustomHID_fops_FS
 .data.FS_Desc  0x200000bc       0x1c ./USB_DEVICE/App/usbd_desc.o
                0x200000bc                FS_Desc
 .data.USBD_FS_DeviceDesc
                0x200000d8       0x12 ./USB_DEVICE/App/usbd_desc.o
                0x200000d8                USBD_FS_DeviceDesc
 *fill*         0x200000ea        0x2 
 .data.USBD_LangIDDesc
                0x200000ec        0x4 ./USB_DEVICE/App/usbd_desc.o
                0x200000ec                USBD_LangIDDesc
 .data.USBD_StringSerial
                0x200000f0       0x1a ./USB_DEVICE/App/usbd_desc.o
                0x200000f0                USBD_StringSerial
 *(.RamFunc)
 *(.RamFunc*)
                0x2000010c                        . = ALIGN (0x4)
 *fill*         0x2000010a        0x2 
                0x2000010c                        _edata = .
                0x08009574                        _siccmram = LOADADDR (.ccmram)

.igot.plt       0x2000010c        0x0 load address 0x08009574
 .igot.plt      0x2000010c        0x0 C:/ST/STM32CubeIDE_1.16.1/STM32CubeIDE/plugins/com.st.stm32cube.ide.mcu.externaltools.gnu-tools-for-stm32.12.3.rel1.win32_1.0.200.202406191623/tools/bin/../lib/gcc/arm-none-eabi/12.3.1/thumb/v7e-m+fp/hard/crtbegin.o

.ccmram         0x10000000        0x0 load address 0x08009574
                0x10000000                        . = ALIGN (0x4)
                0x10000000                        _sccmram = .
 *(.ccmram)
 *(.ccmram*)
                0x10000000                        . = ALIGN (0x4)
                0x10000000                        _eccmram = .
                0x10000000                        . = ALIGN (0x4)

.bss            0x20000110      0xb70
                0x20000110                        _sbss = .
                0x20000110                        __bss_start__ = _sbss
 *(.bss)
 .bss           0x20000110       0x1c C:/ST/STM32CubeIDE_1.16.1/STM32CubeIDE/plugins/com.st.stm32cube.ide.mcu.externaltools.gnu-tools-for-stm32.12.3.rel1.win32_1.0.200.202406191623/tools/bin/../lib/gcc/arm-none-eabi/12.3.1/thumb/v7e-m+fp/hard/crtbegin.o
 *(.bss*)
 *fill*         0x2000012c        0x4 
 .bss.motorConfig
                0x20000130       0x58 ./Core/Src/main.o
 .bss.rampGenerator
                0x20000188       0x28 ./Core/Src/main.o
 .bss.actualMotionMode
                0x200001b0        0x1 ./Core/Src/main.o
 *fill*         0x200001b1        0x3 
 .bss.lastRampTargetPosition
                0x200001b4        0x4 ./Core/Src/main.o
 .bss.lastRampTargetVelocity
                0x200001b8        0x4 ./Core/Src/main.o
 .bss.driverState
                0x200001bc        0x1 ./Core/Src/main.o
 *fill*         0x200001bd        0x3 
 .bss.hspi1     0x200001c0       0x58 ./Core/Src/spi.o
                0x200001c0                hspi1
 .bss.htim10    0x20000218       0x48 ./Core/Src/tim.o
                0x20000218                htim10
 .bss.uwTick    0x20000260        0x4 ./Drivers/STM32F4xx_HAL_Driver/Src/stm32f4xx_hal.o
                0x20000260                uwTick
 .bss.cfgidx.0  0x20000264        0x1 ./Middlewares/ST/STM32_USB_Device_Library/Core/Src/usbd_ctlreq.o
 *fill*         0x20000265        0x3 
 .bss.hUsbDeviceFS
                0x20000268      0x2dc ./USB_DEVICE/App/usb_device.o
                0x20000268                hUsbDeviceFS
 .bss.USBD_StrDesc
                0x20000544      0x200 ./USB_DEVICE/App/usbd_desc.o
                0x20000544                USBD_StrDesc
 .bss.hpcd_USB_OTG_FS
                0x20000744      0x4e4 ./USB_DEVICE/Target/usbd_conf.o
                0x20000744                hpcd_USB_OTG_FS
 .bss.mem.0     0x20000c28       0x58 ./USB_DEVICE/Target/usbd_conf.o
 *(COMMON)
                0x20000c80                        . = ALIGN (0x4)
                0x20000c80                        _ebss = .
                0x20000c80                        __bss_end__ = _ebss

._user_heap_stack
                0x20000c80      0x600
                0x20000c80                        . = ALIGN (0x8)
                [!provide]                        PROVIDE (end = .)
                0x20000c80                        PROVIDE (_end = .)
                0x20000e80                        . = (. + _Min_Heap_Size)
 *fill*         0x20000c80      0x200 
                0x20001280                        . = (. + _Min_Stack_Size)
 *fill*         0x20000e80      0x400 
                0x20001280                        . = ALIGN (0x8)

/DISCARD/
 libc.a(*)
 libm.a(*)
 libgcc.a(*)

.ARM.attributes
                0x00000000       0x30
 *(.ARM.attributes)
 .ARM.attributes
                0x00000000       0x22 C:/ST/STM32CubeIDE_1.16.1/STM32CubeIDE/plugins/com.st.stm32cube.ide.mcu.externaltools.gnu-tools-for-stm32.12.3.rel1.win32_1.0.200.202406191623/tools/bin/../lib/gcc/arm-none-eabi/12.3.1/thumb/v7e-m+fp/hard/crti.o
 .ARM.attributes
                0x00000022       0x34 C:/ST/STM32CubeIDE_1.16.1/STM32CubeIDE/plugins/com.st.stm32cube.ide.mcu.externaltools.gnu-tools-for-stm32.12.3.rel1.win32_1.0.200.202406191623/tools/bin/../lib/gcc/arm-none-eabi/12.3.1/thumb/v7e-m+fp/hard/crtbegin.o
 .ARM.attributes
                0x00000056       0x34 ./Core/Src/LinearRamp.o
 .ARM.attributes
                0x0000008a       0x34 ./Core/Src/TMC4671_API.o
 .ARM.attributes
                0x000000be       0x34 ./Core/Src/gpio.o
 .ARM.attributes
                0x000000f2       0x34 ./Core/Src/main.o
 .ARM.attributes
                0x00000126       0x34 ./Core/Src/spi.o
 .ARM.attributes
                0x0000015a       0x34 ./Core/Src/stm32f4xx_hal_msp.o
 .ARM.attributes
                0x0000018e       0x34 ./Core/Src/stm32f4xx_it.o
 .ARM.attributes
                0x000001c2       0x34 ./Core/Src/system_stm32f4xx.o
 .ARM.attributes
                0x000001f6       0x34 ./Core/Src/tim.o
 .ARM.attributes
                0x0000022a       0x21 ./Core/Startup/startup_stm32f407vgtx.o
 .ARM.attributes
                0x0000024b       0x34 ./Drivers/STM32F4xx_HAL_Driver/Src/stm32f4xx_hal.o
 .ARM.attributes
                0x0000027f       0x34 ./Drivers/STM32F4xx_HAL_Driver/Src/stm32f4xx_hal_cortex.o
 .ARM.attributes
                0x000002b3       0x34 ./Drivers/STM32F4xx_HAL_Driver/Src/stm32f4xx_hal_gpio.o
 .ARM.attributes
                0x000002e7       0x34 ./Drivers/STM32F4xx_HAL_Driver/Src/stm32f4xx_hal_pcd.o
 .ARM.attributes
                0x0000031b       0x34 ./Drivers/STM32F4xx_HAL_Driver/Src/stm32f4xx_hal_pcd_ex.o
 .ARM.attributes
                0x0000034f       0x34 ./Drivers/STM32F4xx_HAL_Driver/Src/stm32f4xx_hal_rcc.o
 .ARM.attributes
                0x00000383       0x34 ./Drivers/STM32F4xx_HAL_Driver/Src/stm32f4xx_hal_spi.o
 .ARM.attributes
                0x000003b7       0x34 ./Drivers/STM32F4xx_HAL_Driver/Src/stm32f4xx_hal_tim.o
 .ARM.attributes
                0x000003eb       0x34 ./Drivers/STM32F4xx_HAL_Driver/Src/stm32f4xx_hal_tim_ex.o
 .ARM.attributes
                0x0000041f       0x34 ./Drivers/STM32F4xx_HAL_Driver/Src/stm32f4xx_ll_usb.o
 .ARM.attributes
                0x00000453       0x34 ./Middlewares/ST/STM32_USB_Device_Library/Class/CustomHID/Src/usbd_customhid.o
 .ARM.attributes
                0x00000487       0x34 ./Middlewares/ST/STM32_USB_Device_Library/Core/Src/usbd_core.o
 .ARM.attributes
                0x000004bb       0x34 ./Middlewares/ST/STM32_USB_Device_Library/Core/Src/usbd_ctlreq.o
 .ARM.attributes
                0x000004ef       0x34 ./Middlewares/ST/STM32_USB_Device_Library/Core/Src/usbd_ioreq.o
 .ARM.attributes
                0x00000523       0x34 ./USB_DEVICE/App/usb_device.o
 .ARM.attributes
                0x00000557       0x34 ./USB_DEVICE/App/usbd_custom_hid_if.o
 .ARM.attributes
                0x0000058b       0x34 ./USB_DEVICE/App/usbd_desc.o
 .ARM.attributes
                0x000005bf       0x34 ./USB_DEVICE/Target/usbd_conf.o
 .ARM.attributes
                0x000005f3       0x34 C:/ST/STM32CubeIDE_1.16.1/STM32CubeIDE/plugins/com.st.stm32cube.ide.mcu.externaltools.gnu-tools-for-stm32.12.3.rel1.win32_1.0.200.202406191623/tools/bin/../lib/gcc/arm-none-eabi/12.3.1/../../../../arm-none-eabi/lib/thumb/v7e-m+fp/hard\libc_nano.a(libc_a-memset.o)
 .ARM.attributes
                0x00000627       0x34 C:/ST/STM32CubeIDE_1.16.1/STM32CubeIDE/plugins/com.st.stm32cube.ide.mcu.externaltools.gnu-tools-for-stm32.12.3.rel1.win32_1.0.200.202406191623/tools/bin/../lib/gcc/arm-none-eabi/12.3.1/../../../../arm-none-eabi/lib/thumb/v7e-m+fp/hard\libc_nano.a(libc_a-init.o)
 .ARM.attributes
                0x0000065b       0x22 C:/ST/STM32CubeIDE_1.16.1/STM32CubeIDE/plugins/com.st.stm32cube.ide.mcu.externaltools.gnu-tools-for-stm32.12.3.rel1.win32_1.0.200.202406191623/tools/bin/../lib/gcc/arm-none-eabi/12.3.1/thumb/v7e-m+fp/hard\libgcc.a(_aeabi_ldivmod.o)
 .ARM.attributes
                0x0000067d       0x22 C:/ST/STM32CubeIDE_1.16.1/STM32CubeIDE/plugins/com.st.stm32cube.ide.mcu.externaltools.gnu-tools-for-stm32.12.3.rel1.win32_1.0.200.202406191623/tools/bin/../lib/gcc/arm-none-eabi/12.3.1/thumb/v7e-m+fp/hard\libgcc.a(_aeabi_uldivmod.o)
 .ARM.attributes
                0x0000069f       0x34 C:/ST/STM32CubeIDE_1.16.1/STM32CubeIDE/plugins/com.st.stm32cube.ide.mcu.externaltools.gnu-tools-for-stm32.12.3.rel1.win32_1.0.200.202406191623/tools/bin/../lib/gcc/arm-none-eabi/12.3.1/thumb/v7e-m+fp/hard\libgcc.a(_udivmoddi4.o)
 .ARM.attributes
                0x000006d3       0x22 C:/ST/STM32CubeIDE_1.16.1/STM32CubeIDE/plugins/com.st.stm32cube.ide.mcu.externaltools.gnu-tools-for-stm32.12.3.rel1.win32_1.0.200.202406191623/tools/bin/../lib/gcc/arm-none-eabi/12.3.1/thumb/v7e-m+fp/hard\libgcc.a(_dvmd_tls.o)
 .ARM.attributes
                0x000006f5       0x22 C:/ST/STM32CubeIDE_1.16.1/STM32CubeIDE/plugins/com.st.stm32cube.ide.mcu.externaltools.gnu-tools-for-stm32.12.3.rel1.win32_1.0.200.202406191623/tools/bin/../lib/gcc/arm-none-eabi/12.3.1/thumb/v7e-m+fp/hard/crtn.o
OUTPUT(Praca-Inzynierksa-STM32.elf elf32-littlearm)
LOAD linker stubs
LOAD C:/ST/STM32CubeIDE_1.16.1/STM32CubeIDE/plugins/com.st.stm32cube.ide.mcu.externaltools.gnu-tools-for-stm32.12.3.rel1.win32_1.0.200.202406191623/tools/bin/../lib/gcc/arm-none-eabi/12.3.1/../../../../arm-none-eabi/lib/thumb/v7e-m+fp/hard\libc.a
LOAD C:/ST/STM32CubeIDE_1.16.1/STM32CubeIDE/plugins/com.st.stm32cube.ide.mcu.externaltools.gnu-tools-for-stm32.12.3.rel1.win32_1.0.200.202406191623/tools/bin/../lib/gcc/arm-none-eabi/12.3.1/../../../../arm-none-eabi/lib/thumb/v7e-m+fp/hard\libm.a
LOAD C:/ST/STM32CubeIDE_1.16.1/STM32CubeIDE/plugins/com.st.stm32cube.ide.mcu.externaltools.gnu-tools-for-stm32.12.3.rel1.win32_1.0.200.202406191623/tools/bin/../lib/gcc/arm-none-eabi/12.3.1/thumb/v7e-m+fp/hard\libgcc.a

.debug_info     0x00000000    0x1b405
 .debug_info    0x00000000      0x407 ./Core/Src/LinearRamp.o
 .debug_info    0x00000407     0x2c3b ./Core/Src/TMC4671_API.o
 .debug_info    0x00003042      0x425 ./Core/Src/gpio.o
 .debug_info    0x00003467     0x2bfe ./Core/Src/main.o
 .debug_info    0x00006065      0x94d ./Core/Src/spi.o
 .debug_info    0x000069b2      0x269 ./Core/Src/stm32f4xx_hal_msp.o
 .debug_info    0x00006c1b      0xbbd ./Core/Src/stm32f4xx_it.o
 .debug_info    0x000077d8      0x512 ./Core/Src/system_stm32f4xx.o
 .debug_info    0x00007cea      0xb26 ./Core/Src/tim.o
 .debug_info    0x00008810       0x30 ./Core/Startup/startup_stm32f407vgtx.o
 .debug_info    0x00008840      0x944 ./Drivers/STM32F4xx_HAL_Driver/Src/stm32f4xx_hal.o
 .debug_info    0x00009184      0xd8c ./Drivers/STM32F4xx_HAL_Driver/Src/stm32f4xx_hal_cortex.o
 .debug_info    0x00009f10      0x6c3 ./Drivers/STM32F4xx_HAL_Driver/Src/stm32f4xx_hal_gpio.o
 .debug_info    0x0000a5d3     0x156f ./Drivers/STM32F4xx_HAL_Driver/Src/stm32f4xx_hal_pcd.o
 .debug_info    0x0000bb42      0x6ea ./Drivers/STM32F4xx_HAL_Driver/Src/stm32f4xx_hal_pcd_ex.o
 .debug_info    0x0000c22c      0x8af ./Drivers/STM32F4xx_HAL_Driver/Src/stm32f4xx_hal_rcc.o
 .debug_info    0x0000cadb     0x1525 ./Drivers/STM32F4xx_HAL_Driver/Src/stm32f4xx_hal_spi.o
 .debug_info    0x0000e000     0x299d ./Drivers/STM32F4xx_HAL_Driver/Src/stm32f4xx_hal_tim.o
 .debug_info    0x0001099d     0x14db ./Drivers/STM32F4xx_HAL_Driver/Src/stm32f4xx_hal_tim_ex.o
 .debug_info    0x00011e78     0x1993 ./Drivers/STM32F4xx_HAL_Driver/Src/stm32f4xx_ll_usb.o
 .debug_info    0x0001380b      0xc4e ./Middlewares/ST/STM32_USB_Device_Library/Class/CustomHID/Src/usbd_customhid.o
 .debug_info    0x00014459      0xe05 ./Middlewares/ST/STM32_USB_Device_Library/Core/Src/usbd_core.o
 .debug_info    0x0001525e      0xade ./Middlewares/ST/STM32_USB_Device_Library/Core/Src/usbd_ctlreq.o
 .debug_info    0x00015d3c      0x755 ./Middlewares/ST/STM32_USB_Device_Library/Core/Src/usbd_ioreq.o
 .debug_info    0x00016491      0x6bf ./USB_DEVICE/App/usb_device.o
 .debug_info    0x00016b50     0x27f2 ./USB_DEVICE/App/usbd_custom_hid_if.o
 .debug_info    0x00019342      0x458 ./USB_DEVICE/App/usbd_desc.o
 .debug_info    0x0001979a     0x1c6b ./USB_DEVICE/Target/usbd_conf.o

.debug_abbrev   0x00000000     0x3c86
 .debug_abbrev  0x00000000      0x123 ./Core/Src/LinearRamp.o
 .debug_abbrev  0x00000123      0x315 ./Core/Src/TMC4671_API.o
 .debug_abbrev  0x00000438      0x152 ./Core/Src/gpio.o
 .debug_abbrev  0x0000058a      0x356 ./Core/Src/main.o
 .debug_abbrev  0x000008e0      0x1fa ./Core/Src/spi.o
 .debug_abbrev  0x00000ada       0xd8 ./Core/Src/stm32f4xx_hal_msp.o
 .debug_abbrev  0x00000bb2      0x1e9 ./Core/Src/stm32f4xx_it.o
 .debug_abbrev  0x00000d9b      0x11a ./Core/Src/system_stm32f4xx.o
 .debug_abbrev  0x00000eb5      0x1ee ./Core/Src/tim.o
 .debug_abbrev  0x000010a3       0x24 ./Core/Startup/startup_stm32f407vgtx.o
 .debug_abbrev  0x000010c7      0x214 ./Drivers/STM32F4xx_HAL_Driver/Src/stm32f4xx_hal.o
 .debug_abbrev  0x000012db      0x31d ./Drivers/STM32F4xx_HAL_Driver/Src/stm32f4xx_hal_cortex.o
 .debug_abbrev  0x000015f8      0x1d4 ./Drivers/STM32F4xx_HAL_Driver/Src/stm32f4xx_hal_gpio.o
 .debug_abbrev  0x000017cc      0x2b9 ./Drivers/STM32F4xx_HAL_Driver/Src/stm32f4xx_hal_pcd.o
 .debug_abbrev  0x00001a85      0x1da ./Drivers/STM32F4xx_HAL_Driver/Src/stm32f4xx_hal_pcd_ex.o
 .debug_abbrev  0x00001c5f      0x2b7 ./Drivers/STM32F4xx_HAL_Driver/Src/stm32f4xx_hal_rcc.o
 .debug_abbrev  0x00001f16      0x27a ./Drivers/STM32F4xx_HAL_Driver/Src/stm32f4xx_hal_spi.o
 .debug_abbrev  0x00002190      0x278 ./Drivers/STM32F4xx_HAL_Driver/Src/stm32f4xx_hal_tim.o
 .debug_abbrev  0x00002408      0x283 ./Drivers/STM32F4xx_HAL_Driver/Src/stm32f4xx_hal_tim_ex.o
 .debug_abbrev  0x0000268b      0x2b3 ./Drivers/STM32F4xx_HAL_Driver/Src/stm32f4xx_ll_usb.o
 .debug_abbrev  0x0000293e      0x2d0 ./Middlewares/ST/STM32_USB_Device_Library/Class/CustomHID/Src/usbd_customhid.o
 .debug_abbrev  0x00002c0e      0x27c ./Middlewares/ST/STM32_USB_Device_Library/Core/Src/usbd_core.o
 .debug_abbrev  0x00002e8a      0x26f ./Middlewares/ST/STM32_USB_Device_Library/Core/Src/usbd_ctlreq.o
 .debug_abbrev  0x000030f9      0x19a ./Middlewares/ST/STM32_USB_Device_Library/Core/Src/usbd_ioreq.o
 .debug_abbrev  0x00003293      0x194 ./USB_DEVICE/App/usb_device.o
 .debug_abbrev  0x00003427      0x33f ./USB_DEVICE/App/usbd_custom_hid_if.o
 .debug_abbrev  0x00003766      0x1e1 ./USB_DEVICE/App/usbd_desc.o
 .debug_abbrev  0x00003947      0x33f ./USB_DEVICE/Target/usbd_conf.o

.debug_aranges  0x00000000     0x1538
 .debug_aranges
                0x00000000       0x50 ./Core/Src/LinearRamp.o
 .debug_aranges
                0x00000050      0x150 ./Core/Src/TMC4671_API.o
 .debug_aranges
                0x000001a0       0x20 ./Core/Src/gpio.o
 .debug_aranges
                0x000001c0       0xa8 ./Core/Src/main.o
 .debug_aranges
                0x00000268       0x30 ./Core/Src/spi.o
 .debug_aranges
                0x00000298       0x20 ./Core/Src/stm32f4xx_hal_msp.o
 .debug_aranges
                0x000002b8       0x70 ./Core/Src/stm32f4xx_it.o
 .debug_aranges
                0x00000328       0x28 ./Core/Src/system_stm32f4xx.o
 .debug_aranges
                0x00000350       0x30 ./Core/Src/tim.o
 .debug_aranges
                0x00000380       0x28 ./Core/Startup/startup_stm32f407vgtx.o
 .debug_aranges
                0x000003a8       0xf0 ./Drivers/STM32F4xx_HAL_Driver/Src/stm32f4xx_hal.o
 .debug_aranges
                0x00000498      0x130 ./Drivers/STM32F4xx_HAL_Driver/Src/stm32f4xx_hal_cortex.o
 .debug_aranges
                0x000005c8       0x58 ./Drivers/STM32F4xx_HAL_Driver/Src/stm32f4xx_hal_gpio.o
 .debug_aranges
                0x00000620      0x148 ./Drivers/STM32F4xx_HAL_Driver/Src/stm32f4xx_hal_pcd.o
 .debug_aranges
                0x00000768       0x38 ./Drivers/STM32F4xx_HAL_Driver/Src/stm32f4xx_hal_pcd_ex.o
 .debug_aranges
                0x000007a0       0x88 ./Drivers/STM32F4xx_HAL_Driver/Src/stm32f4xx_hal_rcc.o
 .debug_aranges
                0x00000828      0x1d0 ./Drivers/STM32F4xx_HAL_Driver/Src/stm32f4xx_hal_spi.o
 .debug_aranges
                0x000009f8      0x3d0 ./Drivers/STM32F4xx_HAL_Driver/Src/stm32f4xx_hal_tim.o
 .debug_aranges
                0x00000dc8      0x168 ./Drivers/STM32F4xx_HAL_Driver/Src/stm32f4xx_hal_tim_ex.o
 .debug_aranges
                0x00000f30      0x1a0 ./Drivers/STM32F4xx_HAL_Driver/Src/stm32f4xx_ll_usb.o
 .debug_aranges
                0x000010d0       0x80 ./Middlewares/ST/STM32_USB_Device_Library/Class/CustomHID/Src/usbd_customhid.o
 .debug_aranges
                0x00001150       0xd8 ./Middlewares/ST/STM32_USB_Device_Library/Core/Src/usbd_core.o
 .debug_aranges
                0x00001228       0x90 ./Middlewares/ST/STM32_USB_Device_Library/Core/Src/usbd_ctlreq.o
 .debug_aranges
                0x000012b8       0x50 ./Middlewares/ST/STM32_USB_Device_Library/Core/Src/usbd_ioreq.o
 .debug_aranges
                0x00001308       0x20 ./USB_DEVICE/App/usb_device.o
 .debug_aranges
                0x00001328       0xa0 ./USB_DEVICE/App/usbd_custom_hid_if.o
 .debug_aranges
                0x000013c8       0x60 ./USB_DEVICE/App/usbd_desc.o
 .debug_aranges
                0x00001428      0x110 ./USB_DEVICE/Target/usbd_conf.o

.debug_rnglists
                0x00000000     0x101d
 .debug_rnglists
                0x00000000       0x3a ./Core/Src/LinearRamp.o
 .debug_rnglists
                0x0000003a       0xfa ./Core/Src/TMC4671_API.o
 .debug_rnglists
                0x00000134       0x14 ./Core/Src/gpio.o
 .debug_rnglists
                0x00000148       0x7e ./Core/Src/main.o
 .debug_rnglists
                0x000001c6       0x20 ./Core/Src/spi.o
 .debug_rnglists
                0x000001e6       0x13 ./Core/Src/stm32f4xx_hal_msp.o
 .debug_rnglists
                0x000001f9       0x4f ./Core/Src/stm32f4xx_it.o
 .debug_rnglists
                0x00000248       0x1a ./Core/Src/system_stm32f4xx.o
 .debug_rnglists
                0x00000262       0x1f ./Core/Src/tim.o
 .debug_rnglists
                0x00000281       0x19 ./Core/Startup/startup_stm32f407vgtx.o
 .debug_rnglists
                0x0000029a       0xaf ./Drivers/STM32F4xx_HAL_Driver/Src/stm32f4xx_hal.o
 .debug_rnglists
                0x00000349       0xe0 ./Drivers/STM32F4xx_HAL_Driver/Src/stm32f4xx_hal_cortex.o
 .debug_rnglists
                0x00000429       0x3f ./Drivers/STM32F4xx_HAL_Driver/Src/stm32f4xx_hal_gpio.o
 .debug_rnglists
                0x00000468       0xfa ./Drivers/STM32F4xx_HAL_Driver/Src/stm32f4xx_hal_pcd.o
 .debug_rnglists
                0x00000562       0x26 ./Drivers/STM32F4xx_HAL_Driver/Src/stm32f4xx_hal_pcd_ex.o
 .debug_rnglists
                0x00000588       0x66 ./Drivers/STM32F4xx_HAL_Driver/Src/stm32f4xx_hal_rcc.o
 .debug_rnglists
                0x000005ee      0x16f ./Drivers/STM32F4xx_HAL_Driver/Src/stm32f4xx_hal_spi.o
 .debug_rnglists
                0x0000075d      0x31a ./Drivers/STM32F4xx_HAL_Driver/Src/stm32f4xx_hal_tim.o
 .debug_rnglists
                0x00000a77      0x125 ./Drivers/STM32F4xx_HAL_Driver/Src/stm32f4xx_hal_tim_ex.o
 .debug_rnglists
                0x00000b9c      0x147 ./Drivers/STM32F4xx_HAL_Driver/Src/stm32f4xx_ll_usb.o
 .debug_rnglists
                0x00000ce3       0x5e ./Middlewares/ST/STM32_USB_Device_Library/Class/CustomHID/Src/usbd_customhid.o
 .debug_rnglists
                0x00000d41       0xa1 ./Middlewares/ST/STM32_USB_Device_Library/Core/Src/usbd_core.o
 .debug_rnglists
                0x00000de2       0x6e ./Middlewares/ST/STM32_USB_Device_Library/Core/Src/usbd_ctlreq.o
 .debug_rnglists
                0x00000e50       0x37 ./Middlewares/ST/STM32_USB_Device_Library/Core/Src/usbd_ioreq.o
 .debug_rnglists
                0x00000e87       0x13 ./USB_DEVICE/App/usb_device.o
 .debug_rnglists
                0x00000e9a       0x77 ./USB_DEVICE/App/usbd_custom_hid_if.o
 .debug_rnglists
                0x00000f11       0x43 ./USB_DEVICE/App/usbd_desc.o
 .debug_rnglists
                0x00000f54       0xc9 ./USB_DEVICE/Target/usbd_conf.o

.debug_macro    0x00000000    0x26133
 .debug_macro   0x00000000      0x151 ./Core/Src/LinearRamp.o
 .debug_macro   0x00000151      0xab4 ./Core/Src/LinearRamp.o
 .debug_macro   0x00000c05       0x22 ./Core/Src/LinearRamp.o
 .debug_macro   0x00000c27       0x8e ./Core/Src/LinearRamp.o
 .debug_macro   0x00000cb5       0x51 ./Core/Src/LinearRamp.o
 .debug_macro   0x00000d06      0x103 ./Core/Src/LinearRamp.o
 .debug_macro   0x00000e09       0x6a ./Core/Src/LinearRamp.o
 .debug_macro   0x00000e73      0x1df ./Core/Src/LinearRamp.o
 .debug_macro   0x00001052       0x2a ./Core/Src/LinearRamp.o
 .debug_macro   0x0000107c       0x61 ./Core/Src/LinearRamp.o
 .debug_macro   0x000010dd       0x43 ./Core/Src/LinearRamp.o
 .debug_macro   0x00001120       0x34 ./Core/Src/LinearRamp.o
 .debug_macro   0x00001154       0x16 ./Core/Src/LinearRamp.o
 .debug_macro   0x0000116a      0x11c ./Core/Src/LinearRamp.o
 .debug_macro   0x00001286       0x94 ./Core/Src/LinearRamp.o
 .debug_macro   0x0000131a       0x16 ./Core/Src/LinearRamp.o
 .debug_macro   0x00001330       0x43 ./Core/Src/LinearRamp.o
 .debug_macro   0x00001373       0x34 ./Core/Src/LinearRamp.o
 .debug_macro   0x000013a7       0x10 ./Core/Src/LinearRamp.o
 .debug_macro   0x000013b7       0x58 ./Core/Src/LinearRamp.o
 .debug_macro   0x0000140f       0x8e ./Core/Src/LinearRamp.o
 .debug_macro   0x0000149d       0x1c ./Core/Src/LinearRamp.o
 .debug_macro   0x000014b9      0x177 ./Core/Src/LinearRamp.o
 .debug_macro   0x00001630      0x369 ./Core/Src/LinearRamp.o
 .debug_macro   0x00001999       0x16 ./Core/Src/LinearRamp.o
 .debug_macro   0x000019af       0x29 ./Core/Src/LinearRamp.o
 .debug_macro   0x000019d8       0x22 ./Core/Src/LinearRamp.o
 .debug_macro   0x000019fa      0x259 ./Core/Src/TMC4671_API.o
 .debug_macro   0x00001c53      0x189 ./Core/Src/TMC4671_API.o
 .debug_macro   0x00001ddc     0x1abd ./Core/Src/TMC4671_API.o
 .debug_macro   0x00003899      0x2a1 ./Core/Src/TMC4671_API.o
 .debug_macro   0x00003b3a       0x2e ./Core/Src/TMC4671_API.o
 .debug_macro   0x00003b68       0x2f ./Core/Src/TMC4671_API.o
 .debug_macro   0x00003b97       0x1c ./Core/Src/TMC4671_API.o
 .debug_macro   0x00003bb3       0x22 ./Core/Src/TMC4671_API.o
 .debug_macro   0x00003bd5       0xfb ./Core/Src/TMC4671_API.o
 .debug_macro   0x00003cd0     0x1011 ./Core/Src/TMC4671_API.o
 .debug_macro   0x00004ce1      0x11f ./Core/Src/TMC4671_API.o
 .debug_macro   0x00004e00    0x15e97 ./Core/Src/TMC4671_API.o
 .debug_macro   0x0001ac97       0x6d ./Core/Src/TMC4671_API.o
 .debug_macro   0x0001ad04     0x369a ./Core/Src/TMC4671_API.o
 .debug_macro   0x0001e39e       0x5c ./Core/Src/TMC4671_API.o
 .debug_macro   0x0001e3fa      0x980 ./Core/Src/TMC4671_API.o
 .debug_macro   0x0001ed7a      0x9e9 ./Core/Src/TMC4671_API.o
 .debug_macro   0x0001f763      0x115 ./Core/Src/TMC4671_API.o
 .debug_macro   0x0001f878      0x13e ./Core/Src/TMC4671_API.o
 .debug_macro   0x0001f9b6       0xa5 ./Core/Src/TMC4671_API.o
 .debug_macro   0x0001fa5b      0x174 ./Core/Src/TMC4671_API.o
 .debug_macro   0x0001fbcf      0x287 ./Core/Src/TMC4671_API.o
 .debug_macro   0x0001fe56       0x5f ./Core/Src/TMC4671_API.o
 .debug_macro   0x0001feb5      0x236 ./Core/Src/TMC4671_API.o
 .debug_macro   0x000200eb      0x12c ./Core/Src/TMC4671_API.o
 .debug_macro   0x00020217      0x21e ./Core/Src/TMC4671_API.o
 .debug_macro   0x00020435       0x2e ./Core/Src/TMC4671_API.o
 .debug_macro   0x00020463      0x127 ./Core/Src/TMC4671_API.o
 .debug_macro   0x0002058a       0x7e ./Core/Src/TMC4671_API.o
 .debug_macro   0x00020608       0x89 ./Core/Src/TMC4671_API.o
 .debug_macro   0x00020691      0x225 ./Core/Src/TMC4671_API.o
 .debug_macro   0x000208b6      0x8ed ./Core/Src/TMC4671_API.o
 .debug_macro   0x000211a3       0x4d ./Core/Src/TMC4671_API.o
 .debug_macro   0x000211f0      0x293 ./Core/Src/TMC4671_API.o
 .debug_macro   0x00021483       0xba ./Core/Src/TMC4671_API.o
 .debug_macro   0x0002153d      0x12d ./Core/Src/TMC4671_API.o
 .debug_macro   0x0002166a       0x40 ./Core/Src/TMC4671_API.o
 .debug_macro   0x000216aa      0x20b ./Core/Src/gpio.o
 .debug_macro   0x000218b5      0x3ce ./Core/Src/main.o
 .debug_macro   0x00021c83       0x16 ./Core/Src/main.o
 .debug_macro   0x00021c99       0x35 ./Core/Src/main.o
 .debug_macro   0x00021cce       0x10 ./Core/Src/main.o
 .debug_macro   0x00021cde       0x16 ./Core/Src/main.o
 .debug_macro   0x00021cf4       0x16 ./Core/Src/main.o
 .debug_macro   0x00021d0a      0x146 ./Core/Src/main.o
 .debug_macro   0x00021e50       0x16 ./Core/Src/main.o
 .debug_macro   0x00021e66       0x20 ./Core/Src/main.o
 .debug_macro   0x00021e86       0x78 ./Core/Src/main.o
 .debug_macro   0x00021efe      0x20f ./Core/Src/main.o
 .debug_macro   0x0002210d       0x10 ./Core/Src/main.o
 .debug_macro   0x0002211d      0x20b ./Core/Src/spi.o
 .debug_macro   0x00022328      0x201 ./Core/Src/stm32f4xx_hal_msp.o
 .debug_macro   0x00022529      0x20b ./Core/Src/stm32f4xx_it.o
 .debug_macro   0x00022734      0x1f2 ./Core/Src/system_stm32f4xx.o
 .debug_macro   0x00022926      0x20b ./Core/Src/tim.o
 .debug_macro   0x00022b31      0x252 ./Drivers/STM32F4xx_HAL_Driver/Src/stm32f4xx_hal.o
 .debug_macro   0x00022d83      0x1f2 ./Drivers/STM32F4xx_HAL_Driver/Src/stm32f4xx_hal_cortex.o
 .debug_macro   0x00022f75      0x1f8 ./Drivers/STM32F4xx_HAL_Driver/Src/stm32f4xx_hal_gpio.o
 .debug_macro   0x0002316d      0x1fe ./Drivers/STM32F4xx_HAL_Driver/Src/stm32f4xx_hal_pcd.o
 .debug_macro   0x0002336b      0x1f2 ./Drivers/STM32F4xx_HAL_Driver/Src/stm32f4xx_hal_pcd_ex.o
 .debug_macro   0x0002355d      0x216 ./Drivers/STM32F4xx_HAL_Driver/Src/stm32f4xx_hal_rcc.o
 .debug_macro   0x00023773      0x201 ./Drivers/STM32F4xx_HAL_Driver/Src/stm32f4xx_hal_spi.o
 .debug_macro   0x00023974      0x1f3 ./Drivers/STM32F4xx_HAL_Driver/Src/stm32f4xx_hal_tim.o
 .debug_macro   0x00023b67      0x1f2 ./Drivers/STM32F4xx_HAL_Driver/Src/stm32f4xx_hal_tim_ex.o
 .debug_macro   0x00023d59      0x1f2 ./Drivers/STM32F4xx_HAL_Driver/Src/stm32f4xx_ll_usb.o
 .debug_macro   0x00023f4b      0x390 ./Middlewares/ST/STM32_USB_Device_Library/Class/CustomHID/Src/usbd_customhid.o
 .debug_macro   0x000242db       0x9e ./Middlewares/ST/STM32_USB_Device_Library/Class/CustomHID/Src/usbd_customhid.o
 .debug_macro   0x00024379      0x10b ./Middlewares/ST/STM32_USB_Device_Library/Class/CustomHID/Src/usbd_customhid.o
 .debug_macro   0x00024484       0x56 ./Middlewares/ST/STM32_USB_Device_Library/Class/CustomHID/Src/usbd_customhid.o
 .debug_macro   0x000244da       0x65 ./Middlewares/ST/STM32_USB_Device_Library/Class/CustomHID/Src/usbd_customhid.o
 .debug_macro   0x0002453f      0x377 ./Middlewares/ST/STM32_USB_Device_Library/Core/Src/usbd_core.o
 .debug_macro   0x000248b6      0x215 ./Middlewares/ST/STM32_USB_Device_Library/Core/Src/usbd_core.o
 .debug_macro   0x00024acb      0x381 ./Middlewares/ST/STM32_USB_Device_Library/Core/Src/usbd_ctlreq.o
 .debug_macro   0x00024e4c      0x37d ./Middlewares/ST/STM32_USB_Device_Library/Core/Src/usbd_ioreq.o
 .debug_macro   0x000251c9      0x3b1 ./USB_DEVICE/App/usb_device.o
 .debug_macro   0x0002557a       0x46 ./USB_DEVICE/App/usb_device.o
 .debug_macro   0x000255c0       0x22 ./USB_DEVICE/App/usb_device.o
 .debug_macro   0x000255e2      0x3e7 ./USB_DEVICE/App/usbd_custom_hid_if.o
 .debug_macro   0x000259c9      0x3ba ./USB_DEVICE/App/usbd_desc.o
 .debug_macro   0x00025d83       0x1c ./USB_DEVICE/App/usbd_desc.o
 .debug_macro   0x00025d9f      0x394 ./USB_DEVICE/Target/usbd_conf.o

.debug_line     0x00000000    0x1a25a
 .debug_line    0x00000000      0x8bf ./Core/Src/LinearRamp.o
 .debug_line    0x000008bf      0xe4c ./Core/Src/TMC4671_API.o
 .debug_line    0x0000170b      0x7ce ./Core/Src/gpio.o
 .debug_line    0x00001ed9      0xf0e ./Core/Src/main.o
 .debug_line    0x00002de7      0x806 ./Core/Src/spi.o
 .debug_line    0x000035ed      0x795 ./Core/Src/stm32f4xx_hal_msp.o
 .debug_line    0x00003d82      0x887 ./Core/Src/stm32f4xx_it.o
 .debug_line    0x00004609      0x819 ./Core/Src/system_stm32f4xx.o
 .debug_line    0x00004e22      0x7e2 ./Core/Src/tim.o
 .debug_line    0x00005604       0x7a ./Core/Startup/startup_stm32f407vgtx.o
 .debug_line    0x0000567e      0xa82 ./Drivers/STM32F4xx_HAL_Driver/Src/stm32f4xx_hal.o
 .debug_line    0x00006100      0xd74 ./Drivers/STM32F4xx_HAL_Driver/Src/stm32f4xx_hal_cortex.o
 .debug_line    0x00006e74      0xc0e ./Drivers/STM32F4xx_HAL_Driver/Src/stm32f4xx_hal_gpio.o
 .debug_line    0x00007a82     0x156b ./Drivers/STM32F4xx_HAL_Driver/Src/stm32f4xx_hal_pcd.o
 .debug_line    0x00008fed      0x85f ./Drivers/STM32F4xx_HAL_Driver/Src/stm32f4xx_hal_pcd_ex.o
 .debug_line    0x0000984c      0xe0d ./Drivers/STM32F4xx_HAL_Driver/Src/stm32f4xx_hal_rcc.o
 .debug_line    0x0000a659     0x1da0 ./Drivers/STM32F4xx_HAL_Driver/Src/stm32f4xx_hal_spi.o
 .debug_line    0x0000c3f9     0x3826 ./Drivers/STM32F4xx_HAL_Driver/Src/stm32f4xx_hal_tim.o
 .debug_line    0x0000fc1f     0x1a78 ./Drivers/STM32F4xx_HAL_Driver/Src/stm32f4xx_hal_tim_ex.o
 .debug_line    0x00011697     0x1e5d ./Drivers/STM32F4xx_HAL_Driver/Src/stm32f4xx_ll_usb.o
 .debug_line    0x000134f4      0xe27 ./Middlewares/ST/STM32_USB_Device_Library/Class/CustomHID/Src/usbd_customhid.o
 .debug_line    0x0001431b      0xf94 ./Middlewares/ST/STM32_USB_Device_Library/Core/Src/usbd_core.o
 .debug_line    0x000152af     0x11a4 ./Middlewares/ST/STM32_USB_Device_Library/Core/Src/usbd_ctlreq.o
 .debug_line    0x00016453      0xaae ./Middlewares/ST/STM32_USB_Device_Library/Core/Src/usbd_ioreq.o
 .debug_line    0x00016f01      0xa7d ./USB_DEVICE/App/usb_device.o
 .debug_line    0x0001797e      0xf40 ./USB_DEVICE/App/usbd_custom_hid_if.o
 .debug_line    0x000188be      0xb33 ./USB_DEVICE/App/usbd_desc.o
 .debug_line    0x000193f1      0xe69 ./USB_DEVICE/Target/usbd_conf.o

.debug_str      0x00000000    0xda410
 .debug_str     0x00000000     0x72e1 ./Core/Src/LinearRamp.o
                               0x74fe (size before relaxing)
 .debug_str     0x000072e1    0xcc506 ./Core/Src/TMC4671_API.o
                              0xd0758 (size before relaxing)
 .debug_str     0x000d37e7      0x15c ./Core/Src/gpio.o
                              0xc4af2 (size before relaxing)
 .debug_str     0x000d3943     0x18d0 ./Core/Src/main.o
                              0xd4e64 (size before relaxing)
 .debug_str     0x000d5213       0x5b ./Core/Src/spi.o
                              0xc4f7e (size before relaxing)
 .debug_str     0x000d526e       0x2c ./Core/Src/stm32f4xx_hal_msp.o
                              0xc4a27 (size before relaxing)
 .debug_str     0x000d529a      0x48c ./Core/Src/stm32f4xx_it.o
                              0xc52e9 (size before relaxing)
 .debug_str     0x000d5726       0xdb ./Core/Src/system_stm32f4xx.o
                              0xc49e2 (size before relaxing)
 .debug_str     0x000d5801      0x576 ./Core/Src/tim.o
                              0xc5515 (size before relaxing)
 .debug_str     0x000d5d77       0x44 ./Core/Startup/startup_stm32f407vgtx.o
                                 0x8d (size before relaxing)
 .debug_str     0x000d5dbb      0x603 ./Drivers/STM32F4xx_HAL_Driver/Src/stm32f4xx_hal.o
                              0xc5566 (size before relaxing)
 .debug_str     0x000d63be      0x35b ./Drivers/STM32F4xx_HAL_Driver/Src/stm32f4xx_hal_cortex.o
                              0xc52e2 (size before relaxing)
 .debug_str     0x000d6719      0x121 ./Drivers/STM32F4xx_HAL_Driver/Src/stm32f4xx_hal_gpio.o
                              0xc4b5d (size before relaxing)
 .debug_str     0x000d683a      0x831 ./Drivers/STM32F4xx_HAL_Driver/Src/stm32f4xx_hal_pcd.o
                              0xc54c0 (size before relaxing)
 .debug_str     0x000d706b      0x115 ./Drivers/STM32F4xx_HAL_Driver/Src/stm32f4xx_hal_pcd_ex.o
                              0xc4db0 (size before relaxing)
 .debug_str     0x000d7180      0x21f ./Drivers/STM32F4xx_HAL_Driver/Src/stm32f4xx_hal_rcc.o