Archive member included to satisfy reference by file (symbol)

C:/ST/STM32CubeIDE_1.16.1/STM32CubeIDE/plugins/com.st.stm32cube.ide.mcu.externaltools.gnu-tools-for-stm32.12.3.rel1.win32_1.0.200.202406191623/tools/bin/../lib/gcc/arm-none-eabi/12.3.1/../../../../arm-none-eabi/lib/thumb/v7e-m+fp/hard\libc_nano.a(libc_a-exit.o)
                              C:/ST/STM32CubeIDE_1.16.1/STM32CubeIDE/plugins/com.st.stm32cube.ide.mcu.externaltools.gnu-tools-for-stm32.12.3.rel1.win32_1.0.200.202406191623/tools/bin/../lib/gcc/arm-none-eabi/12.3.1/../../../../arm-none-eabi/lib/thumb/v7e-m+fp/hard/crt0.o (exit)
C:/ST/STM32CubeIDE_1.16.1/STM32CubeIDE/plugins/com.st.stm32cube.ide.mcu.externaltools.gnu-tools-for-stm32.12.3.rel1.win32_1.0.200.202406191623/tools/bin/../lib/gcc/arm-none-eabi/12.3.1/../../../../arm-none-eabi/lib/thumb/v7e-m+fp/hard\libc_nano.a(libc_a-findfp.o)
                              C:/ST/STM32CubeIDE_1.16.1/STM32CubeIDE/plugins/com.st.stm32cube.ide.mcu.externaltools.gnu-tools-for-stm32.12.3.rel1.win32_1.0.200.202406191623/tools/bin/../lib/gcc/arm-none-eabi/12.3.1/../../../../arm-none-eabi/lib/thumb/v7e-m+fp/hard\libc_nano.a(libc_a-exit.o) (__stdio_exit_handler)
C:/ST/STM32CubeIDE_1.16.1/STM32CubeIDE/plugins/com.st.stm32cube.ide.mcu.externaltools.gnu-tools-for-stm32.12.3.rel1.win32_1.0.200.202406191623/tools/bin/../lib/gcc/arm-none-eabi/12.3.1/../../../../arm-none-eabi/lib/thumb/v7e-m+fp/hard\libc_nano.a(libc_a-fwalk.o)
                              C:/ST/STM32CubeIDE_1.16.1/STM32CubeIDE/plugins/com.st.stm32cube.ide.mcu.externaltools.gnu-tools-for-stm32.12.3.rel1.win32_1.0.200.202406191623/tools/bin/../lib/gcc/arm-none-eabi/12.3.1/../../../../arm-none-eabi/lib/thumb/v7e-m+fp/hard\libc_nano.a(libc_a-findfp.o) (_fwalk_sglue)
C:/ST/STM32CubeIDE_1.16.1/STM32CubeIDE/plugins/com.st.stm32cube.ide.mcu.externaltools.gnu-tools-for-stm32.12.3.rel1.win32_1.0.200.202406191623/tools/bin/../lib/gcc/arm-none-eabi/12.3.1/../../../../arm-none-eabi/lib/thumb/v7e-m+fp/hard\libc_nano.a(libc_a-stdio.o)
                              C:/ST/STM32CubeIDE_1.16.1/STM32CubeIDE/plugins/com.st.stm32cube.ide.mcu.externaltools.gnu-tools-for-stm32.12.3.rel1.win32_1.0.200.202406191623/tools/bin/../lib/gcc/arm-none-eabi/12.3.1/../../../../arm-none-eabi/lib/thumb/v7e-m+fp/hard\libc_nano.a(libc_a-findfp.o) (__sread)
C:/ST/STM32CubeIDE_1.16.1/STM32CubeIDE/plugins/com.st.stm32cube.ide.mcu.externaltools.gnu-tools-for-stm32.12.3.rel1.win32_1.0.200.202406191623/tools/bin/../lib/gcc/arm-none-eabi/12.3.1/../../../../arm-none-eabi/lib/thumb/v7e-m+fp/hard\libc_nano.a(libc_a-memset.o)
                              C:/ST/STM32CubeIDE_1.16.1/STM32CubeIDE/plugins/com.st.stm32cube.ide.mcu.externaltools.gnu-tools-for-stm32.12.3.rel1.win32_1.0.200.202406191623/tools/bin/../lib/gcc/arm-none-eabi/12.3.1/../../../../arm-none-eabi/lib/thumb/v7e-m+fp/hard/crt0.o (memset)
C:/ST/STM32CubeIDE_1.16.1/STM32CubeIDE/plugins/com.st.stm32cube.ide.mcu.externaltools.gnu-tools-for-stm32.12.3.rel1.win32_1.0.200.202406191623/tools/bin/../lib/gcc/arm-none-eabi/12.3.1/../../../../arm-none-eabi/lib/thumb/v7e-m+fp/hard\libc_nano.a(libc_a-closer.o)
                              C:/ST/STM32CubeIDE_1.16.1/STM32CubeIDE/plugins/com.st.stm32cube.ide.mcu.externaltools.gnu-tools-for-stm32.12.3.rel1.win32_1.0.200.202406191623/tools/bin/../lib/gcc/arm-none-eabi/12.3.1/../../../../arm-none-eabi/lib/thumb/v7e-m+fp/hard\libc_nano.a(libc_a-stdio.o) (_close_r)
C:/ST/STM32CubeIDE_1.16.1/STM32CubeIDE/plugins/com.st.stm32cube.ide.mcu.externaltools.gnu-tools-for-stm32.12.3.rel1.win32_1.0.200.202406191623/tools/bin/../lib/gcc/arm-none-eabi/12.3.1/../../../../arm-none-eabi/lib/thumb/v7e-m+fp/hard\libc_nano.a(libc_a-reent.o)
                              C:/ST/STM32CubeIDE_1.16.1/STM32CubeIDE/plugins/com.st.stm32cube.ide.mcu.externaltools.gnu-tools-for-stm32.12.3.rel1.win32_1.0.200.202406191623/tools/bin/../lib/gcc/arm-none-eabi/12.3.1/../../../../arm-none-eabi/lib/thumb/v7e-m+fp/hard\libc_nano.a(libc_a-closer.o) (errno)
C:/ST/STM32CubeIDE_1.16.1/STM32CubeIDE/plugins/com.st.stm32cube.ide.mcu.externaltools.gnu-tools-for-stm32.12.3.rel1.win32_1.0.200.202406191623/tools/bin/../lib/gcc/arm-none-eabi/12.3.1/../../../../arm-none-eabi/lib/thumb/v7e-m+fp/hard\libc_nano.a(libc_a-impure.o)
                              C:/ST/STM32CubeIDE_1.16.1/STM32CubeIDE/plugins/com.st.stm32cube.ide.mcu.externaltools.gnu-tools-for-stm32.12.3.rel1.win32_1.0.200.202406191623/tools/bin/../lib/gcc/arm-none-eabi/12.3.1/../../../../arm-none-eabi/lib/thumb/v7e-m+fp/hard\libc_nano.a(libc_a-reent.o) (_impure_ptr)
C:/ST/STM32CubeIDE_1.16.1/STM32CubeIDE/plugins/com.st.stm32cube.ide.mcu.externaltools.gnu-tools-for-stm32.12.3.rel1.win32_1.0.200.202406191623/tools/bin/../lib/gcc/arm-none-eabi/12.3.1/../../../../arm-none-eabi/lib/thumb/v7e-m+fp/hard\libc_nano.a(libc_a-lseekr.o)
[...]
Memory Configuration

Name             Origin             Length             Attributes
CCMRAM           0x10000000         0x00010000         xrw
RAM              0x20000000         0x00020000         xrw
FLASH            0x08000000         0x00100000         xr
*default*        0x00000000         0xffffffff

Linker script and memory map

LOAD C:/ST/STM32CubeIDE_1.16.1/STM32CubeIDE/plugins/com.st.stm32cube.ide.mcu.externaltools.gnu-tools-for-stm32.12.3.rel1.win32_1.0.200.202406191623/tools/bin/../lib/gcc/arm-none-eabi/12.3.1/thumb/v7e-m+fp/hard/crti.o
LOAD C:/ST/STM32CubeIDE_1.16.1/STM32CubeIDE/plugins/com.st.stm32cube.ide.mcu.externaltools.gnu-tools-for-stm32.12.3.rel1.win32_1.0.200.202406191623/tools/bin/../lib/gcc/arm-none-eabi/12.3.1/thumb/v7e-m+fp/hard/crtbegin.o
LOAD C:/ST/STM32CubeIDE_1.16.1/STM32CubeIDE/plugins/com.st.stm32cube.ide.mcu.externaltools.gnu-tools-for-stm32.12.3.rel1.win32_1.0.200.202406191623/tools/bin/../lib/gcc/arm-none-eabi/12.3.1/../../../../arm-none-eabi/lib/thumb/v7e-m+fp/hard/crt0.o
LOAD ./Core/Src/gpio.o
LOAD ./Core/Src/main.o
LOAD ./Core/Src/stm32f4xx_hal_msp.o
LOAD ./Core/Src/stm32f4xx_it.o
LOAD ./Core/Src/syscalls.o
LOAD ./Core/Src/sysmem.o
LOAD ./Core/Src/system_stm32f4xx.o
LOAD ./Core/Startup/startup_stm32f407vgtx.o
LOAD ./Drivers/STM32F4xx_HAL_Driver/Src/stm32f4xx_hal.o
LOAD ./Drivers/STM32F4xx_HAL_Driver/Src/stm32f4xx_hal_cortex.o
LOAD ./Drivers/STM32F4xx_HAL_Driver/Src/stm32f4xx_hal_dma.o
LOAD ./Drivers/STM32F4xx_HAL_Driver/Src/stm32f4xx_hal_dma_ex.o
LOAD ./Drivers/STM32F4xx_HAL_Driver/Src/stm32f4xx_hal_exti.o
LOAD ./Drivers/STM32F4xx_HAL_Driver/Src/stm32f4xx_hal_flash.o
LOAD ./Drivers/STM32F4xx_HAL_Driver/Src/stm32f4xx_hal_flash_ex.o
LOAD ./Drivers/STM32F4xx_HAL_Driver/Src/stm32f4xx_hal_flash_ramfunc.o
LOAD ./Drivers/STM32F4xx_HAL_Driver/Src/stm32f4xx_hal_gpio.o
LOAD ./Drivers/STM32F4xx_HAL_Driver/Src/stm32f4xx_hal_pcd.o
LOAD ./Drivers/STM32F4xx_HAL_Driver/Src/stm32f4xx_hal_pcd_ex.o
LOAD ./Drivers/STM32F4xx_HAL_Driver/Src/stm32f4xx_hal_pwr.o
LOAD ./Drivers/STM32F4xx_HAL_Driver/Src/stm32f4xx_hal_pwr_ex.o
LOAD ./Drivers/STM32F4xx_HAL_Driver/Src/stm32f4xx_hal_rcc.o
LOAD ./Drivers/STM32F4xx_HAL_Driver/Src/stm32f4xx_hal_rcc_ex.o
LOAD ./Drivers/STM32F4xx_HAL_Driver/Src/stm32f4xx_hal_tim.o
LOAD ./Drivers/STM32F4xx_HAL_Driver/Src/stm32f4xx_hal_tim_ex.o
LOAD ./Drivers/STM32F4xx_HAL_Driver/Src/stm32f4xx_ll_usb.o
LOAD ./Middlewares/ST/STM32_USB_Device_Library/Class/CustomHID/Src/usbd_customhid.o
LOAD ./Middlewares/ST/STM32_USB_Device_Library/Core/Src/usbd_core.o
LOAD ./Middlewares/ST/STM32_USB_Device_Library/Core/Src/usbd_ctlreq.o
LOAD ./Middlewares/ST/STM32_USB_Device_Library/Core/Src/usbd_ioreq.o
LOAD ./USB_DEVICE/App/usb_device.o
LOAD ./USB_DEVICE/App/usbd_custom_hid_if.o
LOAD ./USB_DEVICE/App/usbd_desc.o
LOAD ./USB_DEVICE/Target/usbd_conf.o
START GROUP
LOAD C:/ST/STM32CubeIDE_1.16.1/STM32CubeIDE/plugins/com.st.stm32cube.ide.mcu.externaltools.gnu-tools-for-stm32.12.3.rel1.win32_1.0.200.202406191623/tools/bin/../lib/gcc/arm-none-eabi/12.3.1/../../../../arm-none-eabi/lib/thumb/v7e-m+fp/hard\libstdc++_nano.a
LOAD C:/ST/STM32CubeIDE_1.16.1/STM32CubeIDE/plugins/com.st.stm32cube.ide.mcu.externaltools.gnu-tools-for-stm32.12.3.rel1.win32_1.0.200.202406191623/tools/bin/../lib/gcc/arm-none-eabi/12.3.1/../../../../arm-none-eabi/lib/thumb/v7e-m+fp/hard\libsupc++_nano.a
END GROUP
LOAD C:/ST/STM32CubeIDE_1.16.1/STM32CubeIDE/plugins/com.st.stm32cube.ide.mcu.externaltools.gnu-tools-for-stm32.12.3.rel1.win32_1.0.200.202406191623/tools/bin/../lib/gcc/arm-none-eabi/12.3.1/../../../../arm-none-eabi/lib/thumb/v7e-m+fp/hard\libstdc++_nano.a
LOAD C:/ST/STM32CubeIDE_1.16.1/STM32CubeIDE/plugins/com.st.stm32cube.ide.mcu.externaltools.gnu-tools-for-stm32.12.3.rel1.win32_1.0.200.202406191623/tools/bin/../lib/gcc/arm-none-eabi/12.3.1/../../../../arm-none-eabi/lib/thumb/v7e-m+fp/hard\libm.a
LOAD C:/ST/STM32CubeIDE_1.16.1/STM32CubeIDE/plugins/com.st.stm32cube.ide.mcu.externaltools.gnu-tools-for-stm32.12.3.rel1.win32_1.0.200.202406191623/tools/bin/../lib/gcc/arm-none-eabi/12.3.1/../../../../arm-none-eabi/lib/thumb/v7e-m+fp/hard\libc_nano.a
START GROUP
LOAD C:/ST/STM32CubeIDE_1.16.1/STM32CubeIDE/plugins/com.st.stm32cube.ide.mcu.externaltools.gnu-tools-for-stm32.12.3.rel1.win32_1.0.200.202406191623/tools/bin/../lib/gcc/arm-none-eabi/12.3.1/thumb/v7e-m+fp/hard\libgcc.a
LOAD C:/ST/STM32CubeIDE_1.16.1/STM32CubeIDE/plugins/com.st.stm32cube.ide.mcu.externaltools.gnu-tools-for-stm32.12.3.rel1.win32_1.0.200.202406191623/tools/bin/../lib/gcc/arm-none-eabi/12.3.1/../../../../arm-none-eabi/lib/thumb/v7e-m+fp/hard\libc_nano.a
END GROUP
START GROUP
LOAD C:/ST/STM32CubeIDE_1.16.1/STM32CubeIDE/plugins/com.st.stm32cube.ide.mcu.externaltools.gnu-tools-for-stm32.12.3.rel1.win32_1.0.200.202406191623/tools/bin/../lib/gcc/arm-none-eabi/12.3.1/thumb/v7e-m+fp/hard\libgcc.a
LOAD C:/ST/STM32CubeIDE_1.16.1/STM32CubeIDE/plugins/com.st.stm32cube.ide.mcu.externaltools.gnu-tools-for-stm32.12.3.rel1.win32_1.0.200.202406191623/tools/bin/../lib/gcc/arm-none-eabi/12.3.1/../../../../arm-none-eabi/lib/thumb/v7e-m+fp/hard\libc_nano.a
LOAD C:/ST/STM32CubeIDE_1.16.1/STM32CubeIDE/plugins/com.st.stm32cube.ide.mcu.externaltools.gnu-tools-for-stm32.12.3.rel1.win32_1.0.200.202406191623/tools/bin/../lib/gcc/arm-none-eabi/12.3.1/../../../../arm-none-eabi/lib/thumb/v7e-m+fp/hard\libnosys.a
END GROUP
START GROUP
LOAD C:/ST/STM32CubeIDE_1.16.1/STM32CubeIDE/plugins/com.st.stm32cube.ide.mcu.externaltools.gnu-tools-for-stm32.12.3.rel1.win32_1.0.200.202406191623/tools/bin/../lib/gcc/arm-none-eabi/12.3.1/thumb/v7e-m+fp/hard\libgcc.a
LOAD C:/ST/STM32CubeIDE_1.16.1/STM32CubeIDE/plugins/com.st.stm32cube.ide.mcu.externaltools.gnu-tools-for-stm32.12.3.rel1.win32_1.0.200.202406191623/tools/bin/../lib/gcc/arm-none-eabi/12.3.1/../../../../arm-none-eabi/lib/thumb/v7e-m+fp/hard\libc_nano.a
LOAD C:/ST/STM32CubeIDE_1.16.1/STM32CubeIDE/plugins/com.st.stm32cube.ide.mcu.externaltools.gnu-tools-for-stm32.12.3.rel1.win32_1.0.200.202406191623/tools/bin/../lib/gcc/arm-none-eabi/12.3.1/../../../../arm-none-eabi/lib/thumb/v7e-m+fp/hard\libnosys.a
END GROUP
LOAD C:/ST/STM32CubeIDE_1.16.1/STM32CubeIDE/plugins/com.st.stm32cube.ide.mcu.externaltools.gnu-tools-for-stm32.12.3.rel1.win32_1.0.200.202406191623/tools/bin/../lib/gcc/arm-none-eabi/12.3.1/thumb/v7e-m+fp/hard/crtend.o
LOAD C:/ST/STM32CubeIDE_1.16.1/STM32CubeIDE/plugins/com.st.stm32cube.ide.mcu.externaltools.gnu-tools-for-stm32.12.3.rel1.win32_1.0.200.202406191623/tools/bin/../lib/gcc/arm-none-eabi/12.3.1/thumb/v7e-m+fp/hard/crtn.o
                0x20020000                        _estack = (ORIGIN (RAM) + LENGTH (RAM))
                0x00000200                        _Min_Heap_Size = 0x200
                0x00000400                        _Min_Stack_Size = 0x400

.isr_vector     0x08000000      0x188
                0x08000000                        . = ALIGN (0x4)
 *(.isr_vector)
 .isr_vector    0x08000000      0x188 ./Core/Startup/startup_stm32f407vgtx.o
                0x08000000                g_pfnVectors
                0x08000188                        . = ALIGN (0x4)

.text           0x08000188     0x3198
                0x08000188                        . = ALIGN (0x4)
 *(.text)
 .text          0x08000188       0x40 C:/ST/STM32CubeIDE_1.16.1/STM32CubeIDE/plugins/com.st.stm32cube.ide.mcu.externaltools.gnu-tools-for-stm32.12.3.rel1.win32_1.0.200.202406191623/tools/bin/../lib/gcc/arm-none-eabi/12.3.1/thumb/v7e-m+fp/hard/crtbegin.o
 .text          0x080001c8       0x10 C:/ST/STM32CubeIDE_1.16.1/STM32CubeIDE/plugins/com.st.stm32cube.ide.mcu.externaltools.gnu-tools-for-stm32.12.3.rel1.win32_1.0.200.202406191623/tools/bin/../lib/gcc/arm-none-eabi/12.3.1/../../../../arm-none-eabi/lib/thumb/v7e-m+fp/hard\libc_nano.a(libc_a-strlen.o)
                0x080001c8                strlen
 .text          0x080001d8       0x30 C:/ST/STM32CubeIDE_1.16.1/STM32CubeIDE/plugins/com.st.stm32cube.ide.mcu.externaltools.gnu-tools-for-stm32.12.3.rel1.win32_1.0.200.202406191623/tools/bin/../lib/gcc/arm-none-eabi/12.3.1/thumb/v7e-m+fp/hard\libgcc.a(_aeabi_uldivmod.o)
                0x080001d8                __aeabi_uldivmod
 .text          0x08000208      0x2bc C:/ST/STM32CubeIDE_1.16.1/STM32CubeIDE/plugins/com.st.stm32cube.ide.mcu.externaltools.gnu-tools-for-stm32.12.3.rel1.win32_1.0.200.202406191623/tools/bin/../lib/gcc/arm-none-eabi/12.3.1/thumb/v7e-m+fp/hard\libgcc.a(_udivmoddi4.o)
                0x08000208                __udivmoddi4
 .text          0x080004c4        0x4 C:/ST/STM32CubeIDE_1.16.1/STM32CubeIDE/plugins/com.st.stm32cube.ide.mcu.externaltools.gnu-tools-for-stm32.12.3.rel1.win32_1.0.200.202406191623/tools/bin/../lib/gcc/arm-none-eabi/12.3.1/thumb/v7e-m+fp/hard\libgcc.a(_dvmd_tls.o)
                0x080004c4                __aeabi_idiv0
                0x080004c4                __aeabi_ldiv0
 *(.text*)
 .text.MX_GPIO_Init
                0x080004c8       0x90 ./Core/Src/gpio.o
                0x080004c8                MX_GPIO_Init
 .text.SystemClock_Config
                0x08000558       0xa4 ./Core/Src/main.o
                0x08000558                SystemClock_Config
 .text.startup.main
                0x080005fc       0x40 ./Core/Src/main.o
                0x080005fc                main
 .text.Error_Handler
                0x0800063c        0x4 ./Core/Src/main.o
                0x0800063c                Error_Handler
 .text.HAL_MspInit
                0x08000640       0x38 ./Core/Src/stm32f4xx_hal_msp.o
                0x08000640                HAL_MspInit
 .text.NMI_Handler
                0x08000678        0x2 ./Core/Src/stm32f4xx_it.o
                0x08000678                NMI_Handler
 .text.HardFault_Handler
                0x0800067a        0x2 ./Core/Src/stm32f4xx_it.o
                0x0800067a                HardFault_Handler
 .text.MemManage_Handler
                0x0800067c        0x2 ./Core/Src/stm32f4xx_it.o
                0x0800067c                MemManage_Handler
 .text.BusFault_Handler
                0x0800067e        0x2 ./Core/Src/stm32f4xx_it.o
                0x0800067e                BusFault_Handler
 .text.UsageFault_Handler
                0x08000680        0x2 ./Core/Src/stm32f4xx_it.o
                0x08000680                UsageFault_Handler
 .text.SVC_Handler
                0x08000682        0x2 ./Core/Src/stm32f4xx_it.o
                0x08000682                SVC_Handler
 .text.DebugMon_Handler
                0x08000684        0x2 ./Core/Src/stm32f4xx_it.o
                0x08000684                DebugMon_Handler
 .text.PendSV_Handler
                0x08000686        0x2 ./Core/Src/stm32f4xx_it.o
                0x08000686                PendSV_Handler
 .text.SysTick_Handler
                0x08000688        0x4 ./Core/Src/stm32f4xx_it.o
                0x08000688                SysTick_Handler
 .text.OTG_FS_IRQHandler
                0x0800068c        0xc ./Core/Src/stm32f4xx_it.o
                0x0800068c                OTG_FS_IRQHandler
 .text.SystemInit
                0x08000698       0x14 ./Core/Src/system_stm32f4xx.o
                0x08000698                SystemInit
 .text.Reset_Handler
                0x080006ac       0x50 ./Core/Startup/startup_stm32f407vgtx.o
                0x080006ac                Reset_Handler
 .text.Default_Handler
                0x080006fc        0x2 ./Core/Startup/startup_stm32f407vgtx.o
                0x080006fc                RTC_Alarm_IRQHandler
                0x080006fc                HASH_RNG_IRQHandler
                0x080006fc                EXTI2_IRQHandler
                0x080006fc                TIM8_CC_IRQHandler
                0x080006fc                TIM1_CC_IRQHandler
                0x080006fc                DMA2_Stream5_IRQHandler
                0x080006fc                DMA1_Stream5_IRQHandler
                0x080006fc                PVD_IRQHandler
                0x080006fc                SDIO_IRQHandler
                0x080006fc                TAMP_STAMP_IRQHandler
                0x080006fc                CAN2_RX1_IRQHandler
                0x080006fc                EXTI3_IRQHandler
                0x080006fc                TIM8_TRG_COM_TIM14_IRQHandler
                0x080006fc                TIM1_UP_TIM10_IRQHandler
                0x080006fc                TIM8_UP_TIM13_IRQHandler
                0x080006fc                I2C3_ER_IRQHandler
                0x080006fc                EXTI0_IRQHandler
                0x080006fc                I2C2_EV_IRQHandler
                0x080006fc                DMA1_Stream2_IRQHandler
                0x080006fc                CAN1_RX0_IRQHandler
                0x080006fc                FPU_IRQHandler
                0x080006fc                OTG_HS_WKUP_IRQHandler
                0x080006fc                CAN2_SCE_IRQHandler
                0x080006fc                DMA2_Stream2_IRQHandler
                0x080006fc                SPI1_IRQHandler
                0x080006fc                TIM6_DAC_IRQHandler
                0x080006fc                TIM1_BRK_TIM9_IRQHandler
                0x080006fc                DCMI_IRQHandler
                0x080006fc                CAN2_RX0_IRQHandler
                0x080006fc                DMA2_Stream3_IRQHandler
                0x080006fc                USART6_IRQHandler
                0x080006fc                USART3_IRQHandler
                0x080006fc                CAN1_RX1_IRQHandler
                0x080006fc                UART5_IRQHandler
                0x080006fc                DMA2_Stream0_IRQHandler
                0x080006fc                TIM4_IRQHandler
                0x080006fc                I2C1_EV_IRQHandler
                0x080006fc                DMA1_Stream6_IRQHandler
                0x080006fc                DMA1_Stream1_IRQHandler
                0x080006fc                UART4_IRQHandler
                0x080006fc                TIM3_IRQHandler
                0x080006fc                RCC_IRQHandler
                0x080006fc                TIM8_BRK_TIM12_IRQHandler
                0x080006fc                Default_Handler
                0x080006fc                EXTI15_10_IRQHandler
                0x080006fc                ADC_IRQHandler
                0x080006fc                DMA1_Stream7_IRQHandler
                0x080006fc                TIM7_IRQHandler
                0x080006fc                CAN2_TX_IRQHandler
                0x080006fc                TIM5_IRQHandler
                0x080006fc                DMA2_Stream7_IRQHandler
                0x080006fc                I2C3_EV_IRQHandler
                0x080006fc                EXTI9_5_IRQHandler
                0x080006fc                RTC_WKUP_IRQHandler
                0x080006fc                ETH_WKUP_IRQHandler
                0x080006fc                SPI2_IRQHandler
                0x080006fc                OTG_HS_EP1_IN_IRQHandler
                0x080006fc                DMA1_Stream0_IRQHandler
                0x080006fc                CAN1_TX_IRQHandler
                0x080006fc                EXTI4_IRQHandler
                0x080006fc                FSMC_IRQHandler
                0x080006fc                ETH_IRQHandler
                0x080006fc                OTG_HS_EP1_OUT_IRQHandler
                0x080006fc                WWDG_IRQHandler
                0x080006fc                TIM2_IRQHandler
                0x080006fc                OTG_FS_WKUP_IRQHandler
                0x080006fc                TIM1_TRG_COM_TIM11_IRQHandler
                0x080006fc                OTG_HS_IRQHandler
                0x080006fc                EXTI1_IRQHandler
                0x080006fc                USART2_IRQHandler
                0x080006fc                I2C2_ER_IRQHandler
                0x080006fc                DMA2_Stream1_IRQHandler
                0x080006fc                CAN1_SCE_IRQHandler
                0x080006fc                FLASH_IRQHandler
                0x080006fc                DMA2_Stream4_IRQHandler
                0x080006fc                USART1_IRQHandler
                0x080006fc                SPI3_IRQHandler
                0x080006fc                DMA1_Stream4_IRQHandler
                0x080006fc                I2C1_ER_IRQHandler
                0x080006fc                DMA2_Stream6_IRQHandler
                0x080006fc                DMA1_Stream3_IRQHandler
 *fill*         0x080006fe        0x2 
 .text.HAL_InitTick
                0x08000700       0x48 ./Drivers/STM32F4xx_HAL_Driver/Src/stm32f4xx_hal.o
                0x08000700                HAL_InitTick
 .text.HAL_Init
                0x08000748       0x34 ./Drivers/STM32F4xx_HAL_Driver/Src/stm32f4xx_hal.o
                0x08000748                HAL_Init
 .text.HAL_IncTick
                0x0800077c       0x18 ./Drivers/STM32F4xx_HAL_Driver/Src/stm32f4xx_hal.o
                0x0800077c                HAL_IncTick
 .text.HAL_GetTick
                0x08000794        0xc ./Drivers/STM32F4xx_HAL_Driver/Src/stm32f4xx_hal.o
                0x08000794                HAL_GetTick
 .text.HAL_Delay
                0x080007a0       0x28 ./Drivers/STM32F4xx_HAL_Driver/Src/stm32f4xx_hal.o
                0x080007a0                HAL_Delay
 .text.HAL_NVIC_SetPriorityGrouping
                0x080007c8       0x24 ./Drivers/STM32F4xx_HAL_Driver/Src/stm32f4xx_hal_cortex.o
                0x080007c8                HAL_NVIC_SetPriorityGrouping
 .text.HAL_NVIC_SetPriority
                0x080007ec       0x64 ./Drivers/STM32F4xx_HAL_Driver/Src/stm32f4xx_hal_cortex.o
                0x080007ec                HAL_NVIC_SetPriority
 .text.HAL_NVIC_EnableIRQ
                0x08000850       0x1c ./Drivers/STM32F4xx_HAL_Driver/Src/stm32f4xx_hal_cortex.o
                0x08000850                HAL_NVIC_EnableIRQ
 .text.HAL_SYSTICK_Config
                0x0800086c       0x28 ./Drivers/STM32F4xx_HAL_Driver/Src/stm32f4xx_hal_cortex.o
                0x0800086c                HAL_SYSTICK_Config
 .text.HAL_GPIO_Init
                0x08000894      0x1b0 ./Drivers/STM32F4xx_HAL_Driver/Src/stm32f4xx_hal_gpio.o
                0x08000894                HAL_GPIO_Init
 .text.HAL_GPIO_WritePin
                0x08000a44        0xa ./Drivers/STM32F4xx_HAL_Driver/Src/stm32f4xx_hal_gpio.o
                0x08000a44                HAL_GPIO_WritePin
 .text.HAL_PCD_Init
                0x08000a4e       0xde ./Drivers/STM32F4xx_HAL_Driver/Src/stm32f4xx_hal_pcd.o
                0x08000a4e                HAL_PCD_Init
 .text.HAL_PCD_Start
                0x08000b2c       0x3e ./Drivers/STM32F4xx_HAL_Driver/Src/stm32f4xx_hal_pcd.o
                0x08000b2c                HAL_PCD_Start
 .text.HAL_PCD_SetAddress
                0x08000b6a       0x26 ./Drivers/STM32F4xx_HAL_Driver/Src/stm32f4xx_hal_pcd.o
                0x08000b6a                HAL_PCD_SetAddress
 .text.HAL_PCD_EP_Open
                0x08000b90       0x72 ./Drivers/STM32F4xx_HAL_Driver/Src/stm32f4xx_hal_pcd.o
                0x08000b90                HAL_PCD_EP_Open
 .text.HAL_PCD_EP_Close
                0x08000c02       0x5c ./Drivers/STM32F4xx_HAL_Driver/Src/stm32f4xx_hal_pcd.o
                0x08000c02                HAL_PCD_EP_Close
 .text.HAL_PCD_EP_Receive
                0x08000c5e       0x3c ./Drivers/STM32F4xx_HAL_Driver/Src/stm32f4xx_hal_pcd.o
                0x08000c5e                HAL_PCD_EP_Receive
 .text.HAL_PCD_EP_Transmit
                0x08000c9a       0x36 ./Drivers/STM32F4xx_HAL_Driver/Src/stm32f4xx_hal_pcd.o
                0x08000c9a                HAL_PCD_EP_Transmit
 .text.HAL_PCD_EP_SetStall
                0x08000cd0       0x6e ./Drivers/STM32F4xx_HAL_Driver/Src/stm32f4xx_hal_pcd.o
                0x08000cd0                HAL_PCD_EP_SetStall
 .text.HAL_PCD_EP_ClrStall
                0x08000d3e       0x6a ./Drivers/STM32F4xx_HAL_Driver/Src/stm32f4xx_hal_pcd.o
                0x08000d3e                HAL_PCD_EP_ClrStall
 .text.HAL_PCD_EP_Abort
                0x08000da8       0x20 ./Drivers/STM32F4xx_HAL_Driver/Src/stm32f4xx_hal_pcd.o
                0x08000da8                HAL_PCD_EP_Abort
 .text.HAL_PCD_IRQHandler
                0x08000dc8      0x694 ./Drivers/STM32F4xx_HAL_Driver/Src/stm32f4xx_hal_pcd.o
                0x08000dc8                HAL_PCD_IRQHandler
 .text.HAL_PCDEx_SetTxFiFo
                0x0800145c       0x3e ./Drivers/STM32F4xx_HAL_Driver/Src/stm32f4xx_hal_pcd_ex.o
                0x0800145c                HAL_PCDEx_SetTxFiFo
 .text.HAL_PCDEx_SetRxFiFo
                0x0800149a        0x8 ./Drivers/STM32F4xx_HAL_Driver/Src/stm32f4xx_hal_pcd_ex.o
                0x0800149a                HAL_PCDEx_SetRxFiFo
 .text.HAL_PCDEx_LPM_Callback
                0x080014a2        0x2 ./Drivers/STM32F4xx_HAL_Driver/Src/stm32f4xx_hal_pcd_ex.o
                0x080014a2                HAL_PCDEx_LPM_Callback
 .text.HAL_RCC_OscConfig
                0x080014a4      0x35c ./Drivers/STM32F4xx_HAL_Driver/Src/stm32f4xx_hal_rcc.o
                0x080014a4                HAL_RCC_OscConfig
 .text.HAL_RCC_GetSysClockFreq
                0x08001800       0x5c ./Drivers/STM32F4xx_HAL_Driver/Src/stm32f4xx_hal_rcc.o
                0x08001800                HAL_RCC_GetSysClockFreq
 .text.HAL_RCC_ClockConfig
                0x0800185c      0x134 ./Drivers/STM32F4xx_HAL_Driver/Src/stm32f4xx_hal_rcc.o
                0x0800185c                HAL_RCC_ClockConfig
 .text.HAL_RCC_GetHCLKFreq
                0x08001990        0xc ./Drivers/STM32F4xx_HAL_Driver/Src/stm32f4xx_hal_rcc.o
                0x08001990                HAL_RCC_GetHCLKFreq
 .text.USB_CoreReset
                0x0800199c       0x46 ./Drivers/STM32F4xx_HAL_Driver/Src/stm32f4xx_ll_usb.o
 .text.USB_CoreInit
                0x080019e2       0x88 ./Drivers/STM32F4xx_HAL_Driver/Src/stm32f4xx_ll_usb.o
                0x080019e2                USB_CoreInit
 *fill*         0x08001a6a        0x2 
 .text.USB_SetTurnaroundTime
                0x08001a6c       0xe0 ./Drivers/STM32F4xx_HAL_Driver/Src/stm32f4xx_ll_usb.o
                0x08001a6c                USB_SetTurnaroundTime
 .text.USB_EnableGlobalInt
                0x08001b4c        0xc ./Drivers/STM32F4xx_HAL_Driver/Src/stm32f4xx_ll_usb.o
                0x08001b4c                USB_EnableGlobalInt
 .text.USB_DisableGlobalInt
                0x08001b58        0xc ./Drivers/STM32F4xx_HAL_Driver/Src/stm32f4xx_ll_usb.o
                0x08001b58                USB_DisableGlobalInt
 .text.USB_SetCurrentMode
                0x08001b64       0x60 ./Drivers/STM32F4xx_HAL_Driver/Src/stm32f4xx_ll_usb.o
                0x08001b64                USB_SetCurrentMode
 .text.USB_FlushTxFifo
                0x08001bc4       0x46 ./Drivers/STM32F4xx_HAL_Driver/Src/stm32f4xx_ll_usb.o
                0x08001bc4                USB_FlushTxFifo
 .text.USB_FlushRxFifo
                0x08001c0a       0x42 ./Drivers/STM32F4xx_HAL_Driver/Src/stm32f4xx_ll_usb.o
                0x08001c0a                USB_FlushRxFifo
 .text.USB_SetDevSpeed
                0x08001c4c        0xe ./Drivers/STM32F4xx_HAL_Driver/Src/stm32f4xx_ll_usb.o
                0x08001c4c                USB_SetDevSpeed
 *fill*         0x08001c5a        0x2 
 .text.USB_DevInit
                0x08001c5c      0x174 ./Drivers/STM32F4xx_HAL_Driver/Src/stm32f4xx_ll_usb.o
                0x08001c5c                USB_DevInit
 .text.USB_GetDevSpeed
                0x08001dd0       0x16 ./Drivers/STM32F4xx_HAL_Driver/Src/stm32f4xx_ll_usb.o
                0x08001dd0                USB_GetDevSpeed
 .text.USB_ActivateEndpoint
                0x08001de6       0x7e ./Drivers/STM32F4xx_HAL_Driver/Src/stm32f4xx_ll_usb.o
                0x08001de6                USB_ActivateEndpoint
 .text.USB_DeactivateEndpoint
                0x08001e64       0xac ./Drivers/STM32F4xx_HAL_Driver/Src/stm32f4xx_ll_usb.o
                0x08001e64                USB_DeactivateEndpoint
 .text.USB_EPStopXfer
                0x08001f10       0x84 ./Drivers/STM32F4xx_HAL_Driver/Src/stm32f4xx_ll_usb.o
                0x08001f10                USB_EPStopXfer
 .text.USB_WritePacket
                0x08001f94       0x26 ./Drivers/STM32F4xx_HAL_Driver/Src/stm32f4xx_ll_usb.o
                0x08001f94                USB_WritePacket
 *fill*         0x08001fba        0x2 
 .text.USB_EPStartXfer
                0x08001fbc      0x204 ./Drivers/STM32F4xx_HAL_Driver/Src/stm32f4xx_ll_usb.o
                0x08001fbc                USB_EPStartXfer
 .text.USB_ReadPacket
                0x080021c0       0x40 ./Drivers/STM32F4xx_HAL_Driver/Src/stm32f4xx_ll_usb.o
                0x080021c0                USB_ReadPacket
 .text.USB_EPSetStall
                0x08002200       0x56 ./Drivers/STM32F4xx_HAL_Driver/Src/stm32f4xx_ll_usb.o
                0x08002200                USB_EPSetStall
 .text.USB_EPClearStall
                0x08002256       0x52 ./Drivers/STM32F4xx_HAL_Driver/Src/stm32f4xx_ll_usb.o
                0x08002256                USB_EPClearStall
 .text.USB_SetDevAddress
                0x080022a8       0x20 ./Drivers/STM32F4xx_HAL_Driver/Src/stm32f4xx_ll_usb.o
                0x080022a8                USB_SetDevAddress
 .text.USB_DevConnect
                0x080022c8       0x1c ./Drivers/STM32F4xx_HAL_Driver/Src/stm32f4xx_ll_usb.o
                0x080022c8                USB_DevConnect
 .text.USB_DevDisconnect
                0x080022e4       0x1c ./Drivers/STM32F4xx_HAL_Driver/Src/stm32f4xx_ll_usb.o
                0x080022e4                USB_DevDisconnect
 .text.USB_ReadInterrupts
                0x08002300        0x8 ./Drivers/STM32F4xx_HAL_Driver/Src/stm32f4xx_ll_usb.o
                0x08002300                USB_ReadInterrupts
 .text.USB_ReadDevAllOutEpInterrupt
                0x08002308       0x10 ./Drivers/STM32F4xx_HAL_Driver/Src/stm32f4xx_ll_usb.o
                0x08002308                USB_ReadDevAllOutEpInterrupt
 .text.USB_ReadDevAllInEpInterrupt
                0x08002318       0x10 ./Drivers/STM32F4xx_HAL_Driver/Src/stm32f4xx_ll_usb.o
                0x08002318                USB_ReadDevAllInEpInterrupt
 .text.USB_ReadDevOutEPInterrupt
                0x08002328       0x12 ./Drivers/STM32F4xx_HAL_Driver/Src/stm32f4xx_ll_usb.o
                0x08002328                USB_ReadDevOutEPInterrupt
 .text.USB_ReadDevInEPInterrupt
                0x0800233a       0x22 ./Drivers/STM32F4xx_HAL_Driver/Src/stm32f4xx_ll_usb.o
                0x0800233a                USB_ReadDevInEPInterrupt
 .text.USB_GetMode
                0x0800235c        0x8 ./Drivers/STM32F4xx_HAL_Driver/Src/stm32f4xx_ll_usb.o
                0x0800235c                USB_GetMode
 .text.USB_ActivateSetup
                0x08002364       0x20 ./Drivers/STM32F4xx_HAL_Driver/Src/stm32f4xx_ll_usb.o
                0x08002364                USB_ActivateSetup
 .text.USB_EP0_OutStart
                0x08002384       0x4c ./Drivers/STM32F4xx_HAL_Driver/Src/stm32f4xx_ll_usb.o
                0x08002384                USB_EP0_OutStart
 .text.USBD_CUSTOM_HID_DataIn
                0x080023d0       0x10 ./Middlewares/ST/STM32_USB_Device_Library/Class/CustomHID/Src/usbd_customhid.o
 .text.USBD_CUSTOM_HID_DataOut
                0x080023e0       0x24 ./Middlewares/ST/STM32_USB_Device_Library/Class/CustomHID/Src/usbd_customhid.o
 .text.USBD_CUSTOM_HID_EP0_RxReady
                0x08002404       0x30 ./Middlewares/ST/STM32_USB_Device_Library/Class/CustomHID/Src/usbd_customhid.o
 .text.USBD_CUSTOM_HID_GetDeviceQualifierDesc
                0x08002434        0xc ./Middlewares/ST/STM32_USB_Device_Library/Class/CustomHID/Src/usbd_customhid.o
 .text.USBD_CUSTOM_HID_GetFSCfgDesc
                0x08002440       0x40 ./Middlewares/ST/STM32_USB_Device_Library/Class/CustomHID/Src/usbd_customhid.o
 .text.USBD_CUSTOM_HID_GetHSCfgDesc
                0x08002480        0x4 ./Middlewares/ST/STM32_USB_Device_Library/Class/CustomHID/Src/usbd_customhid.o
 .text.USBD_CUSTOM_HID_GetOtherSpeedCfgDesc
                0x08002484        0x4 ./Middlewares/ST/STM32_USB_Device_Library/Class/CustomHID/Src/usbd_customhid.o
 .text.USBD_CUSTOM_HID_Setup
                0x08002488      0x110 ./Middlewares/ST/STM32_USB_Device_Library/Class/CustomHID/Src/usbd_customhid.o
 .text.USBD_CUSTOM_HID_DeInit
                0x08002598       0x50 ./Middlewares/ST/STM32_USB_Device_Library/Class/CustomHID/Src/usbd_customhid.o
 .text.USBD_CUSTOM_HID_Init
                0x080025e8       0x6c ./Middlewares/ST/STM32_USB_Device_Library/Class/CustomHID/Src/usbd_customhid.o
 .text.USBD_CUSTOM_HID_ReceivePacket
                0x08002654       0x1e ./Middlewares/ST/STM32_USB_Device_Library/Class/CustomHID/Src/usbd_customhid.o
                0x08002654                USBD_CUSTOM_HID_ReceivePacket
 .text.USBD_CUSTOM_HID_RegisterInterface
                0x08002672       0x16 ./Middlewares/ST/STM32_USB_Device_Library/Class/CustomHID/Src/usbd_customhid.o
                0x08002672                USBD_CUSTOM_HID_RegisterInterface
 .text.USBD_Init
                0x08002688       0x26 ./Middlewares/ST/STM32_USB_Device_Library/Core/Src/usbd_core.o
                0x08002688                USBD_Init
 .text.USBD_RegisterClass
                0x080026ae       0x32 ./Middlewares/ST/STM32_USB_Device_Library/Core/Src/usbd_core.o
                0x080026ae                USBD_RegisterClass
 .text.USBD_Start
                0x080026e0        0x4 ./Middlewares/ST/STM32_USB_Device_Library/Core/Src/usbd_core.o
                0x080026e0                USBD_Start
 .text.USBD_SetClassConfig
                0x080026e4        0xe ./Middlewares/ST/STM32_USB_Device_Library/Core/Src/usbd_core.o
                0x080026e4                USBD_SetClassConfig
 .text.USBD_ClrClassConfig
                0x080026f2       0x12 ./Middlewares/ST/STM32_USB_Device_Library/Core/Src/usbd_core.o
                0x080026f2                USBD_ClrClassConfig
 .text.USBD_LL_SetupStage
                0x08002704       0x60 ./Middlewares/ST/STM32_USB_Device_Library/Core/Src/usbd_core.o
                0x08002704                USBD_LL_SetupStage
 .text.USBD_LL_DataOutStage
                0x08002764       0x6a ./Middlewares/ST/STM32_USB_Device_Library/Core/Src/usbd_core.o
                0x08002764                USBD_LL_DataOutStage
 .text.USBD_LL_DataInStage
                0x080027ce       0xa6 ./Middlewares/ST/STM32_USB_Device_Library/Core/Src/usbd_core.o
                0x080027ce                USBD_LL_DataInStage
 .text.USBD_LL_Reset
                0x08002874       0x5e ./Middlewares/ST/STM32_USB_Device_Library/Core/Src/usbd_core.o
                0x08002874                USBD_LL_Reset
 .text.USBD_LL_SetSpeed
                0x080028d2        0x6 ./Middlewares/ST/STM32_USB_Device_Library/Core/Src/usbd_core.o
                0x080028d2                USBD_LL_SetSpeed
 .text.USBD_LL_Suspend
                0x080028d8       0x1c ./Middlewares/ST/STM32_USB_Device_Library/Core/Src/usbd_core.o
                0x080028d8                USBD_LL_Suspend
 .text.USBD_LL_Resume
                0x080028f4       0x16 ./Middlewares/ST/STM32_USB_Device_Library/Core/Src/usbd_core.o
                0x080028f4                USBD_LL_Resume
 .text.USBD_LL_SOF
                0x0800290a       0x1a ./Middlewares/ST/STM32_USB_Device_Library/Core/Src/usbd_core.o
                0x0800290a                USBD_LL_SOF
 .text.USBD_LL_IsoINIncomplete
                0x08002924       0x26 ./Middlewares/ST/STM32_USB_Device_Library/Core/Src/usbd_core.o
                0x08002924                USBD_LL_IsoINIncomplete
 .text.USBD_LL_IsoOUTIncomplete
                0x0800294a       0x26 ./Middlewares/ST/STM32_USB_Device_Library/Core/Src/usbd_core.o
                0x0800294a                USBD_LL_IsoOUTIncomplete
 .text.USBD_LL_DevConnected
                0x08002970        0x4 ./Middlewares/ST/STM32_USB_Device_Library/Core/Src/usbd_core.o
                0x08002970                USBD_LL_DevConnected
 .text.USBD_LL_DevDisconnected
                0x08002974       0x20 ./Middlewares/ST/STM32_USB_Device_Library/Core/Src/usbd_core.o
                0x08002974                USBD_LL_DevDisconnected
 .text.USBD_CoreFindIF
                0x08002994        0x4 ./Middlewares/ST/STM32_USB_Device_Library/Core/Src/usbd_core.o
                0x08002994                USBD_CoreFindIF
 .text.USBD_CoreFindEP
                0x08002998        0x4 ./Middlewares/ST/STM32_USB_Device_Library/Core/Src/usbd_core.o
                0x08002998                USBD_CoreFindEP
 .text.USBD_GetEpDesc
                0x0800299c       0x24 ./Middlewares/ST/STM32_USB_Device_Library/Core/Src/usbd_core.o
                0x0800299c                USBD_GetEpDesc
 .text.USBD_CtlError.constprop.0
                0x080029c0       0x16 ./Middlewares/ST/STM32_USB_Device_Library/Core/Src/usbd_ctlreq.o
 *fill*         0x080029d6        0x2 
 .text.USBD_StdDevReq
                0x080029d8      0x28c ./Middlewares/ST/STM32_USB_Device_Library/Core/Src/usbd_ctlreq.o
                0x080029d8                USBD_StdDevReq
 .text.USBD_StdItfReq
                0x08002c64       0x5a ./Middlewares/ST/STM32_USB_Device_Library/Core/Src/usbd_ctlreq.o
                0x08002c64                USBD_StdItfReq
 .text.USBD_StdEPReq
                0x08002cbe      0x13a ./Middlewares/ST/STM32_USB_Device_Library/Core/Src/usbd_ctlreq.o
                0x08002cbe                USBD_StdEPReq
 .text.USBD_ParseSetupRequest
                0x08002df8       0x16 ./Middlewares/ST/STM32_USB_Device_Library/Core/Src/usbd_ctlreq.o
                0x08002df8                USBD_ParseSetupRequest
 .text.USBD_CtlError
                0x08002e0e       0x16 ./Middlewares/ST/STM32_USB_Device_Library/Core/Src/usbd_ctlreq.o
                0x08002e0e                USBD_CtlError
 .text.USBD_GetString
                0x08002e24       0x38 ./Middlewares/ST/STM32_USB_Device_Library/Core/Src/usbd_ctlreq.o
                0x08002e24                USBD_GetString
 .text.USBD_CtlSendData
                0x08002e5c       0x1a ./Middlewares/ST/STM32_USB_Device_Library/Core/Src/usbd_ioreq.o
                0x08002e5c                USBD_CtlSendData
 .text.USBD_CtlContinueSendData
                0x08002e76       0x10 ./Middlewares/ST/STM32_USB_Device_Library/Core/Src/usbd_ioreq.o
                0x08002e76                USBD_CtlContinueSendData
 .text.USBD_CtlPrepareRx
                0x08002e86       0x1a ./Middlewares/ST/STM32_USB_Device_Library/Core/Src/usbd_ioreq.o
                0x08002e86                USBD_CtlPrepareRx
 .text.USBD_CtlContinueRx
                0x08002ea0       0x10 ./Middlewares/ST/STM32_USB_Device_Library/Core/Src/usbd_ioreq.o
                0x08002ea0                USBD_CtlContinueRx
 .text.USBD_CtlSendStatus
                0x08002eb0       0x16 ./Middlewares/ST/STM32_USB_Device_Library/Core/Src/usbd_ioreq.o
                0x08002eb0                USBD_CtlSendStatus
 .text.USBD_CtlReceiveStatus
                0x08002ec6       0x16 ./Middlewares/ST/STM32_USB_Device_Library/Core/Src/usbd_ioreq.o
                0x08002ec6                USBD_CtlReceiveStatus
 .text.MX_USB_DEVICE_Init
                0x08002edc       0x50 ./USB_DEVICE/App/usb_device.o
                0x08002edc                MX_USB_DEVICE_Init
 .text.CUSTOM_HID_Init_FS
                0x08002f2c        0x4 ./USB_DEVICE/App/usbd_custom_hid_if.o
 .text.CUSTOM_HID_OutEvent_FS
                0x08002f30       0x18 ./USB_DEVICE/App/usbd_custom_hid_if.o
 .text.CUSTOM_HID_DeInit_FS
                0x08002f48        0x4 ./USB_DEVICE/App/usbd_custom_hid_if.o
 .text.USBD_FS_DeviceDescriptor
                0x08002f4c        0xc ./USB_DEVICE/App/usbd_desc.o
                0x08002f4c                USBD_FS_DeviceDescriptor
 .text.USBD_FS_LangIDStrDescriptor
                0x08002f58        0xc ./USB_DEVICE/App/usbd_desc.o
                0x08002f58                USBD_FS_LangIDStrDescriptor
 .text.IntToUnicode
                0x08002f64       0x2a ./USB_DEVICE/App/usbd_desc.o
 *fill*         0x08002f8e        0x2 
 .text.USBD_FS_SerialStrDescriptor
                0x08002f90       0x3c ./USB_DEVICE/App/usbd_desc.o
                0x08002f90                USBD_FS_SerialStrDescriptor
 .text.USBD_FS_ManufacturerStrDescriptor
                0x08002fcc       0x1c ./USB_DEVICE/App/usbd_desc.o
                0x08002fcc                USBD_FS_ManufacturerStrDescriptor
 .text.USBD_FS_ProductStrDescriptor
                0x08002fe8       0x1c ./USB_DEVICE/App/usbd_desc.o
                0x08002fe8                USBD_FS_ProductStrDescriptor
 .text.USBD_FS_ConfigStrDescriptor
                0x08003004       0x1c ./USB_DEVICE/App/usbd_desc.o
                0x08003004                USBD_FS_ConfigStrDescriptor
 .text.USBD_FS_InterfaceStrDescriptor
                0x08003020       0x1c ./USB_DEVICE/App/usbd_desc.o
                0x08003020                USBD_FS_InterfaceStrDescriptor
 .text.HAL_PCD_MspInit
                0x0800303c       0x94 ./USB_DEVICE/Target/usbd_conf.o
                0x0800303c                HAL_PCD_MspInit
 .text.HAL_PCD_SetupStageCallback
                0x080030d0        0xc ./USB_DEVICE/Target/usbd_conf.o
                0x080030d0                HAL_PCD_SetupStageCallback
 .text.HAL_PCD_DataOutStageCallback
                0x080030dc       0x12 ./USB_DEVICE/Target/usbd_conf.o
                0x080030dc                HAL_PCD_DataOutStageCallback
 .text.HAL_PCD_DataInStageCallback
                0x080030ee       0x10 ./USB_DEVICE/Target/usbd_conf.o
                0x080030ee                HAL_PCD_DataInStageCallback
 .text.HAL_PCD_SOFCallback
                0x080030fe        0x8 ./USB_DEVICE/Target/usbd_conf.o
                0x080030fe                HAL_PCD_SOFCallback
 .text.HAL_PCD_ResetCallback
                0x08003106       0x26 ./USB_DEVICE/Target/usbd_conf.o
                0x08003106                HAL_PCD_ResetCallback
 .text.HAL_PCD_SuspendCallback
                0x0800312c       0x30 ./USB_DEVICE/Target/usbd_conf.o
                0x0800312c                HAL_PCD_SuspendCallback
 .text.HAL_PCD_ResumeCallback
                0x0800315c        0x8 ./USB_DEVICE/Target/usbd_conf.o
                0x0800315c                HAL_PCD_ResumeCallback
 .text.HAL_PCD_ISOOUTIncompleteCallback
                0x08003164        0x8 ./USB_DEVICE/Target/usbd_conf.o
                0x08003164                HAL_PCD_ISOOUTIncompleteCallback
 .text.HAL_PCD_ISOINIncompleteCallback
                0x0800316c        0x8 ./USB_DEVICE/Target/usbd_conf.o
                0x0800316c                HAL_PCD_ISOINIncompleteCallback
 .text.HAL_PCD_ConnectCallback
                0x08003174        0x8 ./USB_DEVICE/Target/usbd_conf.o
                0x08003174                HAL_PCD_ConnectCallback
 .text.HAL_PCD_DisconnectCallback
                0x0800317c        0x8 ./USB_DEVICE/Target/usbd_conf.o
                0x0800317c                HAL_PCD_DisconnectCallback
 .text.USBD_LL_Init
                0x08003184       0x5c ./USB_DEVICE/Target/usbd_conf.o
                0x08003184                USBD_LL_Init
 .text.USBD_LL_IsStallEP
                0x080031e0       0x24 ./USB_DEVICE/Target/usbd_conf.o
                0x080031e0                USBD_LL_IsStallEP
 .text.USBD_static_malloc
                0x08003204        0x8 ./USB_DEVICE/Target/usbd_conf.o
                0x08003204                USBD_static_malloc
 .text.USBD_static_free
                0x0800320c        0x2 ./USB_DEVICE/Target/usbd_conf.o
                0x0800320c                USBD_static_free
 .text.USBD_Get_USB_Status
                0x0800320e        0xc ./USB_DEVICE/Target/usbd_conf.o
                0x0800320e                USBD_Get_USB_Status
 .text.USBD_LL_Start
                0x0800321a       0x12 ./USB_DEVICE/Target/usbd_conf.o
                0x0800321a                USBD_LL_Start
 .text.USBD_LL_OpenEP
                0x0800322c       0x18 ./USB_DEVICE/Target/usbd_conf.o
                0x0800322c                USBD_LL_OpenEP
 .text.USBD_LL_CloseEP
                0x08003244       0x12 ./USB_DEVICE/Target/usbd_conf.o
                0x08003244                USBD_LL_CloseEP
 .text.USBD_LL_StallEP
                0x08003256       0x12 ./USB_DEVICE/Target/usbd_conf.o
                0x08003256                USBD_LL_StallEP
 .text.USBD_LL_ClearStallEP
                0x08003268       0x12 ./USB_DEVICE/Target/usbd_conf.o
                0x08003268                USBD_LL_ClearStallEP
 .text.USBD_LL_SetUSBAddress
                0x0800327a       0x12 ./USB_DEVICE/Target/usbd_conf.o
                0x0800327a                USBD_LL_SetUSBAddress
 .text.USBD_LL_Transmit
                0x0800328c       0x12 ./USB_DEVICE/Target/usbd_conf.o
                0x0800328c                USBD_LL_Transmit
 .text.USBD_LL_PrepareReceive
                0x0800329e       0x12 ./USB_DEVICE/Target/usbd_conf.o
                0x0800329e                USBD_LL_PrepareReceive
 .text.memset   0x080032b0       0x10 C:/ST/STM32CubeIDE_1.16.1/STM32CubeIDE/plugins/com.st.stm32cube.ide.mcu.externaltools.gnu-tools-for-stm32.12.3.rel1.win32_1.0.200.202406191623/tools/bin/../lib/gcc/arm-none-eabi/12.3.1/../../../../arm-none-eabi/lib/thumb/v7e-m+fp/hard\libc_nano.a(libc_a-memset.o)
                0x080032b0                memset
 .text.__libc_init_array
                0x080032c0       0x48 C:/ST/STM32CubeIDE_1.16.1/STM32CubeIDE/plugins/com.st.stm32cube.ide.mcu.externaltools.gnu-tools-for-stm32.12.3.rel1.win32_1.0.200.202406191623/tools/bin/../lib/gcc/arm-none-eabi/12.3.1/../../../../arm-none-eabi/lib/thumb/v7e-m+fp/hard\libc_nano.a(libc_a-init.o)
                0x080032c0                __libc_init_array
 *(.glue_7)
 .glue_7        0x08003308        0x0 linker stubs
 *(.glue_7t)
 .glue_7t       0x08003308        0x0 linker stubs
 *(.eh_frame)
 .eh_frame      0x08003308        0x0 C:/ST/STM32CubeIDE_1.16.1/STM32CubeIDE/plugins/com.st.stm32cube.ide.mcu.externaltools.gnu-tools-for-stm32.12.3.rel1.win32_1.0.200.202406191623/tools/bin/../lib/gcc/arm-none-eabi/12.3.1/thumb/v7e-m+fp/hard/crtbegin.o
 *(.init)
 .init          0x08003308        0x4 C:/ST/STM32CubeIDE_1.16.1/STM32CubeIDE/plugins/com.st.stm32cube.ide.mcu.externaltools.gnu-tools-for-stm32.12.3.rel1.win32_1.0.200.202406191623/tools/bin/../lib/gcc/arm-none-eabi/12.3.1/thumb/v7e-m+fp/hard/crti.o
                0x08003308                _init
 .init          0x0800330c        0x8 C:/ST/STM32CubeIDE_1.16.1/STM32CubeIDE/plugins/com.st.stm32cube.ide.mcu.externaltools.gnu-tools-for-stm32.12.3.rel1.win32_1.0.200.202406191623/tools/bin/../lib/gcc/arm-none-eabi/12.3.1/thumb/v7e-m+fp/hard/crtn.o
 *(.fini)
 .fini          0x08003314        0x4 C:/ST/STM32CubeIDE_1.16.1/STM32CubeIDE/plugins/com.st.stm32cube.ide.mcu.externaltools.gnu-tools-for-stm32.12.3.rel1.win32_1.0.200.202406191623/tools/bin/../lib/gcc/arm-none-eabi/12.3.1/thumb/v7e-m+fp/hard/crti.o
                0x08003314                _fini
 .fini          0x08003318        0x8 C:/ST/STM32CubeIDE_1.16.1/STM32CubeIDE/plugins/com.st.stm32cube.ide.mcu.externaltools.gnu-tools-for-stm32.12.3.rel1.win32_1.0.200.202406191623/tools/bin/../lib/gcc/arm-none-eabi/12.3.1/thumb/v7e-m+fp/hard/crtn.o
                0x08003320                        . = ALIGN (0x4)
                0x08003320                        _etext = .

.vfp11_veneer   0x08003320        0x0
 .vfp11_veneer  0x08003320        0x0 linker stubs

.v4_bx          0x08003320        0x0
 .v4_bx         0x08003320        0x0 linker stubs

.iplt           0x08003320        0x0
 .iplt          0x08003320        0x0 C:/ST/STM32CubeIDE_1.16.1/STM32CubeIDE/plugins/com.st.stm32cube.ide.mcu.externaltools.gnu-tools-for-stm32.12.3.rel1.win32_1.0.200.202406191623/tools/bin/../lib/gcc/arm-none-eabi/12.3.1/thumb/v7e-m+fp/hard/crtbegin.o

.rodata         0x08003320       0x68
                0x08003320                        . = ALIGN (0x4)
 *(.rodata)
 *(.rodata*)
 .rodata.AHBPrescTable
                0x08003320       0x10 ./Core/Src/system_stm32f4xx.o
                0x08003320                AHBPrescTable
 .rodata.USBD_FS_ManufacturerStrDescriptor.str1.1
                0x08003330       0x13 ./USB_DEVICE/App/usbd_desc.o
 .rodata.USBD_FS_ProductStrDescriptor.str1.1
                0x08003343       0x1d ./USB_DEVICE/App/usbd_desc.o
 .rodata.USBD_FS_ConfigStrDescriptor.str1.1
                0x08003360       0x12 ./USB_DEVICE/App/usbd_desc.o
 .rodata.USBD_FS_InterfaceStrDescriptor.str1.1
                0x08003372       0x15 ./USB_DEVICE/App/usbd_desc.o
                0x08003388                        . = ALIGN (0x4)
 *fill*         0x08003387        0x1 

.ARM.extab      0x08003388        0x0
                0x08003388                        . = ALIGN (0x4)
 *(.ARM.extab* .gnu.linkonce.armextab.*)
                0x08003388                        . = ALIGN (0x4)

.ARM            0x08003388        0x8
                0x08003388                        . = ALIGN (0x4)
                0x08003388                        __exidx_start = .
 *(.ARM.exidx*)
 .ARM.exidx     0x08003388        0x8 C:/ST/STM32CubeIDE_1.16.1/STM32CubeIDE/plugins/com.st.stm32cube.ide.mcu.externaltools.gnu-tools-for-stm32.12.3.rel1.win32_1.0.200.202406191623/tools/bin/../lib/gcc/arm-none-eabi/12.3.1/../../../../arm-none-eabi/lib/thumb/v7e-m+fp/hard\libc_nano.a(libc_a-strlen.o)
 .ARM.exidx     0x08003390        0x0 C:/ST/STM32CubeIDE_1.16.1/STM32CubeIDE/plugins/com.st.stm32cube.ide.mcu.externaltools.gnu-tools-for-stm32.12.3.rel1.win32_1.0.200.202406191623/tools/bin/../lib/gcc/arm-none-eabi/12.3.1/thumb/v7e-m+fp/hard\libgcc.a(_udivmoddi4.o)
                                  0x8 (size before relaxing)
                0x08003390                        __exidx_end = .
                0x08003390                        . = ALIGN (0x4)

.preinit_array  0x08003390        0x0
                0x08003390                        . = ALIGN (0x4)
                0x08003390                        PROVIDE (__preinit_array_start = .)
 *(.preinit_array*)
                0x08003390                        PROVIDE (__preinit_array_end = .)
                0x08003390                        . = ALIGN (0x4)

.init_array     0x08003390        0x4
                0x08003390                        . = ALIGN (0x4)
                0x08003390                        PROVIDE (__init_array_start = .)
 *(SORT_BY_NAME(.init_array.*))
 *(.init_array*)
 .init_array    0x08003390        0x4 C:/ST/STM32CubeIDE_1.16.1/STM32CubeIDE/plugins/com.st.stm32cube.ide.mcu.externaltools.gnu-tools-for-stm32.12.3.rel1.win32_1.0.200.202406191623/tools/bin/../lib/gcc/arm-none-eabi/12.3.1/thumb/v7e-m+fp/hard/crtbegin.o
                0x08003394                        PROVIDE (__init_array_end = .)
                0x08003394                        . = ALIGN (0x4)

.fini_array     0x08003394        0x4
                0x08003394                        . = ALIGN (0x4)
                [!provide]                        PROVIDE (__fini_array_start = .)
 *(SORT_BY_NAME(.fini_array.*))
 *(.fini_array*)
 .fini_array    0x08003394        0x4 C:/ST/STM32CubeIDE_1.16.1/STM32CubeIDE/plugins/com.st.stm32cube.ide.mcu.externaltools.gnu-tools-for-stm32.12.3.rel1.win32_1.0.200.202406191623/tools/bin/../lib/gcc/arm-none-eabi/12.3.1/thumb/v7e-m+fp/hard/crtbegin.o
                [!provide]                        PROVIDE (__fini_array_end = .)
                0x08003398                        . = ALIGN (0x4)
                0x08003398                        _sidata = LOADADDR (.data)

.rel.dyn        0x08003398        0x0
 .rel.iplt      0x08003398        0x0 C:/ST/STM32CubeIDE_1.16.1/STM32CubeIDE/plugins/com.st.stm32cube.ide.mcu.externaltools.gnu-tools-for-stm32.12.3.rel1.win32_1.0.200.202406191623/tools/bin/../lib/gcc/arm-none-eabi/12.3.1/thumb/v7e-m+fp/hard/crtbegin.o

.data           0x20000000       0xec load address 0x08003398
                0x20000000                        . = ALIGN (0x4)
                0x20000000                        _sdata = .
 *(.data)
 *(.data*)
 .data.SystemCoreClock
                0x20000000        0x4 ./Core/Src/system_stm32f4xx.o
                0x20000000                SystemCoreClock
 .data.uwTickFreq
                0x20000004        0x1 ./Drivers/STM32F4xx_HAL_Driver/Src/stm32f4xx_hal.o
                0x20000004                uwTickFreq
 *fill*         0x20000005        0x3 
 .data.uwTickPrio
                0x20000008        0x4 ./Drivers/STM32F4xx_HAL_Driver/Src/stm32f4xx_hal.o
                0x20000008                uwTickPrio
 .data.USBD_CUSTOM_HID_DeviceQualifierDesc
                0x2000000c        0xa ./Middlewares/ST/STM32_USB_Device_Library/Class/CustomHID/Src/usbd_customhid.o
 *fill*         0x20000016        0x2 
 .data.USBD_CUSTOM_HID_Desc
                0x20000018        0x9 ./Middlewares/ST/STM32_USB_Device_Library/Class/CustomHID/Src/usbd_customhid.o
 *fill*         0x20000021        0x3 
 .data.USBD_CUSTOM_HID_CfgDesc
                0x20000024       0x29 ./Middlewares/ST/STM32_USB_Device_Library/Class/CustomHID/Src/usbd_customhid.o
 *fill*         0x2000004d        0x3 
 .data.USBD_CUSTOM_HID
                0x20000050       0x38 ./Middlewares/ST/STM32_USB_Device_Library/Class/CustomHID/Src/usbd_customhid.o
                0x20000050                USBD_CUSTOM_HID
 .data.USBD_CustomHID_fops_FS
                0x20000088       0x10 ./USB_DEVICE/App/usbd_custom_hid_if.o
                0x20000088                USBD_CustomHID_fops_FS
 .data.CUSTOM_HID_ReportDesc_FS
                0x20000098        0x2 ./USB_DEVICE/App/usbd_custom_hid_if.o
 *fill*         0x2000009a        0x2 
 .data.USBD_StringSerial
                0x2000009c       0x1a ./USB_DEVICE/App/usbd_desc.o
                0x2000009c                USBD_StringSerial
 *fill*         0x200000b6        0x2 
 .data.USBD_LangIDDesc
                0x200000b8        0x4 ./USB_DEVICE/App/usbd_desc.o
                0x200000b8                USBD_LangIDDesc
 .data.USBD_FS_DeviceDesc
                0x200000bc       0x12 ./USB_DEVICE/App/usbd_desc.o
                0x200000bc                USBD_FS_DeviceDesc
 *fill*         0x200000ce        0x2 
 .data.FS_Desc  0x200000d0       0x1c ./USB_DEVICE/App/usbd_desc.o
                0x200000d0                FS_Desc
 *(.RamFunc)
 *(.RamFunc*)
                0x200000ec                        . = ALIGN (0x4)
                0x200000ec                        _edata = .
                0x08003484                        _siccmram = LOADADDR (.ccmram)

.igot.plt       0x200000ec        0x0 load address 0x08003484
 .igot.plt      0x200000ec        0x0 C:/ST/STM32CubeIDE_1.16.1/STM32CubeIDE/plugins/com.st.stm32cube.ide.mcu.externaltools.gnu-tools-for-stm32.12.3.rel1.win32_1.0.200.202406191623/tools/bin/../lib/gcc/arm-none-eabi/12.3.1/thumb/v7e-m+fp/hard/crtbegin.o

.ccmram         0x10000000        0x0 load address 0x08003484
                0x10000000                        . = ALIGN (0x4)
                0x10000000                        _sccmram = .
 *(.ccmram)
 *(.ccmram*)
                0x10000000                        . = ALIGN (0x4)
                0x10000000                        _eccmram = .
                0x10000000                        . = ALIGN (0x4)

.bss            0x200000ec      0xa00
                0x200000ec                        _sbss = .
                0x200000ec                        __bss_start__ = _sbss
 *(.bss)
 .bss           0x200000ec       0x1c C:/ST/STM32CubeIDE_1.16.1/STM32CubeIDE/plugins/com.st.stm32cube.ide.mcu.externaltools.gnu-tools-for-stm32.12.3.rel1.win32_1.0.200.202406191623/tools/bin/../lib/gcc/arm-none-eabi/12.3.1/thumb/v7e-m+fp/hard/crtbegin.o
 *(.bss*)
 .bss.uwTick    0x20000108        0x4 ./Drivers/STM32F4xx_HAL_Driver/Src/stm32f4xx_hal.o
                0x20000108                uwTick
 .bss.cfgidx.0  0x2000010c        0x1 ./Middlewares/ST/STM32_USB_Device_Library/Core/Src/usbd_ctlreq.o
 *fill*         0x2000010d        0x3 
 .bss.hUsbDeviceFS
                0x20000110      0x2dc ./USB_DEVICE/App/usb_device.o
                0x20000110                hUsbDeviceFS
 .bss.USBD_StrDesc
                0x200003ec      0x200 ./USB_DEVICE/App/usbd_desc.o
                0x200003ec                USBD_StrDesc
 .bss.mem.0     0x200005ec       0x1c ./USB_DEVICE/Target/usbd_conf.o
 .bss.hpcd_USB_OTG_FS
                0x20000608      0x4e4 ./USB_DEVICE/Target/usbd_conf.o
                0x20000608                hpcd_USB_OTG_FS
 *(COMMON)
                0x20000aec                        . = ALIGN (0x4)
                0x20000aec                        _ebss = .
                0x20000aec                        __bss_end__ = _ebss

._user_heap_stack
                0x20000aec      0x604
                0x20000af0                        . = ALIGN (0x8)
 *fill*         0x20000aec        0x4 
                [!provide]                        PROVIDE (end = .)
                0x20000af0                        PROVIDE (_end = .)
                0x20000cf0                        . = (. + _Min_Heap_Size)
 *fill*         0x20000af0      0x200 
                0x200010f0                        . = (. + _Min_Stack_Size)
 *fill*         0x20000cf0      0x400 
                0x200010f0                        . = ALIGN (0x8)

/DISCARD/
 libc.a(*)
 libm.a(*)
 libgcc.a(*)

.ARM.attributes
                0x00000000       0x30
 *(.ARM.attributes)
 .ARM.attributes
                0x00000000       0x22 C:/ST/STM32CubeIDE_1.16.1/STM32CubeIDE/plugins/com.st.stm32cube.ide.mcu.externaltools.gnu-tools-for-stm32.12.3.rel1.win32_1.0.200.202406191623/tools/bin/../lib/gcc/arm-none-eabi/12.3.1/thumb/v7e-m+fp/hard/crti.o
 .ARM.attributes
                0x00000022       0x34 C:/ST/STM32CubeIDE_1.16.1/STM32CubeIDE/plugins/com.st.stm32cube.ide.mcu.externaltools.gnu-tools-for-stm32.12.3.rel1.win32_1.0.200.202406191623/tools/bin/../lib/gcc/arm-none-eabi/12.3.1/thumb/v7e-m+fp/hard/crtbegin.o
 .ARM.attributes
                0x00000056       0x34 ./Core/Src/gpio.o
 .ARM.attributes
                0x0000008a       0x34 ./Core/Src/main.o
 .ARM.attributes
                0x000000be       0x34 ./Core/Src/stm32f4xx_hal_msp.o
 .ARM.attributes
                0x000000f2       0x34 ./Core/Src/stm32f4xx_it.o
 .ARM.attributes
                0x00000126       0x34 ./Core/Src/system_stm32f4xx.o
 .ARM.attributes
                0x0000015a       0x21 ./Core/Startup/startup_stm32f407vgtx.o
 .ARM.attributes
                0x0000017b       0x34 ./Drivers/STM32F4xx_HAL_Driver/Src/stm32f4xx_hal.o
 .ARM.attributes
                0x000001af       0x34 ./Drivers/STM32F4xx_HAL_Driver/Src/stm32f4xx_hal_cortex.o
 .ARM.attributes
                0x000001e3       0x34 ./Drivers/STM32F4xx_HAL_Driver/Src/stm32f4xx_hal_gpio.o
 .ARM.attributes
                0x00000217       0x34 ./Drivers/STM32F4xx_HAL_Driver/Src/stm32f4xx_hal_pcd.o
 .ARM.attributes
                0x0000024b       0x34 ./Drivers/STM32F4xx_HAL_Driver/Src/stm32f4xx_hal_pcd_ex.o
 .ARM.attributes
                0x0000027f       0x34 ./Drivers/STM32F4xx_HAL_Driver/Src/stm32f4xx_hal_rcc.o
 .ARM.attributes
                0x000002b3       0x34 ./Drivers/STM32F4xx_HAL_Driver/Src/stm32f4xx_ll_usb.o
 .ARM.attributes
                0x000002e7       0x34 ./Middlewares/ST/STM32_USB_Device_Library/Class/CustomHID/Src/usbd_customhid.o
 .ARM.attributes
                0x0000031b       0x34 ./Middlewares/ST/STM32_USB_Device_Library/Core/Src/usbd_core.o
 .ARM.attributes
                0x0000034f       0x34 ./Middlewares/ST/STM32_USB_Device_Library/Core/Src/usbd_ctlreq.o
 .ARM.attributes
                0x00000383       0x34 ./Middlewares/ST/STM32_USB_Device_Library/Core/Src/usbd_ioreq.o
 .ARM.attributes
                0x000003b7       0x34 ./USB_DEVICE/App/usb_device.o
 .ARM.attributes
                0x000003eb       0x34 ./USB_DEVICE/App/usbd_custom_hid_if.o
 .ARM.attributes
                0x0000041f       0x34 ./USB_DEVICE/App/usbd_desc.o
 .ARM.attributes
                0x00000453       0x34 ./USB_DEVICE/Target/usbd_conf.o
 .ARM.attributes
                0x00000487       0x34 C:/ST/STM32CubeIDE_1.16.1/STM32CubeIDE/plugins/com.st.stm32cube.ide.mcu.externaltools.gnu-tools-for-stm32.12.3.rel1.win32_1.0.200.202406191623/tools/bin/../lib/gcc/arm-none-eabi/12.3.1/../../../../arm-none-eabi/lib/thumb/v7e-m+fp/hard\libc_nano.a(libc_a-memset.o)
 .ARM.attributes
                0x000004bb       0x34 C:/ST/STM32CubeIDE_1.16.1/STM32CubeIDE/plugins/com.st.stm32cube.ide.mcu.externaltools.gnu-tools-for-stm32.12.3.rel1.win32_1.0.200.202406191623/tools/bin/../lib/gcc/arm-none-eabi/12.3.1/../../../../arm-none-eabi/lib/thumb/v7e-m+fp/hard\libc_nano.a(libc_a-init.o)
 .ARM.attributes
                0x000004ef       0x17 C:/ST/STM32CubeIDE_1.16.1/STM32CubeIDE/plugins/com.st.stm32cube.ide.mcu.externaltools.gnu-tools-for-stm32.12.3.rel1.win32_1.0.200.202406191623/tools/bin/../lib/gcc/arm-none-eabi/12.3.1/../../../../arm-none-eabi/lib/thumb/v7e-m+fp/hard\libc_nano.a(libc_a-strlen.o)
 .ARM.attributes
                0x00000506       0x22 C:/ST/STM32CubeIDE_1.16.1/STM32CubeIDE/plugins/com.st.stm32cube.ide.mcu.externaltools.gnu-tools-for-stm32.12.3.rel1.win32_1.0.200.202406191623/tools/bin/../lib/gcc/arm-none-eabi/12.3.1/thumb/v7e-m+fp/hard\libgcc.a(_aeabi_uldivmod.o)
 .ARM.attributes
                0x00000528       0x34 C:/ST/STM32CubeIDE_1.16.1/STM32CubeIDE/plugins/com.st.stm32cube.ide.mcu.externaltools.gnu-tools-for-stm32.12.3.rel1.win32_1.0.200.202406191623/tools/bin/../lib/gcc/arm-none-eabi/12.3.1/thumb/v7e-m+fp/hard\libgcc.a(_udivmoddi4.o)
 .ARM.attributes
                0x0000055c       0x22 C:/ST/STM32CubeIDE_1.16.1/STM32CubeIDE/plugins/com.st.stm32cube.ide.mcu.externaltools.gnu-tools-for-stm32.12.3.rel1.win32_1.0.200.202406191623/tools/bin/../lib/gcc/arm-none-eabi/12.3.1/thumb/v7e-m+fp/hard\libgcc.a(_dvmd_tls.o)
 .ARM.attributes
                0x0000057e       0x22 C:/ST/STM32CubeIDE_1.16.1/STM32CubeIDE/plugins/com.st.stm32cube.ide.mcu.externaltools.gnu-tools-for-stm32.12.3.rel1.win32_1.0.200.202406191623/tools/bin/../lib/gcc/arm-none-eabi/12.3.1/thumb/v7e-m+fp/hard/crtn.o
OUTPUT(Praca-Inzynierksa-STM32.elf elf32-littlearm)
LOAD linker stubs
LOAD C:/ST/STM32CubeIDE_1.16.1/STM32CubeIDE/plugins/com.st.stm32cube.ide.mcu.externaltools.gnu-tools-for-stm32.12.3.rel1.win32_1.0.200.202406191623/tools/bin/../lib/gcc/arm-none-eabi/12.3.1/../../../../arm-none-eabi/lib/thumb/v7e-m+fp/hard\libc.a
LOAD C:/ST/STM32CubeIDE_1.16.1/STM32CubeIDE/plugins/com.st.stm32cube.ide.mcu.externaltools.gnu-tools-for-stm32.12.3.rel1.win32_1.0.200.202406191623/tools/bin/../lib/gcc/arm-none-eabi/12.3.1/../../../../arm-none-eabi/lib/thumb/v7e-m+fp/hard\libm.a
LOAD C:/ST/STM32CubeIDE_1.16.1/STM32CubeIDE/plugins/com.st.stm32cube.ide.mcu.externaltools.gnu-tools-for-stm32.12.3.rel1.win32_1.0.200.202406191623/tools/bin/../lib/gcc/arm-none-eabi/12.3.1/thumb/v7e-m+fp/hard\libgcc.a

.comment        0x00000000       0x43
 .comment       0x00000000       0x43 ./Core/Src/gpio.o
                                 0x44 (size before relaxing)
 .comment       0x00000043       0x44 ./Core/Src/main.o
 .comment       0x00000043       0x44 ./Core/Src/stm32f4xx_hal_msp.o
 .comment       0x00000043       0x44 ./Core/Src/stm32f4xx_it.o
 .comment       0x00000043       0x44 ./Core/Src/system_stm32f4xx.o
 .comment       0x00000043       0x44 ./Drivers/STM32F4xx_HAL_Driver/Src/stm32f4xx_hal.o
 .comment       0x00000043       0x44 ./Drivers/STM32F4xx_HAL_Driver/Src/stm32f4xx_hal_cortex.o
 .comment       0x00000043       0x44 ./Drivers/STM32F4xx_HAL_Driver/Src/stm32f4xx_hal_gpio.o
 .comment       0x00000043       0x44 ./Drivers/STM32F4xx_HAL_Driver/Src/stm32f4xx_hal_pcd.o
 .comment       0x00000043       0x44 ./Drivers/STM32F4xx_HAL_Driver/Src/stm32f4xx_hal_pcd_ex.o
 .comment       0x00000043       0x44 ./Drivers/STM32F4xx_HAL_Driver/Src/stm32f4xx_hal_rcc.o
 .comment       0x00000043       0x44 ./Drivers/STM32F4xx_HAL_Driver/Src/stm32f4xx_ll_usb.o
 .comment       0x00000043       0x44 ./Middlewares/ST/STM32_USB_Device_Library/Class/CustomHID/Src/usbd_customhid.o
 .comment       0x00000043       0x44 ./Middlewares/ST/STM32_USB_Device_Library/Core/Src/usbd_core.o
 .comment       0x00000043       0x44 ./Middlewares/ST/STM32_USB_Device_Library/Core/Src/usbd_ctlreq.o
 .comment       0x00000043       0x44 ./Middlewares/ST/STM32_USB_Device_Library/Core/Src/usbd_ioreq.o
 .comment       0x00000043       0x44 ./USB_DEVICE/App/usb_device.o
 .comment       0x00000043       0x44 ./USB_DEVICE/App/usbd_custom_hid_if.o
 .comment       0x00000043       0x44 ./USB_DEVICE/App/usbd_desc.o
 .comment       0x00000043       0x44 ./USB_DEVICE/Target/usbd_conf.o

.debug_frame    0x00000000       0xac
 .debug_frame   0x00000000       0x20 C:/ST/STM32CubeIDE_1.16.1/STM32CubeIDE/plugins/com.st.stm32cube.ide.mcu.externaltools.gnu-tools-for-stm32.12.3.rel1.win32_1.0.200.202406191623/tools/bin/../lib/gcc/arm-none-eabi/12.3.1/../../../../arm-none-eabi/lib/thumb/v7e-m+fp/hard\libc_nano.a(libc_a-memset.o)
 .debug_frame   0x00000020       0x2c C:/ST/STM32CubeIDE_1.16.1/STM32CubeIDE/plugins/com.st.stm32cube.ide.mcu.externaltools.gnu-tools-for-stm32.12.3.rel1.win32_1.0.200.202406191623/tools/bin/../lib/gcc/arm-none-eabi/12.3.1/../../../../arm-none-eabi/lib/thumb/v7e-m+fp/hard\libc_nano.a(libc_a-init.o)
 .debug_frame   0x0000004c       0x2c C:/ST/STM32CubeIDE_1.16.1/STM32CubeIDE/plugins/com.st.stm32cube.ide.mcu.externaltools.gnu-tools-for-stm32.12.3.rel1.win32_1.0.200.202406191623/tools/bin/../lib/gcc/arm-none-eabi/12.3.1/thumb/v7e-m+fp/hard\libgcc.a(_aeabi_uldivmod.o)
 .debug_frame   0x00000078       0x34 C:/ST/STM32CubeIDE_1.16.1/STM32CubeIDE/plugins/com.st.stm32cube.ide.mcu.externaltools.gnu-tools-for-stm32.12.3.rel1.win32_1.0.200.202406191623/tools/bin/../lib/gcc/arm-none-eabi/12.3.1/thumb/v7e-m+fp/hard\libgcc.a(_udivmoddi4.o)
